Using pre-set license
Built from '2022.3/staging' branch; Version is '2022.3.11f1 (d00248457e15) revision 13632072'; Using compiler version '192829333'; Build Type 'Release'
OS: 'Windows 11  (10.0.22000) 64bit CoreSingleLanguage' Language: 'ru' Physical Memory: 15715 MB
BatchMode: 1, IsHumanControllingUs: 0, StartBugReporterOnCrash: 0, Is64bit: 1, IsPro: 1

COMMAND LINE ARGUMENTS:
C:\Program Files\Unity\Hub\Editor\2022.3.11f1\Editor\Unity.exe
-adb2
-batchMode
-noUpm
-name
AssetImportWorker13
-projectPath
C:/Users/dimpr/Documents/GitHub/Emit-the-Cycle-Story
-logFile
Logs/AssetImportWorker13.log
-srvPort
49993
Successfully changed project path to: C:/Users/dimpr/Documents/GitHub/Emit-the-Cycle-Story
C:/Users/dimpr/Documents/GitHub/Emit-the-Cycle-Story
[UnityMemory] Configuration Parameters - Can be set up in boot.config
    "memorysetup-bucket-allocator-granularity=16"
    "memorysetup-bucket-allocator-bucket-count=8"
    "memorysetup-bucket-allocator-block-size=33554432"
    "memorysetup-bucket-allocator-block-count=8"
    "memorysetup-main-allocator-block-size=16777216"
    "memorysetup-thread-allocator-block-size=16777216"
    "memorysetup-gfx-main-allocator-block-size=16777216"
    "memorysetup-gfx-thread-allocator-block-size=16777216"
    "memorysetup-cache-allocator-block-size=4194304"
    "memorysetup-typetree-allocator-block-size=2097152"
    "memorysetup-profiler-bucket-allocator-granularity=16"
    "memorysetup-profiler-bucket-allocator-bucket-count=8"
    "memorysetup-profiler-bucket-allocator-block-size=33554432"
    "memorysetup-profiler-bucket-allocator-block-count=8"
    "memorysetup-profiler-allocator-block-size=16777216"
    "memorysetup-profiler-editor-allocator-block-size=1048576"
    "memorysetup-temp-allocator-size-main=16777216"
    "memorysetup-job-temp-allocator-block-size=2097152"
    "memorysetup-job-temp-allocator-block-size-background=1048576"
    "memorysetup-job-temp-allocator-reduction-small-platforms=262144"
    "memorysetup-allocator-temp-initial-block-size-main=262144"
    "memorysetup-allocator-temp-initial-block-size-worker=262144"
    "memorysetup-temp-allocator-size-background-worker=32768"
    "memorysetup-temp-allocator-size-job-worker=262144"
    "memorysetup-temp-allocator-size-preload-manager=33554432"
    "memorysetup-temp-allocator-size-nav-mesh-worker=65536"
    "memorysetup-temp-allocator-size-audio-worker=65536"
    "memorysetup-temp-allocator-size-cloud-worker=32768"
    "memorysetup-temp-allocator-size-gi-baking-worker=262144"
    "memorysetup-temp-allocator-size-gfx=262144"
Player connection [6140] Host "[IP] 192.168.0.107 [Port] 0 [Flags] 2 [Guid] 2552064948 [EditorId] 2552064948 [Version] 1048832 [Id] WindowsEditor(7,LAPTOP-5U3T1134) [Debug] 1 [PackageName] WindowsEditor [ProjectName] Editor" joined multi-casting on [225.0.0.222:54997]...

Player connection [6140] Host "[IP] 192.168.0.107 [Port] 0 [Flags] 2 [Guid] 2552064948 [EditorId] 2552064948 [Version] 1048832 [Id] WindowsEditor(7,LAPTOP-5U3T1134) [Debug] 1 [PackageName] WindowsEditor [ProjectName] Editor" joined alternative multi-casting on [225.0.0.222:34997]...

[Physics::Module] Initialized MultithreadedJobDispatcher with 11 workers.
Refreshing native plugins compatible for Editor in 12.75 ms, found 3 plugins.
Preloading 0 native plugins for Editor in 0.00 ms.
Initialize engine version: 2022.3.11f1 (d00248457e15)
[Subsystems] Discovering subsystems at path C:/Program Files/Unity/Hub/Editor/2022.3.11f1/Editor/Data/Resources/UnitySubsystems
[Subsystems] Discovering subsystems at path C:/Users/dimpr/Documents/GitHub/Emit-the-Cycle-Story/Assets
GfxDevice: creating device client; threaded=0; jobified=0
Direct3D:
    Version:  Direct3D 11.0 [level 11.1]
    Renderer: NVIDIA GeForce RTX 3060 Laptop GPU (ID=0x2520)
    Vendor:   NVIDIA
    VRAM:     6010 MB
    Driver:   31.0.15.4584
Initialize mono
Mono path[0] = 'C:/Program Files/Unity/Hub/Editor/2022.3.11f1/Editor/Data/Managed'
Mono path[1] = 'C:/Program Files/Unity/Hub/Editor/2022.3.11f1/Editor/Data/MonoBleedingEdge/lib/mono/unityjit-win32'
Mono config path = 'C:/Program Files/Unity/Hub/Editor/2022.3.11f1/Editor/Data/MonoBleedingEdge/etc'
Using monoOptions --debugger-agent=transport=dt_socket,embedding=1,server=y,suspend=n,address=127.0.0.1:56964
Begin MonoManager ReloadAssembly
Registering precompiled unity dll's ...
Register platform support module: C:/Program Files/Unity/Hub/Editor/2022.3.11f1/Editor/Data/PlaybackEngines/AndroidPlayer/UnityEditor.Android.Extensions.dll
Register platform support module: C:/Program Files/Unity/Hub/Editor/2022.3.11f1/Editor/Data/PlaybackEngines/WindowsStandaloneSupport/UnityEditor.WindowsStandalone.Extensions.dll
Registered in 0.008953 seconds.
- Loaded All Assemblies, in  0.412 seconds
Native extension for WindowsStandalone target not found
Native extension for Android target not found
Android Extension - Scanning For ADB Devices 258 ms
Mono: successfully reloaded assembly
- Finished resetting the current domain, in  0.622 seconds
Domain Reload Profiling: 1032ms
	BeginReloadAssembly (130ms)
		ExecutionOrderSort (0ms)
		DisableScriptedObjects (0ms)
		BackupInstance (0ms)
		ReleaseScriptingObjects (0ms)
		CreateAndSetChildDomain (1ms)
	RebuildCommonClasses (40ms)
	RebuildNativeTypeToScriptingClass (11ms)
	initialDomainReloadingComplete (73ms)
	LoadAllAssembliesAndSetupDomain (156ms)
		LoadAssemblies (128ms)
		RebuildTransferFunctionScriptingTraits (0ms)
		AnalyzeDomain (153ms)
			TypeCache.Refresh (151ms)
				TypeCache.ScanAssembly (138ms)
			ScanForSourceGeneratedMonoScriptInfo (0ms)
			ResolveRequiredComponents (1ms)
	FinalizeReload (623ms)
		ReleaseScriptCaches (0ms)
		RebuildScriptCaches (0ms)
		SetupLoadedEditorAssemblies (555ms)
			LogAssemblyErrors (0ms)
			InitializePlatformSupportModulesInManaged (377ms)
			SetLoadedEditorAssemblies (5ms)
			RefreshPlugins (0ms)
			BeforeProcessingInitializeOnLoad (2ms)
			ProcessInitializeOnLoadAttributes (116ms)
			ProcessInitializeOnLoadMethodAttributes (54ms)
			AfterProcessingInitializeOnLoad (0ms)
			EditorAssembliesLoaded (0ms)
		ExecutionOrderSort2 (0ms)
		AwakeInstancesAfterBackupRestoration (0ms)
========================================================================
Worker process is ready to serve import requests
Begin MonoManager ReloadAssembly
Symbol file LoadedFromMemory is not a mono symbol file
- Loaded All Assemblies, in  0.782 seconds
Refreshing native plugins compatible for Editor in 4.46 ms, found 3 plugins.
Native extension for WindowsStandalone target not found
Native extension for Android target not found
Package Manager log level set to [2]
[Package Manager] Server::EnsureServerProcessIsRunning -- launch failed, reason: Unity was launched with the -noUpm command-line argument
[Package Manager] UpmClient::Send -- Unable to send message (not connected to UPM process).
[Package Manager] Cannot connect to Unity Package Manager local server
Mono: successfully reloaded assembly
- Finished resetting the current domain, in  0.847 seconds
Domain Reload Profiling: 1625ms
	BeginReloadAssembly (175ms)
		ExecutionOrderSort (0ms)
		DisableScriptedObjects (8ms)
		BackupInstance (0ms)
		ReleaseScriptingObjects (0ms)
		CreateAndSetChildDomain (23ms)
	RebuildCommonClasses (39ms)
	RebuildNativeTypeToScriptingClass (11ms)
	initialDomainReloadingComplete (34ms)
	LoadAllAssembliesAndSetupDomain (518ms)
		LoadAssemblies (373ms)
		RebuildTransferFunctionScriptingTraits (0ms)
		AnalyzeDomain (240ms)
			TypeCache.Refresh (214ms)
				TypeCache.ScanAssembly (189ms)
			ScanForSourceGeneratedMonoScriptInfo (18ms)
			ResolveRequiredComponents (6ms)
	FinalizeReload (848ms)
		ReleaseScriptCaches (0ms)
		RebuildScriptCaches (0ms)
		SetupLoadedEditorAssemblies (665ms)
			LogAssemblyErrors (0ms)
			InitializePlatformSupportModulesInManaged (27ms)
			SetLoadedEditorAssemblies (5ms)
			RefreshPlugins (0ms)
			BeforeProcessingInitializeOnLoad (90ms)
			ProcessInitializeOnLoadAttributes (510ms)
			ProcessInitializeOnLoadMethodAttributes (24ms)
			AfterProcessingInitializeOnLoad (8ms)
			EditorAssembliesLoaded (0ms)
		ExecutionOrderSort2 (0ms)
		AwakeInstancesAfterBackupRestoration (7ms)
Launched and connected shader compiler UnityShaderCompiler.exe after 0.05 seconds
Refreshing native plugins compatible for Editor in 4.76 ms, found 3 plugins.
Preloading 0 native plugins for Editor in 0.00 ms.
Unloading 3865 Unused Serialized files (Serialized files now loaded: 0)
Unloading 66 unused Assets / (1.4 MB). Loaded Objects now: 4326.
Memory consumption went from 170.2 MB to 168.9 MB.
Total: 3.577100 ms (FindLiveObjects: 0.269500 ms CreateObjectMapping: 0.118300 ms MarkObjects: 2.852400 ms  DeleteObjects: 0.336300 ms)

AssetImportParameters requested are different than current active one (requested -> active):
  custom:container-demuxer-ogg: 62fdf1f143b41e24485cea50d1cbac27 -> 
  custom:video-codec-MediaFoundation-h265: 746d11721c4dcdbdad8f713fa42b33f4 -> 
  custom:video-decoder-ogg-theora: a1e56fd34408186e4bbccfd4996cb3dc -> 
  custom:framework-win-MediaFoundation: 216162199b28c13a410421893ffa2e32 -> 
  custom:CustomObjectIndexerAttribute: 756ad292c208cfabdd7b50bc23989ffe -> 
  custom:container-demuxer-webm: 4f35f7cbe854078d1ac9338744f61a02 -> 
  custom:container-muxer-webm: aa71ff27fc2769a1b78a27578f13a17b -> 
  custom:video-decoder-webm-vp8: 9c59270c3fd7afecdb556c50c9e8de78 -> 
  custom:SearchIndexIgnoredProperties: e643bd26f0fe6173181afceb89e7c659 -> 
  custom:AudioImporter_EditorPlatform: d09bf68614088b80899f8185d706f6e7 -> 
  custom:video-encoder-webm-vp8: eb34c28f22e8b96e1ab97ce403110664 -> 
  custom:audio-decoder-ogg-vorbis: bf7c407c2cedff20999df2af8eb42d56 -> 
  custom:audio-encoder-webm-vorbis: bf7c407c2cedff20999df2af8eb42d56 -> 
  custom:scripting/monoscript/fileName/SimpleCameraController.cs: 9d5e45e836538af465ffb763b138c221 -> 639b45e76fa5fda920a92b90c69d9e74
========================================================================
Received Import Request.
  Time since last request: 9083.857346 seconds.
  path: Assets/Visual/Animation/Universal_Traversal_Anims/Art/Animations/Traversal_Movement_WallRun_Left_End.fbx
  artifactKey: Guid(a85328236c3cd574697626bca0e443de) Importer(815301076,1909f56bfc062723c751e8b465ee728b)
Start importing Assets/Visual/Animation/Universal_Traversal_Anims/Art/Animations/Traversal_Movement_WallRun_Left_End.fbx using Guid(a85328236c3cd574697626bca0e443de) Importer(815301076,1909f56bfc062723c751e8b465ee728b)  -> (artifact id: '5d5f0ffab4b4b283601e6f17631c0205') in 0.040234 seconds
Number of updated asset objects reloaded before import = 0
Number of asset objects unloaded after import = 139
========================================================================
Received Import Request.
  Time since last request: 0.000021 seconds.
  path: Assets/Visual/Animation/Universal_Traversal_Anims/Art/Animations/Traversal_Pole_Climb_SlideDown_Loop.fbx
  artifactKey: Guid(3e19a62e9e4af354fa3ea07371d8ae4d) Importer(815301076,1909f56bfc062723c751e8b465ee728b)
Start importing Assets/Visual/Animation/Universal_Traversal_Anims/Art/Animations/Traversal_Pole_Climb_SlideDown_Loop.fbx using Guid(3e19a62e9e4af354fa3ea07371d8ae4d) Importer(815301076,1909f56bfc062723c751e8b465ee728b)  -> (artifact id: '85c79457001fa3687eb131df487e0ad5') in 0.006629 seconds
Number of updated asset objects reloaded before import = 0
Number of asset objects unloaded after import = 139
========================================================================
Received Import Request.
  Time since last request: 0.000016 seconds.
  path: Assets/Visual/Animation/Universal_Traversal_Anims/Art/Animations/Traversal_Platform_StepAcross.fbx
  artifactKey: Guid(5cebd0756cbf60d4cad955a2529cda30) Importer(815301076,1909f56bfc062723c751e8b465ee728b)
Start importing Assets/Visual/Animation/Universal_Traversal_Anims/Art/Animations/Traversal_Platform_StepAcross.fbx using Guid(5cebd0756cbf60d4cad955a2529cda30) Importer(815301076,1909f56bfc062723c751e8b465ee728b)  -> (artifact id: '18e0ab7404df2b5fa20bc2fa79911a03') in 0.007857 seconds
Number of updated asset objects reloaded before import = 0
Number of asset objects unloaded after import = 139
========================================================================
Received Import Request.
  Time since last request: 0.000018 seconds.
  path: Assets/Visual/Animation/Universal_Traversal_Anims/Art/Animations/Traversal_NarrowSpace_SideStep_BackwardLoop.fbx
  artifactKey: Guid(10a2e307917696d498f7c46fdcd48794) Importer(815301076,1909f56bfc062723c751e8b465ee728b)
Start importing Assets/Visual/Animation/Universal_Traversal_Anims/Art/Animations/Traversal_NarrowSpace_SideStep_BackwardLoop.fbx using Guid(10a2e307917696d498f7c46fdcd48794) Importer(815301076,1909f56bfc062723c751e8b465ee728b)  -> (artifact id: '63bfa6dff84771326695d6b67f2768d8') in 0.005412 seconds
Number of updated asset objects reloaded before import = 0
Number of asset objects unloaded after import = 139
========================================================================
Received Import Request.
  Time since last request: 0.000016 seconds.
  path: Assets/Visual/Animation/Universal_Traversal_Anims/Art/Animations/Traversal_SingleLegJumps_LefttLeg_Turn_Left90.fbx
  artifactKey: Guid(940d32c127441eb46a36b0c4d3e716f7) Importer(815301076,1909f56bfc062723c751e8b465ee728b)
Start importing Assets/Visual/Animation/Universal_Traversal_Anims/Art/Animations/Traversal_SingleLegJumps_LefttLeg_Turn_Left90.fbx using Guid(940d32c127441eb46a36b0c4d3e716f7) Importer(815301076,1909f56bfc062723c751e8b465ee728b)  -> (artifact id: 'abeb556a5e727a5bcd82b2d73f30df53') in 0.005993 seconds
Number of updated asset objects reloaded before import = 0
Number of asset objects unloaded after import = 139
========================================================================
Received Import Request.
  Time since last request: 0.000019 seconds.
  path: Assets/Visual/Animation/Universal_Traversal_Anims/Art/Animations/Traversal_SingleLegJumps_RightLeg_Turn_Left90.fbx
  artifactKey: Guid(f2dc845de82f9b147aaa826e245b3e58) Importer(815301076,1909f56bfc062723c751e8b465ee728b)
Start importing Assets/Visual/Animation/Universal_Traversal_Anims/Art/Animations/Traversal_SingleLegJumps_RightLeg_Turn_Left90.fbx using Guid(f2dc845de82f9b147aaa826e245b3e58) Importer(815301076,1909f56bfc062723c751e8b465ee728b)  -> (artifact id: '685d24b467b27c0d38cd2c8040990a92') in 0.005796 seconds
Number of updated asset objects reloaded before import = 0
Number of asset objects unloaded after import = 139
========================================================================
Received Import Request.
  Time since last request: 0.000020 seconds.
  path: Assets/Visual/Animation/Universal_Traversal_Anims/Art/Animations/Traversal_Slide_45Degree_Slope_Sitting_Loop_FacingRight.fbx
  artifactKey: Guid(7fdbaec4d8352f648ab63df2e67c1c8e) Importer(815301076,1909f56bfc062723c751e8b465ee728b)
Start importing Assets/Visual/Animation/Universal_Traversal_Anims/Art/Animations/Traversal_Slide_45Degree_Slope_Sitting_Loop_FacingRight.fbx using Guid(7fdbaec4d8352f648ab63df2e67c1c8e) Importer(815301076,1909f56bfc062723c751e8b465ee728b)  -> (artifact id: '9081ed5c43a29f3f8fc740735f592061') in 0.006836 seconds
Number of updated asset objects reloaded before import = 0
Number of asset objects unloaded after import = 139
========================================================================
Received Import Request.
  Time since last request: 0.000016 seconds.
  path: Assets/Visual/Animation/Universal_Traversal_Anims/Art/Animations/Traversal_Slide_45Degree_Slope_Loop.fbx
  artifactKey: Guid(4c4868fa71b3ffb4f8655cd23f3ec1cf) Importer(815301076,1909f56bfc062723c751e8b465ee728b)
Start importing Assets/Visual/Animation/Universal_Traversal_Anims/Art/Animations/Traversal_Slide_45Degree_Slope_Loop.fbx using Guid(4c4868fa71b3ffb4f8655cd23f3ec1cf) Importer(815301076,1909f56bfc062723c751e8b465ee728b)  -> (artifact id: '227189f43420ad61822adcbc89eb14fb') in 0.005927 seconds
Number of updated asset objects reloaded before import = 0
Number of asset objects unloaded after import = 139
========================================================================
Received Import Request.
  Time since last request: 0.000013 seconds.
  path: Assets/Visual/Animation/Universal_Traversal_Anims/Art/Animations/Traversal_Platform_JumpAcross_PreJump.fbx
  artifactKey: Guid(c71eab4735b30504d91c8bbac145261c) Importer(815301076,1909f56bfc062723c751e8b465ee728b)
Start importing Assets/Visual/Animation/Universal_Traversal_Anims/Art/Animations/Traversal_Platform_JumpAcross_PreJump.fbx using Guid(c71eab4735b30504d91c8bbac145261c) Importer(815301076,1909f56bfc062723c751e8b465ee728b)  -> (artifact id: 'f94e925c5b862a7db326d22d5d26912e') in 0.006540 seconds
Number of updated asset objects reloaded before import = 0
Number of asset objects unloaded after import = 139
========================================================================
Received Import Request.
  Time since last request: 0.000014 seconds.
  path: Assets/Visual/Animation/Universal_Traversal_Anims/Art/Animations/Traversal_Platform_JumpAcross_PostLanding.fbx
  artifactKey: Guid(11191c8697ef6184785e50d3cb96d9b5) Importer(815301076,1909f56bfc062723c751e8b465ee728b)
Start importing Assets/Visual/Animation/Universal_Traversal_Anims/Art/Animations/Traversal_Platform_JumpAcross_PostLanding.fbx using Guid(11191c8697ef6184785e50d3cb96d9b5) Importer(815301076,1909f56bfc062723c751e8b465ee728b)  -> (artifact id: '1a2ae87b3cb5e3e757896e2f891a7959') in 0.007579 seconds
Number of updated asset objects reloaded before import = 0
Number of asset objects unloaded after import = 139
========================================================================
Received Import Request.
  Time since last request: 0.000015 seconds.
  path: Assets/Visual/Animation/Universal_Traversal_Anims/Art/Animations/Traversal_Wall_Climb_Down_RightHand_HalfDistance.fbx
  artifactKey: Guid(6b4224a4e375d1d4094df8c32c7604fe) Importer(815301076,1909f56bfc062723c751e8b465ee728b)
Start importing Assets/Visual/Animation/Universal_Traversal_Anims/Art/Animations/Traversal_Wall_Climb_Down_RightHand_HalfDistance.fbx using Guid(6b4224a4e375d1d4094df8c32c7604fe) Importer(815301076,1909f56bfc062723c751e8b465ee728b)  -> (artifact id: '606f54166127505d06960d667aae6786') in 0.007018 seconds
Number of updated asset objects reloaded before import = 0
Number of asset objects unloaded after import = 139
========================================================================
Received Import Request.
  Time since last request: 0.000022 seconds.
  path: Assets/Visual/Animation/Universal_Traversal_Anims/Art/Animations/Traversal_Slide_45Degree_Slope_Sitting_Start.fbx
  artifactKey: Guid(2089777f4416afc4d966591c98b9b605) Importer(815301076,1909f56bfc062723c751e8b465ee728b)
Start importing Assets/Visual/Animation/Universal_Traversal_Anims/Art/Animations/Traversal_Slide_45Degree_Slope_Sitting_Start.fbx using Guid(2089777f4416afc4d966591c98b9b605) Importer(815301076,1909f56bfc062723c751e8b465ee728b)  -> (artifact id: '630419c33798d5e77dc925a1e45d6eec') in 0.009018 seconds
Number of updated asset objects reloaded before import = 0
Number of asset objects unloaded after import = 139
========================================================================
Received Import Request.
  Time since last request: 0.000015 seconds.
  path: Assets/Visual/Animation/Universal_Traversal_Anims/Art/Animations/Traversal_SingleLegJumps_RightLeg_Idle.fbx
  artifactKey: Guid(d9858870eea742044bfdb57672d50297) Importer(815301076,1909f56bfc062723c751e8b465ee728b)
Start importing Assets/Visual/Animation/Universal_Traversal_Anims/Art/Animations/Traversal_SingleLegJumps_RightLeg_Idle.fbx using Guid(d9858870eea742044bfdb57672d50297) Importer(815301076,1909f56bfc062723c751e8b465ee728b)  -> (artifact id: 'b74de02b7b2885cd4d2ace904a7e48bd') in 0.007325 seconds
Number of updated asset objects reloaded before import = 0
Number of asset objects unloaded after import = 139
========================================================================
Received Import Request.
  Time since last request: 0.000026 seconds.
  path: Assets/Visual/Animation/Universal_Traversal_Anims/Art/Animations/Traversal_Wall_Climb_DeathFall_Start.fbx
  artifactKey: Guid(4eed1e6477d64f14c8026352fba63391) Importer(815301076,1909f56bfc062723c751e8b465ee728b)
Start importing Assets/Visual/Animation/Universal_Traversal_Anims/Art/Animations/Traversal_Wall_Climb_DeathFall_Start.fbx using Guid(4eed1e6477d64f14c8026352fba63391) Importer(815301076,1909f56bfc062723c751e8b465ee728b)  -> (artifact id: '699f6ecb06f7c73ae961e6089542ec60') in 0.007772 seconds
Number of updated asset objects reloaded before import = 0
Number of asset objects unloaded after import = 139
========================================================================
Received Import Request.
  Time since last request: 0.000019 seconds.
  path: Assets/Visual/Animation/Universal_Traversal_Anims/Art/Animations/Traversal_Wall_Climb_4Limbs_Hold_Idle.fbx
  artifactKey: Guid(cf7564ddb001e1c4db0eeb7653fdb3b4) Importer(815301076,1909f56bfc062723c751e8b465ee728b)
Start importing Assets/Visual/Animation/Universal_Traversal_Anims/Art/Animations/Traversal_Wall_Climb_4Limbs_Hold_Idle.fbx using Guid(cf7564ddb001e1c4db0eeb7653fdb3b4) Importer(815301076,1909f56bfc062723c751e8b465ee728b)  -> (artifact id: '85ce5468d984ac373dec9e424b3f634e') in 0.006910 seconds
Number of updated asset objects reloaded before import = 0
Number of asset objects unloaded after import = 139
========================================================================
Received Import Request.
  Time since last request: 0.000019 seconds.
  path: Assets/Visual/Animation/Universal_Traversal_Anims/Art/Animations/Traversal_Slide_Floor_Standing_End.fbx
  artifactKey: Guid(bae1b01d3e76a634ca312fff61d18ce6) Importer(815301076,1909f56bfc062723c751e8b465ee728b)
Start importing Assets/Visual/Animation/Universal_Traversal_Anims/Art/Animations/Traversal_Slide_Floor_Standing_End.fbx using Guid(bae1b01d3e76a634ca312fff61d18ce6) Importer(815301076,1909f56bfc062723c751e8b465ee728b)  -> (artifact id: 'e24115c0497d467f72a7494e2904814e') in 0.006104 seconds
Number of updated asset objects reloaded before import = 0
Number of asset objects unloaded after import = 139
========================================================================
Received Import Request.
  Time since last request: 0.000014 seconds.
  path: Assets/Visual/Animation/Universal_Traversal_Anims/Art/Animations/Traversal_Pole_Climb_Idle.fbx
  artifactKey: Guid(cab249c1e687db541a245cbec973a8e7) Importer(815301076,1909f56bfc062723c751e8b465ee728b)
Start importing Assets/Visual/Animation/Universal_Traversal_Anims/Art/Animations/Traversal_Pole_Climb_Idle.fbx using Guid(cab249c1e687db541a245cbec973a8e7) Importer(815301076,1909f56bfc062723c751e8b465ee728b)  -> (artifact id: '609c6b5f1baa702b31ea392cf1437540') in 0.007265 seconds
Number of updated asset objects reloaded before import = 0
Number of asset objects unloaded after import = 139
========================================================================
Received Import Request.
  Time since last request: 0.000014 seconds.
  path: Assets/Visual/Animation/Universal_Traversal_Anims/Art/Animations/Traversal_Pole_Climb_Up.fbx
  artifactKey: Guid(a2494ee4c41a9614b8dc3a78f2fd1028) Importer(815301076,1909f56bfc062723c751e8b465ee728b)
Start importing Assets/Visual/Animation/Universal_Traversal_Anims/Art/Animations/Traversal_Pole_Climb_Up.fbx using Guid(a2494ee4c41a9614b8dc3a78f2fd1028) Importer(815301076,1909f56bfc062723c751e8b465ee728b)  -> (artifact id: 'c52ebf95c7c11c16e13ed04b223a5f66') in 0.006645 seconds
Number of updated asset objects reloaded before import = 0
Number of asset objects unloaded after import = 139
========================================================================
Received Import Request.
  Time since last request: 0.000013 seconds.
  path: Assets/Visual/Animation/Universal_Traversal_Anims/Art/Animations/Traversal_Slide_45Degree_Slope_End.fbx
  artifactKey: Guid(b075d3c7756ad6e45aa72187e29e22ed) Importer(815301076,1909f56bfc062723c751e8b465ee728b)
Start importing Assets/Visual/Animation/Universal_Traversal_Anims/Art/Animations/Traversal_Slide_45Degree_Slope_End.fbx using Guid(b075d3c7756ad6e45aa72187e29e22ed) Importer(815301076,1909f56bfc062723c751e8b465ee728b)  -> (artifact id: '2a873dbe0aaf5a749a910cf2b03ef820') in 0.008219 seconds
Number of updated asset objects reloaded before import = 0
Number of asset objects unloaded after import = 139
========================================================================
Received Import Request.
  Time since last request: 0.233346 seconds.
  path: Assets/Visual/Animation/Universal_Traversal_Anims/Art/Animations/Traversal_Wall_Climb_DownLeft_HalfDistance.fbx
  artifactKey: Guid(f4dc676ed7c7a36498239949f86e5eb2) Importer(815301076,1909f56bfc062723c751e8b465ee728b)
Start importing Assets/Visual/Animation/Universal_Traversal_Anims/Art/Animations/Traversal_Wall_Climb_DownLeft_HalfDistance.fbx using Guid(f4dc676ed7c7a36498239949f86e5eb2) Importer(815301076,1909f56bfc062723c751e8b465ee728b)  -> (artifact id: '2600f417f499bec25bba4416d8048f1b') in 0.005625 seconds
Number of updated asset objects reloaded before import = 0
Number of asset objects unloaded after import = 139
========================================================================
Received Import Request.
  Time since last request: 0.000013 seconds.
  path: Assets/Visual/Animation/Universal_Traversal_Anims/Art/Animations/Traversal_Wall_Climb_End_toStanding.fbx
  artifactKey: Guid(570c4249c8e45cf4a8276ab496886017) Importer(815301076,1909f56bfc062723c751e8b465ee728b)
Start importing Assets/Visual/Animation/Universal_Traversal_Anims/Art/Animations/Traversal_Wall_Climb_End_toStanding.fbx using Guid(570c4249c8e45cf4a8276ab496886017) Importer(815301076,1909f56bfc062723c751e8b465ee728b)  -> (artifact id: 'ce4d54b7598991bea302ff1ba45690a1') in 0.008029 seconds
Number of updated asset objects reloaded before import = 0
Number of asset objects unloaded after import = 139
========================================================================
Received Import Request.
  Time since last request: 0.000018 seconds.
  path: Assets/Visual/Animation/Universal_Traversal_Anims/Art/Animations/Traversal_Wall_Climb_LookLeft_Loop.fbx
  artifactKey: Guid(3178fbc581567aa46baace5e72a483a2) Importer(815301076,1909f56bfc062723c751e8b465ee728b)
Start importing Assets/Visual/Animation/Universal_Traversal_Anims/Art/Animations/Traversal_Wall_Climb_LookLeft_Loop.fbx using Guid(3178fbc581567aa46baace5e72a483a2) Importer(815301076,1909f56bfc062723c751e8b465ee728b)  -> (artifact id: 'afb159f2cd4ef7771eb2b9412ee79eba') in 0.009558 seconds
Number of updated asset objects reloaded before import = 0
Number of asset objects unloaded after import = 139
========================================================================
Received Import Request.
  Time since last request: 0.000016 seconds.
  path: Assets/Visual/Animation/Universal_Traversal_Anims/Art/Animations/Traversal_Wall_Climb_Left_HalfDistance.fbx
  artifactKey: Guid(7cb9fb35c458b554a9cf588217224aaf) Importer(815301076,1909f56bfc062723c751e8b465ee728b)
Start importing Assets/Visual/Animation/Universal_Traversal_Anims/Art/Animations/Traversal_Wall_Climb_Left_HalfDistance.fbx using Guid(7cb9fb35c458b554a9cf588217224aaf) Importer(815301076,1909f56bfc062723c751e8b465ee728b)  -> (artifact id: '5c99629be5b2a8b48c0e84dcc2f4e786') in 0.006964 seconds
Number of updated asset objects reloaded before import = 0
Number of asset objects unloaded after import = 139
========================================================================
Received Import Request.
  Time since last request: 0.000015 seconds.
  path: Assets/Visual/Animation/Universal_Traversal_Anims/Art/Animations/Traversal_Wall_Climb_DownRight_HalfDistance.fbx
  artifactKey: Guid(cee0a45ca1e7b5a47a4c44a9310b117f) Importer(815301076,1909f56bfc062723c751e8b465ee728b)
Start importing Assets/Visual/Animation/Universal_Traversal_Anims/Art/Animations/Traversal_Wall_Climb_DownRight_HalfDistance.fbx using Guid(cee0a45ca1e7b5a47a4c44a9310b117f) Importer(815301076,1909f56bfc062723c751e8b465ee728b)  -> (artifact id: '6d57a8ab3528b105087252579876ce74') in 0.005994 seconds
Number of updated asset objects reloaded before import = 0
Number of asset objects unloaded after import = 139
========================================================================
Received Import Request.
  Time since last request: 0.013051 seconds.
  path: Assets/Visual/Animation/Universal_Traversal_Anims/Art/Animations/Traversal_Wall_Climb_OutwardCorner_Right.fbx
  artifactKey: Guid(8cdd999933ba58d41b2334147a0ba0b1) Importer(815301076,1909f56bfc062723c751e8b465ee728b)
Start importing Assets/Visual/Animation/Universal_Traversal_Anims/Art/Animations/Traversal_Wall_Climb_OutwardCorner_Right.fbx using Guid(8cdd999933ba58d41b2334147a0ba0b1) Importer(815301076,1909f56bfc062723c751e8b465ee728b)  -> (artifact id: 'e6116eaae15be810f102eb8e6976797f') in 0.006282 seconds
Number of updated asset objects reloaded before import = 0
Number of asset objects unloaded after import = 139
========================================================================
Received Import Request.
  Time since last request: 0.000014 seconds.
  path: Assets/Visual/Animation/Universal_Traversal_Anims/Art/Animations/Traversal_Wall_Climb_Right_HalfDistance.fbx
  artifactKey: Guid(622cec307ac37324ba9ad2f4c70c2cb3) Importer(815301076,1909f56bfc062723c751e8b465ee728b)
Start importing Assets/Visual/Animation/Universal_Traversal_Anims/Art/Animations/Traversal_Wall_Climb_Right_HalfDistance.fbx using Guid(622cec307ac37324ba9ad2f4c70c2cb3) Importer(815301076,1909f56bfc062723c751e8b465ee728b)  -> (artifact id: '540022c146f253fa5cea260357318b5f') in 0.005793 seconds
Number of updated asset objects reloaded before import = 0
Number of asset objects unloaded after import = 139
========================================================================
Received Import Request.
  Time since last request: 0.000015 seconds.
  path: Assets/Visual/Animation/Universal_Traversal_Anims/Art/Animations/Traversal_Wall_Climb_Up_LeftHand_HalfDistance.fbx
  artifactKey: Guid(2077aca129c3f6f45b273f58a5285883) Importer(815301076,1909f56bfc062723c751e8b465ee728b)
Start importing Assets/Visual/Animation/Universal_Traversal_Anims/Art/Animations/Traversal_Wall_Climb_Up_LeftHand_HalfDistance.fbx using Guid(2077aca129c3f6f45b273f58a5285883) Importer(815301076,1909f56bfc062723c751e8b465ee728b)  -> (artifact id: '6790171afee2b54b9571c2f6dbc5e740') in 0.005776 seconds
Number of updated asset objects reloaded before import = 0
Number of asset objects unloaded after import = 139
========================================================================
Received Import Request.
  Time since last request: 0.000013 seconds.
  path: Assets/Visual/Animation/Universal_Traversal_Anims/Art/Animations/Traversal_Window_ClimbThrough.fbx
  artifactKey: Guid(c7ccc62c17d2d034badda1b2e81eb1cd) Importer(815301076,1909f56bfc062723c751e8b465ee728b)
Start importing Assets/Visual/Animation/Universal_Traversal_Anims/Art/Animations/Traversal_Window_ClimbThrough.fbx using Guid(c7ccc62c17d2d034badda1b2e81eb1cd) Importer(815301076,1909f56bfc062723c751e8b465ee728b)  -> (artifact id: '64793d55cda55abba1527360d8e50bc4') in 0.007702 seconds
Number of updated asset objects reloaded before import = 0
Number of asset objects unloaded after import = 139
========================================================================
Received Import Request.
  Time since last request: 0.000023 seconds.
  path: Assets/Visual/Animation/Universal_Traversal_Anims/Art/Animations/Traversal_Wall_Climb_Squat_Turn_Left90.fbx
  artifactKey: Guid(a6ada7d5a7690d844a68cefa9c696a0b) Importer(815301076,1909f56bfc062723c751e8b465ee728b)
Start importing Assets/Visual/Animation/Universal_Traversal_Anims/Art/Animations/Traversal_Wall_Climb_Squat_Turn_Left90.fbx using Guid(a6ada7d5a7690d844a68cefa9c696a0b) Importer(815301076,1909f56bfc062723c751e8b465ee728b)  -> (artifact id: '9974aadc9d4b8011b2bec1b4caa29073') in 0.007077 seconds
Number of updated asset objects reloaded before import = 0
Number of asset objects unloaded after import = 139
========================================================================
Received Import Request.
  Time since last request: 0.000014 seconds.
  path: Assets/Visual/Animation/Universal_Traversal_Anims/Art/Animations/Traversal_Window_BustThrough_FeetFirst.fbx
  artifactKey: Guid(50fe378bff1fedc4ebedf83f1872fb2e) Importer(815301076,1909f56bfc062723c751e8b465ee728b)
Start importing Assets/Visual/Animation/Universal_Traversal_Anims/Art/Animations/Traversal_Window_BustThrough_FeetFirst.fbx using Guid(50fe378bff1fedc4ebedf83f1872fb2e) Importer(815301076,1909f56bfc062723c751e8b465ee728b)  -> (artifact id: '3e3de458db205d437914d6818ac5fee1') in 0.006298 seconds
Number of updated asset objects reloaded before import = 0
Number of asset objects unloaded after import = 139
========================================================================
Received Import Request.
  Time since last request: 0.000015 seconds.
  path: Assets/Visual/Animation/Universal_Traversal_Anims/Art/Animations/Traversal_Wall_Climb_Start_fromStanding.fbx
  artifactKey: Guid(b1838df2081c77944acf5c2b0fef82bd) Importer(815301076,1909f56bfc062723c751e8b465ee728b)
Start importing Assets/Visual/Animation/Universal_Traversal_Anims/Art/Animations/Traversal_Wall_Climb_Start_fromStanding.fbx using Guid(b1838df2081c77944acf5c2b0fef82bd) Importer(815301076,1909f56bfc062723c751e8b465ee728b)  -> (artifact id: '729a55501e76856d2fef1cab962b2c07') in 0.007164 seconds
Number of updated asset objects reloaded before import = 0
Number of asset objects unloaded after import = 139
Editor requested this worker to shutdown with reason: Scaling down because of idle timeout
TcpMessagingSession - receive error: operation aborted. errorcode: 995, details: ќпераци€ ввода/вывода была прервана из-за завершени€ потока команд или по запросу приложени€.
AssetImportWorker is now disconnected from the server
Process exiting
Exiting without the bug reporter. Application will terminate with return code 0