Using pre-set license
Built from '2022.3/staging' branch; Version is '2022.3.11f1 (d00248457e15) revision 13632072'; Using compiler version '192829333'; Build Type 'Release'
OS: 'Windows 11  (10.0.22000) 64bit CoreSingleLanguage' Language: 'ru' Physical Memory: 15715 MB
BatchMode: 1, IsHumanControllingUs: 0, StartBugReporterOnCrash: 0, Is64bit: 1, IsPro: 1

COMMAND LINE ARGUMENTS:
C:\Program Files\Unity\Hub\Editor\2022.3.11f1\Editor\Unity.exe
-adb2
-batchMode
-noUpm
-name
AssetImportWorker0
-projectPath
C:/Users/dimpr/Documents/GitHub/Emit-the-Cycle-Story
-logFile
Logs/AssetImportWorker0.log
-srvPort
57967
Successfully changed project path to: C:/Users/dimpr/Documents/GitHub/Emit-the-Cycle-Story
C:/Users/dimpr/Documents/GitHub/Emit-the-Cycle-Story
[UnityMemory] Configuration Parameters - Can be set up in boot.config
    "memorysetup-bucket-allocator-granularity=16"
    "memorysetup-bucket-allocator-bucket-count=8"
    "memorysetup-bucket-allocator-block-size=33554432"
    "memorysetup-bucket-allocator-block-count=8"
    "memorysetup-main-allocator-block-size=16777216"
    "memorysetup-thread-allocator-block-size=16777216"
    "memorysetup-gfx-main-allocator-block-size=16777216"
    "memorysetup-gfx-thread-allocator-block-size=16777216"
    "memorysetup-cache-allocator-block-size=4194304"
    "memorysetup-typetree-allocator-block-size=2097152"
    "memorysetup-profiler-bucket-allocator-granularity=16"
    "memorysetup-profiler-bucket-allocator-bucket-count=8"
    "memorysetup-profiler-bucket-allocator-block-size=33554432"
    "memorysetup-profiler-bucket-allocator-block-count=8"
    "memorysetup-profiler-allocator-block-size=16777216"
    "memorysetup-profiler-editor-allocator-block-size=1048576"
    "memorysetup-temp-allocator-size-main=16777216"
    "memorysetup-job-temp-allocator-block-size=2097152"
    "memorysetup-job-temp-allocator-block-size-background=1048576"
    "memorysetup-job-temp-allocator-reduction-small-platforms=262144"
    "memorysetup-allocator-temp-initial-block-size-main=262144"
    "memorysetup-allocator-temp-initial-block-size-worker=262144"
    "memorysetup-temp-allocator-size-background-worker=32768"
    "memorysetup-temp-allocator-size-job-worker=262144"
    "memorysetup-temp-allocator-size-preload-manager=33554432"
    "memorysetup-temp-allocator-size-nav-mesh-worker=65536"
    "memorysetup-temp-allocator-size-audio-worker=65536"
    "memorysetup-temp-allocator-size-cloud-worker=32768"
    "memorysetup-temp-allocator-size-gi-baking-worker=262144"
    "memorysetup-temp-allocator-size-gfx=262144"
Player connection [12668] Host "[IP] 192.168.0.107 [Port] 0 [Flags] 2 [Guid] 1642475228 [EditorId] 1642475228 [Version] 1048832 [Id] WindowsEditor(7,LAPTOP-5U3T1134) [Debug] 1 [PackageName] WindowsEditor [ProjectName] Editor" joined multi-casting on [225.0.0.222:54997]...

Player connection [12668] Host "[IP] 192.168.0.107 [Port] 0 [Flags] 2 [Guid] 1642475228 [EditorId] 1642475228 [Version] 1048832 [Id] WindowsEditor(7,LAPTOP-5U3T1134) [Debug] 1 [PackageName] WindowsEditor [ProjectName] Editor" joined alternative multi-casting on [225.0.0.222:34997]...

[Physics::Module] Initialized MultithreadedJobDispatcher with 11 workers.
Refreshing native plugins compatible for Editor in 31.68 ms, found 3 plugins.
Preloading 0 native plugins for Editor in 0.00 ms.
Initialize engine version: 2022.3.11f1 (d00248457e15)
[Subsystems] Discovering subsystems at path C:/Program Files/Unity/Hub/Editor/2022.3.11f1/Editor/Data/Resources/UnitySubsystems
[Subsystems] Discovering subsystems at path C:/Users/dimpr/Documents/GitHub/Emit-the-Cycle-Story/Assets
GfxDevice: creating device client; threaded=0; jobified=0
Direct3D:
    Version:  Direct3D 11.0 [level 11.1]
    Renderer: NVIDIA GeForce RTX 3060 Laptop GPU (ID=0x2520)
    Vendor:   NVIDIA
    VRAM:     6010 MB
    Driver:   31.0.15.4584
Initialize mono
Mono path[0] = 'C:/Program Files/Unity/Hub/Editor/2022.3.11f1/Editor/Data/Managed'
Mono path[1] = 'C:/Program Files/Unity/Hub/Editor/2022.3.11f1/Editor/Data/MonoBleedingEdge/lib/mono/unityjit-win32'
Mono config path = 'C:/Program Files/Unity/Hub/Editor/2022.3.11f1/Editor/Data/MonoBleedingEdge/etc'
Using monoOptions --debugger-agent=transport=dt_socket,embedding=1,server=y,suspend=n,address=127.0.0.1:56776
Begin MonoManager ReloadAssembly
Registering precompiled unity dll's ...
Register platform support module: C:/Program Files/Unity/Hub/Editor/2022.3.11f1/Editor/Data/PlaybackEngines/AndroidPlayer/UnityEditor.Android.Extensions.dll
Register platform support module: C:/Program Files/Unity/Hub/Editor/2022.3.11f1/Editor/Data/PlaybackEngines/WindowsStandaloneSupport/UnityEditor.WindowsStandalone.Extensions.dll
Registered in 0.010367 seconds.
- Loaded All Assemblies, in  0.521 seconds
Native extension for WindowsStandalone target not found
Native extension for Android target not found
Android Extension - Scanning For ADB Devices 275 ms
Mono: successfully reloaded assembly
- Finished resetting the current domain, in  0.707 seconds
Domain Reload Profiling: 1226ms
	BeginReloadAssembly (166ms)
		ExecutionOrderSort (0ms)
		DisableScriptedObjects (0ms)
		BackupInstance (0ms)
		ReleaseScriptingObjects (0ms)
		CreateAndSetChildDomain (1ms)
	RebuildCommonClasses (42ms)
	RebuildNativeTypeToScriptingClass (16ms)
	initialDomainReloadingComplete (79ms)
	LoadAllAssembliesAndSetupDomain (217ms)
		LoadAssemblies (160ms)
		RebuildTransferFunctionScriptingTraits (0ms)
		AnalyzeDomain (214ms)
			TypeCache.Refresh (210ms)
				TypeCache.ScanAssembly (186ms)
			ScanForSourceGeneratedMonoScriptInfo (1ms)
			ResolveRequiredComponents (3ms)
	FinalizeReload (708ms)
		ReleaseScriptCaches (0ms)
		RebuildScriptCaches (0ms)
		SetupLoadedEditorAssemblies (601ms)
			LogAssemblyErrors (0ms)
			InitializePlatformSupportModulesInManaged (412ms)
			SetLoadedEditorAssemblies (4ms)
			RefreshPlugins (0ms)
			BeforeProcessingInitializeOnLoad (2ms)
			ProcessInitializeOnLoadAttributes (123ms)
			ProcessInitializeOnLoadMethodAttributes (60ms)
			AfterProcessingInitializeOnLoad (0ms)
			EditorAssembliesLoaded (0ms)
		ExecutionOrderSort2 (0ms)
		AwakeInstancesAfterBackupRestoration (0ms)
========================================================================
Worker process is ready to serve import requests
Begin MonoManager ReloadAssembly
Symbol file LoadedFromMemory is not a mono symbol file
- Loaded All Assemblies, in  0.927 seconds
Refreshing native plugins compatible for Editor in 5.13 ms, found 3 plugins.
Native extension for WindowsStandalone target not found
Native extension for Android target not found
Package Manager log level set to [2]
[Package Manager] Server::EnsureServerProcessIsRunning -- launch failed, reason: Unity was launched with the -noUpm command-line argument
[Package Manager] UpmClient::Send -- Unable to send message (not connected to UPM process).
[Package Manager] Cannot connect to Unity Package Manager local server
Mono: successfully reloaded assembly
- Finished resetting the current domain, in  0.962 seconds
Domain Reload Profiling: 1879ms
	BeginReloadAssembly (179ms)
		ExecutionOrderSort (0ms)
		DisableScriptedObjects (7ms)
		BackupInstance (0ms)
		ReleaseScriptingObjects (0ms)
		CreateAndSetChildDomain (27ms)
	RebuildCommonClasses (41ms)
	RebuildNativeTypeToScriptingClass (14ms)
	initialDomainReloadingComplete (38ms)
	LoadAllAssembliesAndSetupDomain (644ms)
		LoadAssemblies (477ms)
		RebuildTransferFunctionScriptingTraits (0ms)
		AnalyzeDomain (271ms)
			TypeCache.Refresh (237ms)
				TypeCache.ScanAssembly (213ms)
			ScanForSourceGeneratedMonoScriptInfo (26ms)
			ResolveRequiredComponents (7ms)
	FinalizeReload (963ms)
		ReleaseScriptCaches (0ms)
		RebuildScriptCaches (0ms)
		SetupLoadedEditorAssemblies (744ms)
			LogAssemblyErrors (0ms)
			InitializePlatformSupportModulesInManaged (34ms)
			SetLoadedEditorAssemblies (10ms)
			RefreshPlugins (0ms)
			BeforeProcessingInitializeOnLoad (108ms)
			ProcessInitializeOnLoadAttributes (555ms)
			ProcessInitializeOnLoadMethodAttributes (27ms)
			AfterProcessingInitializeOnLoad (10ms)
			EditorAssembliesLoaded (0ms)
		ExecutionOrderSort2 (0ms)
		AwakeInstancesAfterBackupRestoration (6ms)
Launched and connected shader compiler UnityShaderCompiler.exe after 0.06 seconds
Refreshing native plugins compatible for Editor in 5.07 ms, found 3 plugins.
Preloading 0 native plugins for Editor in 0.00 ms.
Unloading 3879 Unused Serialized files (Serialized files now loaded: 0)
Unloading 66 unused Assets / (1.4 MB). Loaded Objects now: 4330.
Memory consumption went from 169.4 MB to 168.1 MB.
Total: 4.270900 ms (FindLiveObjects: 0.431900 ms CreateObjectMapping: 0.182500 ms MarkObjects: 3.221900 ms  DeleteObjects: 0.433400 ms)

AssetImportParameters requested are different than current active one (requested -> active):
  custom:container-demuxer-ogg: 62fdf1f143b41e24485cea50d1cbac27 -> 
  custom:video-codec-MediaFoundation-h265: 746d11721c4dcdbdad8f713fa42b33f4 -> 
  custom:video-decoder-ogg-theora: a1e56fd34408186e4bbccfd4996cb3dc -> 
  custom:framework-win-MediaFoundation: 216162199b28c13a410421893ffa2e32 -> 
  custom:CustomObjectIndexerAttribute: 756ad292c208cfabdd7b50bc23989ffe -> 
  custom:container-demuxer-webm: 4f35f7cbe854078d1ac9338744f61a02 -> 
  custom:container-muxer-webm: aa71ff27fc2769a1b78a27578f13a17b -> 
  custom:video-decoder-webm-vp8: 9c59270c3fd7afecdb556c50c9e8de78 -> 
  custom:SearchIndexIgnoredProperties: e643bd26f0fe6173181afceb89e7c659 -> 
  custom:AudioImporter_EditorPlatform: d09bf68614088b80899f8185d706f6e7 -> 
  custom:video-encoder-webm-vp8: eb34c28f22e8b96e1ab97ce403110664 -> 
  custom:audio-decoder-ogg-vorbis: bf7c407c2cedff20999df2af8eb42d56 -> 
  custom:audio-encoder-webm-vorbis: bf7c407c2cedff20999df2af8eb42d56 -> 
========================================================================
Received Import Request.
  Time since last request: 14444.089490 seconds.
  path: Assets/Levels/LvL_1.unity
  artifactKey: Guid(9fc0d4010bbf28b4594072e72b8655ab) Importer(815301076,1909f56bfc062723c751e8b465ee728b)
Start importing Assets/Levels/LvL_1.unity using Guid(9fc0d4010bbf28b4594072e72b8655ab) Importer(815301076,1909f56bfc062723c751e8b465ee728b)  -> (artifact id: '073e45bc562fa15c26c24d9aa612a901') in 0.003237 seconds
Number of updated asset objects reloaded before import = 0
Number of asset objects unloaded after import = 0
========================================================================
Received Prepare
Begin MonoManager ReloadAssembly
Symbol file LoadedFromMemory is not a mono symbol file
- Loaded All Assemblies, in  0.546 seconds
Refreshing native plugins compatible for Editor in 4.59 ms, found 3 plugins.
Native extension for WindowsStandalone target not found
Native extension for Android target not found
[Package Manager] Server::EnsureServerProcessIsRunning -- launch failed, reason: Unity was launched with the -noUpm command-line argument
[Package Manager] UpmClient::Send -- Unable to send message (not connected to UPM process).
[Package Manager] Cannot connect to Unity Package Manager local server
Mono: successfully reloaded assembly
- Finished resetting the current domain, in  1.314 seconds
Domain Reload Profiling: 1857ms
	BeginReloadAssembly (184ms)
		ExecutionOrderSort (0ms)
		DisableScriptedObjects (6ms)
		BackupInstance (0ms)
		ReleaseScriptingObjects (0ms)
		CreateAndSetChildDomain (41ms)
	RebuildCommonClasses (41ms)
	RebuildNativeTypeToScriptingClass (14ms)
	initialDomainReloadingComplete (44ms)
	LoadAllAssembliesAndSetupDomain (259ms)
		LoadAssemblies (341ms)
		RebuildTransferFunctionScriptingTraits (0ms)
		AnalyzeDomain (17ms)
			TypeCache.Refresh (7ms)
				TypeCache.ScanAssembly (0ms)
			ScanForSourceGeneratedMonoScriptInfo (0ms)
			ResolveRequiredComponents (9ms)
	FinalizeReload (1315ms)
		ReleaseScriptCaches (0ms)
		RebuildScriptCaches (0ms)
		SetupLoadedEditorAssemblies (647ms)
			LogAssemblyErrors (0ms)
			InitializePlatformSupportModulesInManaged (35ms)
			SetLoadedEditorAssemblies (5ms)
			RefreshPlugins (0ms)
			BeforeProcessingInitializeOnLoad (94ms)
			ProcessInitializeOnLoadAttributes (468ms)
			ProcessInitializeOnLoadMethodAttributes (33ms)
			AfterProcessingInitializeOnLoad (12ms)
			EditorAssembliesLoaded (0ms)
		ExecutionOrderSort2 (0ms)
		AwakeInstancesAfterBackupRestoration (9ms)
Refreshing native plugins compatible for Editor in 5.71 ms, found 3 plugins.
Preloading 0 native plugins for Editor in 0.00 ms.
Unloading 3821 Unused Serialized files (Serialized files now loaded: 0)
Unloading 39 unused Assets / (1.3 MB). Loaded Objects now: 4345.
Memory consumption went from 156.6 MB to 155.3 MB.
Total: 5.179200 ms (FindLiveObjects: 0.479800 ms CreateObjectMapping: 0.288100 ms MarkObjects: 4.017300 ms  DeleteObjects: 0.392100 ms)

Prepare: number of updated asset objects reloaded= 0
AssetImportParameters requested are different than current active one (requested -> active):
  custom:container-demuxer-ogg: 62fdf1f143b41e24485cea50d1cbac27 -> 
  custom:video-codec-MediaFoundation-h265: 746d11721c4dcdbdad8f713fa42b33f4 -> 
  custom:video-decoder-ogg-theora: a1e56fd34408186e4bbccfd4996cb3dc -> 
  custom:framework-win-MediaFoundation: 216162199b28c13a410421893ffa2e32 -> 
  custom:CustomObjectIndexerAttribute: 756ad292c208cfabdd7b50bc23989ffe -> 
  custom:container-demuxer-webm: 4f35f7cbe854078d1ac9338744f61a02 -> 
  custom:container-muxer-webm: aa71ff27fc2769a1b78a27578f13a17b -> 
  custom:video-decoder-webm-vp8: 9c59270c3fd7afecdb556c50c9e8de78 -> 
  custom:SearchIndexIgnoredProperties: e643bd26f0fe6173181afceb89e7c659 -> 
  custom:AudioImporter_EditorPlatform: d09bf68614088b80899f8185d706f6e7 -> 
  custom:video-encoder-webm-vp8: eb34c28f22e8b96e1ab97ce403110664 -> 
  custom:audio-decoder-ogg-vorbis: bf7c407c2cedff20999df2af8eb42d56 -> 
  custom:audio-encoder-webm-vorbis: bf7c407c2cedff20999df2af8eb42d56 -> 
========================================================================
Received Import Request.
  Time since last request: 20.282133 seconds.
  path: Assets/Levels/LvL_2.unity
  artifactKey: Guid(18fd391d84037c8428dc1734b85476f4) Importer(815301076,1909f56bfc062723c751e8b465ee728b)
Start importing Assets/Levels/LvL_2.unity using Guid(18fd391d84037c8428dc1734b85476f4) Importer(815301076,1909f56bfc062723c751e8b465ee728b)  -> (artifact id: 'b226b192599ec403dfcb913b68d7fdd1') in 0.005218 seconds
Number of updated asset objects reloaded before import = 0
Number of asset objects unloaded after import = 0
========================================================================
Received Prepare
Begin MonoManager ReloadAssembly
Symbol file LoadedFromMemory is not a mono symbol file
- Loaded All Assemblies, in  0.523 seconds
Refreshing native plugins compatible for Editor in 4.67 ms, found 3 plugins.
Native extension for WindowsStandalone target not found
Native extension for Android target not found
[Package Manager] Server::EnsureServerProcessIsRunning -- launch failed, reason: Unity was launched with the -noUpm command-line argument
[Package Manager] UpmClient::Send -- Unable to send message (not connected to UPM process).
[Package Manager] Cannot connect to Unity Package Manager local server
Mono: successfully reloaded assembly
- Finished resetting the current domain, in  1.385 seconds
Domain Reload Profiling: 1903ms
	BeginReloadAssembly (174ms)
		ExecutionOrderSort (0ms)
		DisableScriptedObjects (6ms)
		BackupInstance (0ms)
		ReleaseScriptingObjects (0ms)
		CreateAndSetChildDomain (38ms)
	RebuildCommonClasses (34ms)
	RebuildNativeTypeToScriptingClass (11ms)
	initialDomainReloadingComplete (36ms)
	LoadAllAssembliesAndSetupDomain (263ms)
		LoadAssemblies (338ms)
		RebuildTransferFunctionScriptingTraits (0ms)
		AnalyzeDomain (17ms)
			TypeCache.Refresh (6ms)
				TypeCache.ScanAssembly (0ms)
			ScanForSourceGeneratedMonoScriptInfo (0ms)
			ResolveRequiredComponents (9ms)
	FinalizeReload (1385ms)
		ReleaseScriptCaches (0ms)
		RebuildScriptCaches (0ms)
		SetupLoadedEditorAssemblies (667ms)
			LogAssemblyErrors (0ms)
			InitializePlatformSupportModulesInManaged (35ms)
			SetLoadedEditorAssemblies (6ms)
			RefreshPlugins (0ms)
			BeforeProcessingInitializeOnLoad (101ms)
			ProcessInitializeOnLoadAttributes (482ms)
			ProcessInitializeOnLoadMethodAttributes (31ms)
			AfterProcessingInitializeOnLoad (11ms)
			EditorAssembliesLoaded (0ms)
		ExecutionOrderSort2 (0ms)
		AwakeInstancesAfterBackupRestoration (7ms)
Refreshing native plugins compatible for Editor in 6.12 ms, found 3 plugins.
Preloading 0 native plugins for Editor in 0.00 ms.
Unloading 3821 Unused Serialized files (Serialized files now loaded: 0)
Unloading 39 unused Assets / (1.3 MB). Loaded Objects now: 4360.
Memory consumption went from 158.5 MB to 157.2 MB.
Total: 3.915400 ms (FindLiveObjects: 0.275700 ms CreateObjectMapping: 0.161500 ms MarkObjects: 3.117100 ms  DeleteObjects: 0.360100 ms)

Prepare: number of updated asset objects reloaded= 0
AssetImportParameters requested are different than current active one (requested -> active):
  custom:container-demuxer-ogg: 62fdf1f143b41e24485cea50d1cbac27 -> 
  custom:video-codec-MediaFoundation-h265: 746d11721c4dcdbdad8f713fa42b33f4 -> 
  custom:video-decoder-ogg-theora: a1e56fd34408186e4bbccfd4996cb3dc -> 
  custom:framework-win-MediaFoundation: 216162199b28c13a410421893ffa2e32 -> 
  custom:CustomObjectIndexerAttribute: 756ad292c208cfabdd7b50bc23989ffe -> 
  custom:container-demuxer-webm: 4f35f7cbe854078d1ac9338744f61a02 -> 
  custom:container-muxer-webm: aa71ff27fc2769a1b78a27578f13a17b -> 
  custom:video-decoder-webm-vp8: 9c59270c3fd7afecdb556c50c9e8de78 -> 
  custom:SearchIndexIgnoredProperties: e643bd26f0fe6173181afceb89e7c659 -> 
  custom:AudioImporter_EditorPlatform: d09bf68614088b80899f8185d706f6e7 -> 
  custom:video-encoder-webm-vp8: eb34c28f22e8b96e1ab97ce403110664 -> 
  custom:audio-decoder-ogg-vorbis: bf7c407c2cedff20999df2af8eb42d56 -> 
  custom:audio-encoder-webm-vorbis: bf7c407c2cedff20999df2af8eb42d56 -> 
========================================================================
Received Import Request.
  Time since last request: 25.402039 seconds.
  path: Assets/Visual/3D Models/PolygonParticles/Models/FX_Cylinder_02.fbx
  artifactKey: Guid(241e478857fef114eac8f58872ef0104) Importer(815301076,1909f56bfc062723c751e8b465ee728b)
Start importing Assets/Visual/3D Models/PolygonParticles/Models/FX_Cylinder_02.fbx using Guid(241e478857fef114eac8f58872ef0104) Importer(815301076,1909f56bfc062723c751e8b465ee728b)  -> (artifact id: '067d369a55369db78c7102efc81745fc') in 0.422042 seconds
Number of updated asset objects reloaded before import = 0
Number of asset objects unloaded after import = 7
========================================================================
Received Prepare
Begin MonoManager ReloadAssembly
Symbol file LoadedFromMemory is not a mono symbol file
- Loaded All Assemblies, in  0.526 seconds
Refreshing native plugins compatible for Editor in 5.21 ms, found 3 plugins.
Native extension for WindowsStandalone target not found
Native extension for Android target not found
[Package Manager] Server::EnsureServerProcessIsRunning -- launch failed, reason: Unity was launched with the -noUpm command-line argument
[Package Manager] UpmClient::Send -- Unable to send message (not connected to UPM process).
[Package Manager] Cannot connect to Unity Package Manager local server
Mono: successfully reloaded assembly
- Finished resetting the current domain, in  1.386 seconds
Domain Reload Profiling: 1909ms
	BeginReloadAssembly (181ms)
		ExecutionOrderSort (0ms)
		DisableScriptedObjects (5ms)
		BackupInstance (0ms)
		ReleaseScriptingObjects (0ms)
		CreateAndSetChildDomain (42ms)
	RebuildCommonClasses (42ms)
	RebuildNativeTypeToScriptingClass (11ms)
	initialDomainReloadingComplete (38ms)
	LoadAllAssembliesAndSetupDomain (251ms)
		LoadAssemblies (326ms)
		RebuildTransferFunctionScriptingTraits (0ms)
		AnalyzeDomain (14ms)
			TypeCache.Refresh (5ms)
				TypeCache.ScanAssembly (0ms)
			ScanForSourceGeneratedMonoScriptInfo (0ms)
			ResolveRequiredComponents (7ms)
	FinalizeReload (1386ms)
		ReleaseScriptCaches (0ms)
		RebuildScriptCaches (0ms)
		SetupLoadedEditorAssemblies (695ms)
			LogAssemblyErrors (0ms)
			InitializePlatformSupportModulesInManaged (38ms)
			SetLoadedEditorAssemblies (6ms)
			RefreshPlugins (0ms)
			BeforeProcessingInitializeOnLoad (111ms)
			ProcessInitializeOnLoadAttributes (499ms)
			ProcessInitializeOnLoadMethodAttributes (31ms)
			AfterProcessingInitializeOnLoad (11ms)
			EditorAssembliesLoaded (0ms)
		ExecutionOrderSort2 (0ms)
		AwakeInstancesAfterBackupRestoration (8ms)
Refreshing native plugins compatible for Editor in 6.31 ms, found 3 plugins.
Preloading 0 native plugins for Editor in 0.00 ms.
Unloading 3821 Unused Serialized files (Serialized files now loaded: 0)
Unloading 38 unused Assets / (1.3 MB). Loaded Objects now: 4386.
Memory consumption went from 160.8 MB to 159.5 MB.
Total: 5.355700 ms (FindLiveObjects: 0.424100 ms CreateObjectMapping: 0.154100 ms MarkObjects: 4.319000 ms  DeleteObjects: 0.457300 ms)

Prepare: number of updated asset objects reloaded= 0
AssetImportParameters requested are different than current active one (requested -> active):
  custom:container-demuxer-ogg: 62fdf1f143b41e24485cea50d1cbac27 -> 
  custom:video-codec-MediaFoundation-h265: 746d11721c4dcdbdad8f713fa42b33f4 -> 
  custom:video-decoder-ogg-theora: a1e56fd34408186e4bbccfd4996cb3dc -> 
  custom:framework-win-MediaFoundation: 216162199b28c13a410421893ffa2e32 -> 
  custom:CustomObjectIndexerAttribute: 756ad292c208cfabdd7b50bc23989ffe -> 
  custom:container-demuxer-webm: 4f35f7cbe854078d1ac9338744f61a02 -> 
  custom:container-muxer-webm: aa71ff27fc2769a1b78a27578f13a17b -> 
  custom:video-decoder-webm-vp8: 9c59270c3fd7afecdb556c50c9e8de78 -> 
  custom:SearchIndexIgnoredProperties: e643bd26f0fe6173181afceb89e7c659 -> 
  custom:AudioImporter_EditorPlatform: d09bf68614088b80899f8185d706f6e7 -> 
  custom:video-encoder-webm-vp8: eb34c28f22e8b96e1ab97ce403110664 -> 
  custom:audio-decoder-ogg-vorbis: bf7c407c2cedff20999df2af8eb42d56 -> 
  custom:audio-encoder-webm-vorbis: bf7c407c2cedff20999df2af8eb42d56 -> 
========================================================================
Received Import Request.
  Time since last request: 66.446413 seconds.
  path: Assets/Levels/MainMenu.unity
  artifactKey: Guid(f6d6e76ada319cd4aa55c17371a32150) Importer(815301076,1909f56bfc062723c751e8b465ee728b)
Start importing Assets/Levels/MainMenu.unity using Guid(f6d6e76ada319cd4aa55c17371a32150) Importer(815301076,1909f56bfc062723c751e8b465ee728b)  -> (artifact id: 'd88a90ed8866cc96c5889312251853f7') in 0.004362 seconds
Number of updated asset objects reloaded before import = 0
Number of asset objects unloaded after import = 0
========================================================================
Received Prepare
Begin MonoManager ReloadAssembly
Symbol file LoadedFromMemory is not a mono symbol file
- Loaded All Assemblies, in  0.532 seconds
Refreshing native plugins compatible for Editor in 5.05 ms, found 3 plugins.
Native extension for WindowsStandalone target not found
Native extension for Android target not found
[Package Manager] Server::EnsureServerProcessIsRunning -- launch failed, reason: Unity was launched with the -noUpm command-line argument
[Package Manager] UpmClient::Send -- Unable to send message (not connected to UPM process).
[Package Manager] Cannot connect to Unity Package Manager local server
Mono: successfully reloaded assembly
- Finished resetting the current domain, in  1.237 seconds
Domain Reload Profiling: 1765ms
	BeginReloadAssembly (182ms)
		ExecutionOrderSort (0ms)
		DisableScriptedObjects (5ms)
		BackupInstance (0ms)
		ReleaseScriptingObjects (0ms)
		CreateAndSetChildDomain (42ms)
	RebuildCommonClasses (41ms)
	RebuildNativeTypeToScriptingClass (13ms)
	initialDomainReloadingComplete (33ms)
	LoadAllAssembliesAndSetupDomain (258ms)
		LoadAssemblies (331ms)
		RebuildTransferFunctionScriptingTraits (0ms)
		AnalyzeDomain (19ms)
			TypeCache.Refresh (7ms)
				TypeCache.ScanAssembly (0ms)
			ScanForSourceGeneratedMonoScriptInfo (0ms)
			ResolveRequiredComponents (11ms)
	FinalizeReload (1238ms)
		ReleaseScriptCaches (0ms)
		RebuildScriptCaches (0ms)
		SetupLoadedEditorAssemblies (635ms)
			LogAssemblyErrors (0ms)
			InitializePlatformSupportModulesInManaged (36ms)
			SetLoadedEditorAssemblies (7ms)
			RefreshPlugins (0ms)
			BeforeProcessingInitializeOnLoad (97ms)
			ProcessInitializeOnLoadAttributes (455ms)
			ProcessInitializeOnLoadMethodAttributes (29ms)
			AfterProcessingInitializeOnLoad (11ms)
			EditorAssembliesLoaded (0ms)
		ExecutionOrderSort2 (0ms)
		AwakeInstancesAfterBackupRestoration (9ms)
Refreshing native plugins compatible for Editor in 5.18 ms, found 3 plugins.
Preloading 0 native plugins for Editor in 0.00 ms.
Unloading 3821 Unused Serialized files (Serialized files now loaded: 0)
Unloading 38 unused Assets / (1.3 MB). Loaded Objects now: 4401.
Memory consumption went from 162.7 MB to 161.4 MB.
Total: 4.015300 ms (FindLiveObjects: 0.315400 ms CreateObjectMapping: 0.132800 ms MarkObjects: 3.235200 ms  DeleteObjects: 0.330600 ms)

Prepare: number of updated asset objects reloaded= 0
AssetImportParameters requested are different than current active one (requested -> active):
  custom:container-demuxer-ogg: 62fdf1f143b41e24485cea50d1cbac27 -> 
  custom:video-codec-MediaFoundation-h265: 746d11721c4dcdbdad8f713fa42b33f4 -> 
  custom:video-decoder-ogg-theora: a1e56fd34408186e4bbccfd4996cb3dc -> 
  custom:framework-win-MediaFoundation: 216162199b28c13a410421893ffa2e32 -> 
  custom:CustomObjectIndexerAttribute: 756ad292c208cfabdd7b50bc23989ffe -> 
  custom:container-demuxer-webm: 4f35f7cbe854078d1ac9338744f61a02 -> 
  custom:container-muxer-webm: aa71ff27fc2769a1b78a27578f13a17b -> 
  custom:video-decoder-webm-vp8: 9c59270c3fd7afecdb556c50c9e8de78 -> 
  custom:SearchIndexIgnoredProperties: e643bd26f0fe6173181afceb89e7c659 -> 
  custom:AudioImporter_EditorPlatform: d09bf68614088b80899f8185d706f6e7 -> 
  custom:video-encoder-webm-vp8: eb34c28f22e8b96e1ab97ce403110664 -> 
  custom:audio-decoder-ogg-vorbis: bf7c407c2cedff20999df2af8eb42d56 -> 
  custom:audio-encoder-webm-vorbis: bf7c407c2cedff20999df2af8eb42d56 -> 
========================================================================
Received Import Request.
  Time since last request: 13.592369 seconds.
  path: Assets/Levels/LvL_1 1.unity
  artifactKey: Guid(d912a345514ff6a46af2bfd6158aaa10) Importer(815301076,1909f56bfc062723c751e8b465ee728b)
Start importing Assets/Levels/LvL_1 1.unity using Guid(d912a345514ff6a46af2bfd6158aaa10) Importer(815301076,1909f56bfc062723c751e8b465ee728b)  -> (artifact id: 'd1a76431460cbbc0bd4d2bc884d7c48c') in 0.004960 seconds
Number of updated asset objects reloaded before import = 0
Number of asset objects unloaded after import = 0
========================================================================
Received Import Request.
  Time since last request: 4.381350 seconds.
  path: Assets/Levels/LvL_3.unity
  artifactKey: Guid(d912a345514ff6a46af2bfd6158aaa10) Importer(815301076,1909f56bfc062723c751e8b465ee728b)
Start importing Assets/Levels/LvL_3.unity using Guid(d912a345514ff6a46af2bfd6158aaa10) Importer(815301076,1909f56bfc062723c751e8b465ee728b)  -> (artifact id: '90a77b5b16aa9770ae8aa35bbe399128') in 0.000671 seconds
Number of updated asset objects reloaded before import = 0
Number of asset objects unloaded after import = 0
========================================================================
Received Import Request.
  Time since last request: 36.311121 seconds.
  path: Assets/Levels/LvL_2 1.unity
  artifactKey: Guid(a2daab9d9949dab40b33ccd62657e146) Importer(815301076,1909f56bfc062723c751e8b465ee728b)
Start importing Assets/Levels/LvL_2 1.unity using Guid(a2daab9d9949dab40b33ccd62657e146) Importer(815301076,1909f56bfc062723c751e8b465ee728b)  -> (artifact id: '1faae5684a6363da9a48726edc4ca455') in 0.000684 seconds
Number of updated asset objects reloaded before import = 0
Number of asset objects unloaded after import = 0
========================================================================
Received Import Request.
  Time since last request: 4.415663 seconds.
  path: Assets/Levels/LvL_3'.unity
  artifactKey: Guid(a2daab9d9949dab40b33ccd62657e146) Importer(815301076,1909f56bfc062723c751e8b465ee728b)
Start importing Assets/Levels/LvL_3'.unity using Guid(a2daab9d9949dab40b33ccd62657e146) Importer(815301076,1909f56bfc062723c751e8b465ee728b)  -> (artifact id: 'bf65f8b24c25428e1f1b19ad6326e623') in 0.000529 seconds
Number of updated asset objects reloaded before import = 0
Number of asset objects unloaded after import = 0
========================================================================
Received Import Request.
  Time since last request: 4.866528 seconds.
  path: Assets/Levels/LvL_3.unity
  artifactKey: Guid(a2daab9d9949dab40b33ccd62657e146) Importer(815301076,1909f56bfc062723c751e8b465ee728b)
Start importing Assets/Levels/LvL_3.unity using Guid(a2daab9d9949dab40b33ccd62657e146) Importer(815301076,1909f56bfc062723c751e8b465ee728b)  -> (artifact id: '161b182cbf598b4fc367cf06f1022b24') in 0.000555 seconds
Number of updated asset objects reloaded before import = 0
Number of asset objects unloaded after import = 0
========================================================================
Received Import Request.
  Time since last request: 1.482449 seconds.
  path: Assets/Levels/LvL_3.unity
  artifactKey: Guid(a2daab9d9949dab40b33ccd62657e146) Importer(815301076,1909f56bfc062723c751e8b465ee728b)
Start importing Assets/Levels/LvL_3.unity using Guid(a2daab9d9949dab40b33ccd62657e146) Importer(815301076,1909f56bfc062723c751e8b465ee728b)  -> (artifact id: '6291e4cabcc82531a024accfd3c231a8') in 0.000575 seconds
Number of updated asset objects reloaded before import = 0
Number of asset objects unloaded after import = 0
========================================================================
Received Import Request.
  Time since last request: 11.671996 seconds.
  path: Assets/Levels/LvL_3.unity
  artifactKey: Guid(a2daab9d9949dab40b33ccd62657e146) Importer(815301076,1909f56bfc062723c751e8b465ee728b)
Start importing Assets/Levels/LvL_3.unity using Guid(a2daab9d9949dab40b33ccd62657e146) Importer(815301076,1909f56bfc062723c751e8b465ee728b)  -> (artifact id: '95d5c20efb6b9ab391043b5ea5332509') in 0.000559 seconds
Number of updated asset objects reloaded before import = 0
Number of asset objects unloaded after import = 0
========================================================================
Received Import Request.
  Time since last request: 5.595248 seconds.
  path: Assets/Levels/LvL_2 1.unity
  artifactKey: Guid(38b06d821355b2b418cb9cf112b1dd2b) Importer(815301076,1909f56bfc062723c751e8b465ee728b)
Start importing Assets/Levels/LvL_2 1.unity using Guid(38b06d821355b2b418cb9cf112b1dd2b) Importer(815301076,1909f56bfc062723c751e8b465ee728b)  -> (artifact id: 'bed9625c4a17346f4723619ab4e72054') in 0.000638 seconds
Number of updated asset objects reloaded before import = 0
Number of asset objects unloaded after import = 0
========================================================================
Received Import Request.
  Time since last request: 3.552858 seconds.
  path: Assets/Levels/LvL_3.unity
  artifactKey: Guid(38b06d821355b2b418cb9cf112b1dd2b) Importer(815301076,1909f56bfc062723c751e8b465ee728b)
Start importing Assets/Levels/LvL_3.unity using Guid(38b06d821355b2b418cb9cf112b1dd2b) Importer(815301076,1909f56bfc062723c751e8b465ee728b)  -> (artifact id: 'd1b02255abfa29cdbf114df9a429016d') in 0.000509 seconds
Number of updated asset objects reloaded before import = 0
Number of asset objects unloaded after import = 0
========================================================================
Received Import Request.
  Time since last request: 9.733730 seconds.
  path: Assets/Levels/LvL_1 1.unity
  artifactKey: Guid(f7c25ea6a1bd59748bebbe1e36cc2d74) Importer(815301076,1909f56bfc062723c751e8b465ee728b)
Start importing Assets/Levels/LvL_1 1.unity using Guid(f7c25ea6a1bd59748bebbe1e36cc2d74) Importer(815301076,1909f56bfc062723c751e8b465ee728b)  -> (artifact id: 'bc0dc2d28a7a70ec83ab6606d82c97c9') in 0.000636 seconds
Number of updated asset objects reloaded before import = 0
Number of asset objects unloaded after import = 0
========================================================================
Received Import Request.
  Time since last request: 5.569952 seconds.
  path: Assets/Levels/LvL_3.unity
  artifactKey: Guid(f7c25ea6a1bd59748bebbe1e36cc2d74) Importer(815301076,1909f56bfc062723c751e8b465ee728b)
Start importing Assets/Levels/LvL_3.unity using Guid(f7c25ea6a1bd59748bebbe1e36cc2d74) Importer(815301076,1909f56bfc062723c751e8b465ee728b)  -> (artifact id: '88370838001c21dc3223b54f0c5fbeeb') in 0.000611 seconds
Number of updated asset objects reloaded before import = 0
Number of asset objects unloaded after import = 0
========================================================================
Received Import Request.
  Time since last request: 1.249156 seconds.
  path: Assets/Levels/LvL_3.unity
  artifactKey: Guid(f7c25ea6a1bd59748bebbe1e36cc2d74) Importer(815301076,1909f56bfc062723c751e8b465ee728b)
Start importing Assets/Levels/LvL_3.unity using Guid(f7c25ea6a1bd59748bebbe1e36cc2d74) Importer(815301076,1909f56bfc062723c751e8b465ee728b)  -> (artifact id: 'ceb8fd7987ce334f99994779d7eab727') in 0.000531 seconds
Number of updated asset objects reloaded before import = 0
Number of asset objects unloaded after import = 0
========================================================================
Received Import Request.
  Time since last request: 6.932427 seconds.
  path: Assets/Levels/LvL_1 1.unity
  artifactKey: Guid(041431e3624fc954ea4456c16842b52e) Importer(815301076,1909f56bfc062723c751e8b465ee728b)
Start importing Assets/Levels/LvL_1 1.unity using Guid(041431e3624fc954ea4456c16842b52e) Importer(815301076,1909f56bfc062723c751e8b465ee728b)  -> (artifact id: '34ff6c57b347552a064fa8c1417a1eb7') in 0.000609 seconds
Number of updated asset objects reloaded before import = 0
Number of asset objects unloaded after import = 0
========================================================================
Received Import Request.
  Time since last request: 8.073797 seconds.
  path: Assets/Levels/LvL_3.unity
  artifactKey: Guid(041431e3624fc954ea4456c16842b52e) Importer(815301076,1909f56bfc062723c751e8b465ee728b)
Start importing Assets/Levels/LvL_3.unity using Guid(041431e3624fc954ea4456c16842b52e) Importer(815301076,1909f56bfc062723c751e8b465ee728b)  -> (artifact id: '81afd00ef1f6b53a4e4fc2eaa4514e9d') in 0.000723 seconds
Number of updated asset objects reloaded before import = 0
Number of asset objects unloaded after import = 0
========================================================================
Received Import Request.
  Time since last request: 38.161474 seconds.
  path: Assets/Visual/3D Models/PolygonParticles/Materials/PolygonParticleFX_Cutout_Round.mat
  artifactKey: Guid(f55d44db4612b10438c11e63bc1ea9ca) Importer(815301076,1909f56bfc062723c751e8b465ee728b)
Start importing Assets/Visual/3D Models/PolygonParticles/Materials/PolygonParticleFX_Cutout_Round.mat using Guid(f55d44db4612b10438c11e63bc1ea9ca) Importer(815301076,1909f56bfc062723c751e8b465ee728b)  -> (artifact id: '05b4325aa409447835edb75bc128369b') in 0.102396 seconds
Number of updated asset objects reloaded before import = 0
Number of asset objects unloaded after import = 2
========================================================================
Received Import Request.
  Time since last request: 32.763632 seconds.
  path: Assets/Visual
  artifactKey: Guid(3ebbf3a0b43091d43931aee841186508) Importer(815301076,1909f56bfc062723c751e8b465ee728b)
Start importing Assets/Visual using Guid(3ebbf3a0b43091d43931aee841186508) Importer(815301076,1909f56bfc062723c751e8b465ee728b)  -> (artifact id: '1ca9fafb48c0077997d64d84b8858494') in 0.000667 seconds
Number of updated asset objects reloaded before import = 0
Number of asset objects unloaded after import = 0
========================================================================
Received Import Request.
  Time since last request: 1.714491 seconds.
  path: Assets/Visual/3D Models
  artifactKey: Guid(b1db663e2cadbdb4680db045a77c87a6) Importer(815301076,1909f56bfc062723c751e8b465ee728b)
Start importing Assets/Visual/3D Models using Guid(b1db663e2cadbdb4680db045a77c87a6) Importer(815301076,1909f56bfc062723c751e8b465ee728b)  -> (artifact id: '9efaa17ec40d90b4c8062988e20fb425') in 0.007533 seconds
Number of updated asset objects reloaded before import = 0
Number of asset objects unloaded after import = 0
========================================================================
Received Import Request.
  Time since last request: 0.882529 seconds.
  path: Assets/Visual/3D Models/PolygonSciFiCity
  artifactKey: Guid(9a04d282745875648bda6b07229b583c) Importer(815301076,1909f56bfc062723c751e8b465ee728b)
Start importing Assets/Visual/3D Models/PolygonSciFiCity using Guid(9a04d282745875648bda6b07229b583c) Importer(815301076,1909f56bfc062723c751e8b465ee728b)  -> (artifact id: '21155268da0aed63dac626f6c763f43a') in 0.000539 seconds
Number of updated asset objects reloaded before import = 0
Number of asset objects unloaded after import = 0
========================================================================
Received Import Request.
  Time since last request: 3.305261 seconds.
  path: Assets/Visual/3D Models/PolygonSciFiCity/Prefabs
  artifactKey: Guid(8b5775697679b364886cc9b765cbadd4) Importer(815301076,1909f56bfc062723c751e8b465ee728b)
Start importing Assets/Visual/3D Models/PolygonSciFiCity/Prefabs using Guid(8b5775697679b364886cc9b765cbadd4) Importer(815301076,1909f56bfc062723c751e8b465ee728b)  -> (artifact id: '948eb487c4a75ae55ad026f06ec7ecc2') in 0.000584 seconds
Number of updated asset objects reloaded before import = 0
Number of asset objects unloaded after import = 0
========================================================================
Received Import Request.
  Time since last request: 1.953203 seconds.
  path: Assets/Visual/3D Models/PolygonSciFiCity/Prefabs/FX
  artifactKey: Guid(64bcbf13ca7a2894dadb2665d240b509) Importer(815301076,1909f56bfc062723c751e8b465ee728b)
Start importing Assets/Visual/3D Models/PolygonSciFiCity/Prefabs/FX using Guid(64bcbf13ca7a2894dadb2665d240b509) Importer(815301076,1909f56bfc062723c751e8b465ee728b)  -> (artifact id: '5da7b6518df583ae05f79cec53f6bd9a') in 0.000686 seconds
Number of updated asset objects reloaded before import = 0
Number of asset objects unloaded after import = 0
========================================================================
Received Import Request.
  Time since last request: 0.072123 seconds.
  path: Assets/Visual/3D Models/PolygonSciFiCity/Prefabs/FX/Exhaust_Trail.prefab
  artifactKey: Guid(d7786caaf9ad4b44988ff1c5ac5c10c0) Importer(815301076,1909f56bfc062723c751e8b465ee728b)
Start importing Assets/Visual/3D Models/PolygonSciFiCity/Prefabs/FX/Exhaust_Trail.prefab using Guid(d7786caaf9ad4b44988ff1c5ac5c10c0) Importer(815301076,1909f56bfc062723c751e8b465ee728b)  -> (artifact id: 'b5b97c5dbe1abca2f54af2fc6ff9fe72') in 0.055560 seconds
Number of updated asset objects reloaded before import = 0
Number of asset objects unloaded after import = 8
========================================================================
Received Import Request.
  Time since last request: 0.000022 seconds.
  path: Assets/Visual/3D Models/PolygonSciFiCity/Prefabs/FX/FX_Laser_Shotgun.prefab
  artifactKey: Guid(42e227b1c80c09a4d847427380f80790) Importer(815301076,1909f56bfc062723c751e8b465ee728b)
Start importing Assets/Visual/3D Models/PolygonSciFiCity/Prefabs/FX/FX_Laser_Shotgun.prefab using Guid(42e227b1c80c09a4d847427380f80790) Importer(815301076,1909f56bfc062723c751e8b465ee728b)  -> (artifact id: '948e382b6742c2b3ddcf6319661a6c98') in 0.040336 seconds
Number of updated asset objects reloaded before import = 0
Number of asset objects unloaded after import = 8
========================================================================
Received Import Request.
  Time since last request: 0.000019 seconds.
  path: Assets/Visual/3D Models/PolygonSciFiCity/Prefabs/FX/FX_RingLight.prefab
  artifactKey: Guid(152aaf0661d249942b17cc2758dfc03d) Importer(815301076,1909f56bfc062723c751e8b465ee728b)
Start importing Assets/Visual/3D Models/PolygonSciFiCity/Prefabs/FX/FX_RingLight.prefab using Guid(152aaf0661d249942b17cc2758dfc03d) Importer(815301076,1909f56bfc062723c751e8b465ee728b)  -> (artifact id: '2898e95d5130a0ad9707494863aeee74') in 0.037308 seconds
Number of updated asset objects reloaded before import = 0
Number of asset objects unloaded after import = 6
========================================================================
Received Import Request.
  Time since last request: 0.000018 seconds.
  path: Assets/Visual/3D Models/PolygonSciFiCity/Prefabs/FX/Smoke_Drift_FX.prefab
  artifactKey: Guid(ca91aba3576339847bb9eede6f040b07) Importer(815301076,1909f56bfc062723c751e8b465ee728b)
Start importing Assets/Visual/3D Models/PolygonSciFiCity/Prefabs/FX/Smoke_Drift_FX.prefab using Guid(ca91aba3576339847bb9eede6f040b07) Importer(815301076,1909f56bfc062723c751e8b465ee728b)  -> (artifact id: '919b7ca54d23ff34bd3496ab9ada52da') in 0.161418 seconds
Number of updated asset objects reloaded before import = 0
Number of asset objects unloaded after import = 8
========================================================================
Received Import Request.
  Time since last request: 0.000020 seconds.
  path: Assets/Visual/3D Models/PolygonSciFiCity/Prefabs/FX/FX_Beacon.prefab
  artifactKey: Guid(b22a8556d083fa44c990ed50e9c42227) Importer(815301076,1909f56bfc062723c751e8b465ee728b)
Start importing Assets/Visual/3D Models/PolygonSciFiCity/Prefabs/FX/FX_Beacon.prefab using Guid(b22a8556d083fa44c990ed50e9c42227) Importer(815301076,1909f56bfc062723c751e8b465ee728b)  -> (artifact id: 'f3345aa0cd48a7fc1f43fd1ba700030a') in 0.010995 seconds
Number of updated asset objects reloaded before import = 0
Number of asset objects unloaded after import = 11
========================================================================
Received Import Request.
  Time since last request: 0.000024 seconds.
  path: Assets/Visual/3D Models/PolygonSciFiCity/Prefabs/FX/FX_Laser_Bullet.prefab
  artifactKey: Guid(b5b28bfa5c3fef44caaac12b6aca9ec4) Importer(815301076,1909f56bfc062723c751e8b465ee728b)
Start importing Assets/Visual/3D Models/PolygonSciFiCity/Prefabs/FX/FX_Laser_Bullet.prefab using Guid(b5b28bfa5c3fef44caaac12b6aca9ec4) Importer(815301076,1909f56bfc062723c751e8b465ee728b)  -> (artifact id: 'cb7c182d2c0c99c21f80b8a43910dcb2') in 0.012236 seconds
Number of updated asset objects reloaded before import = 0
Number of asset objects unloaded after import = 14
========================================================================
Received Import Request.
  Time since last request: 0.000018 seconds.
  path: Assets/Visual/3D Models/PolygonSciFiCity/Prefabs/FX/FX_Flame.prefab
  artifactKey: Guid(55c86e0c7bf19d545acec6387f8704db) Importer(815301076,1909f56bfc062723c751e8b465ee728b)
Start importing Assets/Visual/3D Models/PolygonSciFiCity/Prefabs/FX/FX_Flame.prefab using Guid(55c86e0c7bf19d545acec6387f8704db) Importer(815301076,1909f56bfc062723c751e8b465ee728b)  -> (artifact id: '1f95336c8ae40cff31c2b04c236912f8') in 0.225698 seconds
Number of updated asset objects reloaded before import = 0
Number of asset objects unloaded after import = 9
========================================================================
Received Import Request.
  Time since last request: 0.000017 seconds.
  path: Assets/Visual/3D Models/PolygonSciFiCity/Prefabs/FX/FX_Electricity.prefab
  artifactKey: Guid(2974555caa7a6704eb8f549d99367f35) Importer(815301076,1909f56bfc062723c751e8b465ee728b)
Start importing Assets/Visual/3D Models/PolygonSciFiCity/Prefabs/FX/FX_Electricity.prefab using Guid(2974555caa7a6704eb8f549d99367f35) Importer(815301076,1909f56bfc062723c751e8b465ee728b)  -> (artifact id: 'b26806aa2c3cf03a026f374c957ee4fa') in 0.008360 seconds
Number of updated asset objects reloaded before import = 0
Number of asset objects unloaded after import = 8
========================================================================
Received Import Request.
  Time since last request: 0.000040 seconds.
  path: Assets/Visual/3D Models/PolygonSciFiCity/Prefabs/FX/FX_LightRayCube.prefab
  artifactKey: Guid(07bee576df5b5e049a39f20f65b6ddb1) Importer(815301076,1909f56bfc062723c751e8b465ee728b)
Start importing Assets/Visual/3D Models/PolygonSciFiCity/Prefabs/FX/FX_LightRayCube.prefab using Guid(07bee576df5b5e049a39f20f65b6ddb1) Importer(815301076,1909f56bfc062723c751e8b465ee728b)  -> (artifact id: '3a43eda3cfe2b4072ec5f943dad5ade8') in 0.012418 seconds
Number of updated asset objects reloaded before import = 0
Number of asset objects unloaded after import = 17
========================================================================
Received Import Request.
  Time since last request: 0.000021 seconds.
  path: Assets/Visual/3D Models/PolygonSciFiCity/Prefabs/FX/Fire_02_FX.prefab
  artifactKey: Guid(f65b497ff807d95439b38e7da2fab667) Importer(815301076,1909f56bfc062723c751e8b465ee728b)
Start importing Assets/Visual/3D Models/PolygonSciFiCity/Prefabs/FX/Fire_02_FX.prefab using Guid(f65b497ff807d95439b38e7da2fab667) Importer(815301076,1909f56bfc062723c751e8b465ee728b)  -> (artifact id: '3bf2234c0777a5de9186918f5cd27f81') in 0.009461 seconds
Number of updated asset objects reloaded before import = 0
Number of asset objects unloaded after import = 7
========================================================================
Received Import Request.
  Time since last request: 0.000017 seconds.
  path: Assets/Visual/3D Models/PolygonSciFiCity/Prefabs/FX/FX_Steam.prefab
  artifactKey: Guid(de0fb8fabb4497b4fb140cddb057abbf) Importer(815301076,1909f56bfc062723c751e8b465ee728b)
Start importing Assets/Visual/3D Models/PolygonSciFiCity/Prefabs/FX/FX_Steam.prefab using Guid(de0fb8fabb4497b4fb140cddb057abbf) Importer(815301076,1909f56bfc062723c751e8b465ee728b)  -> (artifact id: '74ff40138cb34cf997363698138fb035') in 0.008598 seconds
Number of updated asset objects reloaded before import = 0
Number of asset objects unloaded after import = 7
========================================================================
Received Import Request.
  Time since last request: 0.000018 seconds.
  path: Assets/Visual/3D Models/PolygonSciFiCity/Prefabs/FX/FX_Laser_Shot.prefab
  artifactKey: Guid(10719f104ece0ac4891ff8aaf5041b45) Importer(815301076,1909f56bfc062723c751e8b465ee728b)
Start importing Assets/Visual/3D Models/PolygonSciFiCity/Prefabs/FX/FX_Laser_Shot.prefab using Guid(10719f104ece0ac4891ff8aaf5041b45) Importer(815301076,1909f56bfc062723c751e8b465ee728b)  -> (artifact id: '3de81abcbc709ea0aa81a1f6531ef762') in 0.008301 seconds
Number of updated asset objects reloaded before import = 0
Number of asset objects unloaded after import = 8
========================================================================
Received Import Request.
  Time since last request: 0.000017 seconds.
  path: Assets/Visual/3D Models/PolygonSciFiCity/Prefabs/FX/Smoke_Small_Light_FX.prefab
  artifactKey: Guid(88458a60107da3140a2e173fe916bbfb) Importer(815301076,1909f56bfc062723c751e8b465ee728b)
Start importing Assets/Visual/3D Models/PolygonSciFiCity/Prefabs/FX/Smoke_Small_Light_FX.prefab using Guid(88458a60107da3140a2e173fe916bbfb) Importer(815301076,1909f56bfc062723c751e8b465ee728b)  -> (artifact id: '0aa6691e3355d464b2907827cec8b98d') in 0.007652 seconds
Number of updated asset objects reloaded before import = 0
Number of asset objects unloaded after import = 7
========================================================================
Received Import Request.
  Time since last request: 0.000021 seconds.
  path: Assets/Visual/3D Models/PolygonSciFiCity/Prefabs/FX/FX_Hologram_Base.prefab
  artifactKey: Guid(81ecd218ad64d78478c5b09889c1b958) Importer(815301076,1909f56bfc062723c751e8b465ee728b)
Start importing Assets/Visual/3D Models/PolygonSciFiCity/Prefabs/FX/FX_Hologram_Base.prefab using Guid(81ecd218ad64d78478c5b09889c1b958) Importer(815301076,1909f56bfc062723c751e8b465ee728b)  -> (artifact id: '6ef69220d4e1469f83e51243ec492455') in 0.015781 seconds
Number of updated asset objects reloaded before import = 0
Number of asset objects unloaded after import = 29
========================================================================
Received Import Request.
  Time since last request: 0.000016 seconds.
  path: Assets/Visual/3D Models/PolygonSciFiCity/Prefabs/FX/FX_Flame_Booster.prefab
  artifactKey: Guid(c3ef8cb5c23f37b439f55fc218032488) Importer(815301076,1909f56bfc062723c751e8b465ee728b)
Start importing Assets/Visual/3D Models/PolygonSciFiCity/Prefabs/FX/FX_Flame_Booster.prefab using Guid(c3ef8cb5c23f37b439f55fc218032488) Importer(815301076,1909f56bfc062723c751e8b465ee728b)  -> (artifact id: 'd0232b55d2144d0715d15984f7bc0162') in 0.009609 seconds
Number of updated asset objects reloaded before import = 0
Number of asset objects unloaded after import = 9
Editor requested this worker to shutdown with reason: Scaling down because of idle timeout
TcpMessagingSession - receive error: operation aborted. errorcode: 995, details: ќпераци€ ввода/вывода была прервана из-за завершени€ потока команд или по запросу приложени€.
AssetImportWorker is now disconnected from the server
Process exiting
Exiting without the bug reporter. Application will terminate with return code 0