Using pre-set license
Built from '2022.3/staging' branch; Version is '2022.3.11f1 (d00248457e15) revision 13632072'; Using compiler version '192829333'; Build Type 'Release'
OS: 'Windows 11  (10.0.22000) 64bit CoreSingleLanguage' Language: 'ru' Physical Memory: 15715 MB
BatchMode: 1, IsHumanControllingUs: 0, StartBugReporterOnCrash: 0, Is64bit: 1, IsPro: 1

COMMAND LINE ARGUMENTS:
C:\Program Files\Unity\Hub\Editor\2022.3.11f1\Editor\Unity.exe
-adb2
-batchMode
-noUpm
-name
AssetImportWorker11
-projectPath
C:/Users/dimpr/Documents/GitHub/Emit-the-Cycle-Story
-logFile
Logs/AssetImportWorker11.log
-srvPort
60327
Successfully changed project path to: C:/Users/dimpr/Documents/GitHub/Emit-the-Cycle-Story
C:/Users/dimpr/Documents/GitHub/Emit-the-Cycle-Story
[UnityMemory] Configuration Parameters - Can be set up in boot.config
    "memorysetup-bucket-allocator-granularity=16"
    "memorysetup-bucket-allocator-bucket-count=8"
    "memorysetup-bucket-allocator-block-size=33554432"
    "memorysetup-bucket-allocator-block-count=8"
    "memorysetup-main-allocator-block-size=16777216"
    "memorysetup-thread-allocator-block-size=16777216"
    "memorysetup-gfx-main-allocator-block-size=16777216"
    "memorysetup-gfx-thread-allocator-block-size=16777216"
    "memorysetup-cache-allocator-block-size=4194304"
    "memorysetup-typetree-allocator-block-size=2097152"
    "memorysetup-profiler-bucket-allocator-granularity=16"
    "memorysetup-profiler-bucket-allocator-bucket-count=8"
    "memorysetup-profiler-bucket-allocator-block-size=33554432"
    "memorysetup-profiler-bucket-allocator-block-count=8"
    "memorysetup-profiler-allocator-block-size=16777216"
    "memorysetup-profiler-editor-allocator-block-size=1048576"
    "memorysetup-temp-allocator-size-main=16777216"
    "memorysetup-job-temp-allocator-block-size=2097152"
    "memorysetup-job-temp-allocator-block-size-background=1048576"
    "memorysetup-job-temp-allocator-reduction-small-platforms=262144"
    "memorysetup-allocator-temp-initial-block-size-main=262144"
    "memorysetup-allocator-temp-initial-block-size-worker=262144"
    "memorysetup-temp-allocator-size-background-worker=32768"
    "memorysetup-temp-allocator-size-job-worker=262144"
    "memorysetup-temp-allocator-size-preload-manager=33554432"
    "memorysetup-temp-allocator-size-nav-mesh-worker=65536"
    "memorysetup-temp-allocator-size-audio-worker=65536"
    "memorysetup-temp-allocator-size-cloud-worker=32768"
    "memorysetup-temp-allocator-size-gi-baking-worker=262144"
    "memorysetup-temp-allocator-size-gfx=262144"
Player connection [5244] Host "[IP] 192.168.0.107 [Port] 0 [Flags] 2 [Guid] 3704785432 [EditorId] 3704785432 [Version] 1048832 [Id] WindowsEditor(7,LAPTOP-5U3T1134) [Debug] 1 [PackageName] WindowsEditor [ProjectName] Editor" joined multi-casting on [225.0.0.222:54997]...

Player connection [5244] Host "[IP] 192.168.0.107 [Port] 0 [Flags] 2 [Guid] 3704785432 [EditorId] 3704785432 [Version] 1048832 [Id] WindowsEditor(7,LAPTOP-5U3T1134) [Debug] 1 [PackageName] WindowsEditor [ProjectName] Editor" joined alternative multi-casting on [225.0.0.222:34997]...

[Physics::Module] Initialized MultithreadedJobDispatcher with 11 workers.
Refreshing native plugins compatible for Editor in 20.97 ms, found 3 plugins.
Preloading 0 native plugins for Editor in 0.00 ms.
Initialize engine version: 2022.3.11f1 (d00248457e15)
[Subsystems] Discovering subsystems at path C:/Program Files/Unity/Hub/Editor/2022.3.11f1/Editor/Data/Resources/UnitySubsystems
[Subsystems] Discovering subsystems at path C:/Users/dimpr/Documents/GitHub/Emit-the-Cycle-Story/Assets
GfxDevice: creating device client; threaded=0; jobified=0
Direct3D:
    Version:  Direct3D 11.0 [level 11.1]
    Renderer: NVIDIA GeForce RTX 3060 Laptop GPU (ID=0x2520)
    Vendor:   NVIDIA
    VRAM:     6010 MB
    Driver:   31.0.15.4584
Initialize mono
Mono path[0] = 'C:/Program Files/Unity/Hub/Editor/2022.3.11f1/Editor/Data/Managed'
Mono path[1] = 'C:/Program Files/Unity/Hub/Editor/2022.3.11f1/Editor/Data/MonoBleedingEdge/lib/mono/unityjit-win32'
Mono config path = 'C:/Program Files/Unity/Hub/Editor/2022.3.11f1/Editor/Data/MonoBleedingEdge/etc'
Using monoOptions --debugger-agent=transport=dt_socket,embedding=1,server=y,suspend=n,address=127.0.0.1:56724
Begin MonoManager ReloadAssembly
Registering precompiled unity dll's ...
Register platform support module: C:/Program Files/Unity/Hub/Editor/2022.3.11f1/Editor/Data/PlaybackEngines/AndroidPlayer/UnityEditor.Android.Extensions.dll
Register platform support module: C:/Program Files/Unity/Hub/Editor/2022.3.11f1/Editor/Data/PlaybackEngines/WindowsStandaloneSupport/UnityEditor.WindowsStandalone.Extensions.dll
Registered in 0.011844 seconds.
- Loaded All Assemblies, in  0.440 seconds
Native extension for WindowsStandalone target not found
Native extension for Android target not found
Android Extension - Scanning For ADB Devices 248 ms
Mono: successfully reloaded assembly
- Finished resetting the current domain, in  0.654 seconds
Domain Reload Profiling: 1091ms
	BeginReloadAssembly (124ms)
		ExecutionOrderSort (0ms)
		DisableScriptedObjects (0ms)
		BackupInstance (0ms)
		ReleaseScriptingObjects (0ms)
		CreateAndSetChildDomain (1ms)
	RebuildCommonClasses (43ms)
	RebuildNativeTypeToScriptingClass (14ms)
	initialDomainReloadingComplete (81ms)
	LoadAllAssembliesAndSetupDomain (174ms)
		LoadAssemblies (121ms)
		RebuildTransferFunctionScriptingTraits (0ms)
		AnalyzeDomain (171ms)
			TypeCache.Refresh (170ms)
				TypeCache.ScanAssembly (156ms)
			ScanForSourceGeneratedMonoScriptInfo (0ms)
			ResolveRequiredComponents (1ms)
	FinalizeReload (655ms)
		ReleaseScriptCaches (0ms)
		RebuildScriptCaches (0ms)
		SetupLoadedEditorAssemblies (582ms)
			LogAssemblyErrors (0ms)
			InitializePlatformSupportModulesInManaged (384ms)
			SetLoadedEditorAssemblies (4ms)
			RefreshPlugins (0ms)
			BeforeProcessingInitializeOnLoad (4ms)
			ProcessInitializeOnLoadAttributes (129ms)
			ProcessInitializeOnLoadMethodAttributes (61ms)
			AfterProcessingInitializeOnLoad (0ms)
			EditorAssembliesLoaded (0ms)
		ExecutionOrderSort2 (0ms)
		AwakeInstancesAfterBackupRestoration (0ms)
========================================================================
Worker process is ready to serve import requests
Begin MonoManager ReloadAssembly
Symbol file LoadedFromMemory is not a mono symbol file
- Loaded All Assemblies, in  0.970 seconds
Refreshing native plugins compatible for Editor in 7.10 ms, found 3 plugins.
Native extension for WindowsStandalone target not found
Native extension for Android target not found
[MODES] ModeService[none].Initialize
[MODES] ModeService[none].LoadModes
[MODES] Loading mode Default (0) for mode-current-id-EM
Package Manager log level set to [2]
[Package Manager] Server::EnsureServerProcessIsRunning -- launch failed, reason: Unity was launched with the -noUpm command-line argument
[Package Manager] UpmClient::Send -- Unable to send message (not connected to UPM process).
[Package Manager] Cannot connect to Unity Package Manager local server
Mono: successfully reloaded assembly
- Finished resetting the current domain, in  1.091 seconds
Domain Reload Profiling: 2055ms
	BeginReloadAssembly (179ms)
		ExecutionOrderSort (0ms)
		DisableScriptedObjects (9ms)
		BackupInstance (0ms)
		ReleaseScriptingObjects (0ms)
		CreateAndSetChildDomain (26ms)
	RebuildCommonClasses (42ms)
	RebuildNativeTypeToScriptingClass (12ms)
	initialDomainReloadingComplete (43ms)
	LoadAllAssembliesAndSetupDomain (687ms)
		LoadAssemblies (445ms)
		RebuildTransferFunctionScriptingTraits (0ms)
		AnalyzeDomain (344ms)
			TypeCache.Refresh (293ms)
				TypeCache.ScanAssembly (267ms)
			ScanForSourceGeneratedMonoScriptInfo (35ms)
			ResolveRequiredComponents (14ms)
	FinalizeReload (1092ms)
		ReleaseScriptCaches (0ms)
		RebuildScriptCaches (0ms)
		SetupLoadedEditorAssemblies (875ms)
			LogAssemblyErrors (0ms)
			InitializePlatformSupportModulesInManaged (31ms)
			SetLoadedEditorAssemblies (4ms)
			RefreshPlugins (0ms)
			BeforeProcessingInitializeOnLoad (111ms)
			ProcessInitializeOnLoadAttributes (632ms)
			ProcessInitializeOnLoadMethodAttributes (86ms)
			AfterProcessingInitializeOnLoad (10ms)
			EditorAssembliesLoaded (0ms)
		ExecutionOrderSort2 (0ms)
		AwakeInstancesAfterBackupRestoration (7ms)
Launched and connected shader compiler UnityShaderCompiler.exe after 0.04 seconds
Refreshing native plugins compatible for Editor in 5.74 ms, found 3 plugins.
Preloading 0 native plugins for Editor in 0.00 ms.
Unloading 5908 Unused Serialized files (Serialized files now loaded: 0)
Unloading 207 unused Assets / (10.1 MB). Loaded Objects now: 6256.
Memory consumption went from 244.2 MB to 234.1 MB.
Total: 8.964100 ms (FindLiveObjects: 0.754900 ms CreateObjectMapping: 0.316100 ms MarkObjects: 4.193700 ms  DeleteObjects: 3.697700 ms)

AssetImportParameters requested are different than current active one (requested -> active):
  custom:container-demuxer-ogg: 62fdf1f143b41e24485cea50d1cbac27 -> 
  custom:video-codec-MediaFoundation-h265: 746d11721c4dcdbdad8f713fa42b33f4 -> 
  custom:video-decoder-ogg-theora: a1e56fd34408186e4bbccfd4996cb3dc -> 
  custom:framework-win-MediaFoundation: 216162199b28c13a410421893ffa2e32 -> 
  custom:CustomObjectIndexerAttribute: d54d2f2da18e7612c182cf67624b6b12 -> 
  custom:container-demuxer-webm: 4f35f7cbe854078d1ac9338744f61a02 -> 
  custom:container-muxer-webm: aa71ff27fc2769a1b78a27578f13a17b -> 
  custom:video-decoder-webm-vp8: 9c59270c3fd7afecdb556c50c9e8de78 -> 
  custom:SearchIndexIgnoredProperties: e643bd26f0fe6173181afceb89e7c659 -> 
  custom:AudioImporter_EditorPlatform: d09bf68614088b80899f8185d706f6e7 -> 
  custom:video-encoder-webm-vp8: eb34c28f22e8b96e1ab97ce403110664 -> 
  custom:audio-decoder-ogg-vorbis: bf7c407c2cedff20999df2af8eb42d56 -> 
  custom:audio-encoder-webm-vorbis: bf7c407c2cedff20999df2af8eb42d56 -> 
========================================================================
Received Import Request.
  Time since last request: 5250.423027 seconds.
  path: Assets/Visual/Animation/Universal_Traversal_Anims/Art/Animations/In_Place_Versions/AnimSeq_Traversal_BalanceBeam_Forward_Loop.FBX
  artifactKey: Guid(ce1618c445ab66b4dace5127f245285e) Importer(815301076,1909f56bfc062723c751e8b465ee728b)
Start importing Assets/Visual/Animation/Universal_Traversal_Anims/Art/Animations/In_Place_Versions/AnimSeq_Traversal_BalanceBeam_Forward_Loop.FBX using Guid(ce1618c445ab66b4dace5127f245285e) Importer(815301076,1909f56bfc062723c751e8b465ee728b)  -> (artifact id: '0692593e00237c99024469ddb35fbb4f') in 0.036399 seconds
Number of updated asset objects reloaded before import = 0
Number of asset objects unloaded after import = 141
========================================================================
Received Import Request.
  Time since last request: 1.495795 seconds.
  path: Assets/Visual/Animation/Universal_Traversal_Anims/Art/Animations/In_Place_Versions/AnimSeq_Traversal_BalanceBeam_Forward_LoopFast.FBX
  artifactKey: Guid(c46af7d60149f1946b81d5510e6efb2f) Importer(815301076,1909f56bfc062723c751e8b465ee728b)
Start importing Assets/Visual/Animation/Universal_Traversal_Anims/Art/Animations/In_Place_Versions/AnimSeq_Traversal_BalanceBeam_Forward_LoopFast.FBX using Guid(c46af7d60149f1946b81d5510e6efb2f) Importer(815301076,1909f56bfc062723c751e8b465ee728b)  -> (artifact id: 'f1cedcf0355ab3bb3c7ea3788285cee9') in 0.005900 seconds
Number of updated asset objects reloaded before import = 0
Number of asset objects unloaded after import = 141
========================================================================
Received Import Request.
  Time since last request: 0.027691 seconds.
  path: Assets/Visual/Animation/Universal_Traversal_Anims/Art/Animations/In_Place_Versions/AnimSeq_Traversal_BalanceBeam_Forward_Run.FBX
  artifactKey: Guid(04cb2ef30d1605c4bb41209efb253875) Importer(815301076,1909f56bfc062723c751e8b465ee728b)
Start importing Assets/Visual/Animation/Universal_Traversal_Anims/Art/Animations/In_Place_Versions/AnimSeq_Traversal_BalanceBeam_Forward_Run.FBX using Guid(04cb2ef30d1605c4bb41209efb253875) Importer(815301076,1909f56bfc062723c751e8b465ee728b)  -> (artifact id: '891dfcd63bf94d0d1b0a483705e1cd01') in 0.005440 seconds
Number of updated asset objects reloaded before import = 0
Number of asset objects unloaded after import = 141
========================================================================
Received Import Request.
  Time since last request: 0.265828 seconds.
  path: Assets/Visual/Animation/Universal_Traversal_Anims/Art/Animations/In_Place_Versions/AnimSeq_Traversal_BalanceBeam_Forward_Start.FBX
  artifactKey: Guid(76cefb26a2922c641b5ee16123f4a32d) Importer(815301076,1909f56bfc062723c751e8b465ee728b)
Start importing Assets/Visual/Animation/Universal_Traversal_Anims/Art/Animations/In_Place_Versions/AnimSeq_Traversal_BalanceBeam_Forward_Start.FBX using Guid(76cefb26a2922c641b5ee16123f4a32d) Importer(815301076,1909f56bfc062723c751e8b465ee728b)  -> (artifact id: '3b4d5c72782a797bcff9189ccafc0999') in 0.005984 seconds
Number of updated asset objects reloaded before import = 0
Number of asset objects unloaded after import = 141
========================================================================
Received Import Request.
  Time since last request: 0.007710 seconds.
  path: Assets/Visual/Animation/Universal_Traversal_Anims/Art/Animations/In_Place_Versions/AnimSeq_Traversal_BalanceBeam_Forward_WholeSequence.FBX
  artifactKey: Guid(342161438d00fc948aedefdc256bb447) Importer(815301076,1909f56bfc062723c751e8b465ee728b)
Start importing Assets/Visual/Animation/Universal_Traversal_Anims/Art/Animations/In_Place_Versions/AnimSeq_Traversal_BalanceBeam_Forward_WholeSequence.FBX using Guid(342161438d00fc948aedefdc256bb447) Importer(815301076,1909f56bfc062723c751e8b465ee728b)  -> (artifact id: 'd7a8060a7b0e90d0dd7ee6003165828e') in 0.006308 seconds
Number of updated asset objects reloaded before import = 0
Number of asset objects unloaded after import = 141
========================================================================
Received Import Request.
  Time since last request: 0.018727 seconds.
  path: Assets/Visual/Animation/Universal_Traversal_Anims/Art/Animations/In_Place_Versions/AnimSeq_Traversal_BalanceBeam_Idle.FBX
  artifactKey: Guid(118a1d1bbea8f0b4e943ef6bcabd0ff2) Importer(815301076,1909f56bfc062723c751e8b465ee728b)
Start importing Assets/Visual/Animation/Universal_Traversal_Anims/Art/Animations/In_Place_Versions/AnimSeq_Traversal_BalanceBeam_Idle.FBX using Guid(118a1d1bbea8f0b4e943ef6bcabd0ff2) Importer(815301076,1909f56bfc062723c751e8b465ee728b)  -> (artifact id: '3b218e0e7dc7efca1d22cb75b9905400') in 0.006745 seconds
Number of updated asset objects reloaded before import = 0
Number of asset objects unloaded after import = 141
========================================================================
Received Import Request.
  Time since last request: 0.234474 seconds.
  path: Assets/Visual/Animation/Universal_Traversal_Anims/Art/Animations/In_Place_Versions/AnimSeq_Traversal_BarSwing_ForwardAcross_Hanging_180Turn.FBX
  artifactKey: Guid(9d948a08402526d488b89a928e6a4c8c) Importer(815301076,1909f56bfc062723c751e8b465ee728b)
Start importing Assets/Visual/Animation/Universal_Traversal_Anims/Art/Animations/In_Place_Versions/AnimSeq_Traversal_BarSwing_ForwardAcross_Hanging_180Turn.FBX using Guid(9d948a08402526d488b89a928e6a4c8c) Importer(815301076,1909f56bfc062723c751e8b465ee728b)  -> (artifact id: '0959198bd806442cabe83ca28633c286') in 0.006074 seconds
Number of updated asset objects reloaded before import = 0
Number of asset objects unloaded after import = 141
========================================================================
Received Import Request.
  Time since last request: 0.031019 seconds.
  path: Assets/Visual/Animation/Universal_Traversal_Anims/Art/Animations/In_Place_Versions/AnimSeq_Traversal_BarSwing_ForwardAcross_Hanging_Shimmy_Right.FBX
  artifactKey: Guid(948670caa25627246a45c5d2ba25ecdc) Importer(815301076,1909f56bfc062723c751e8b465ee728b)
Start importing Assets/Visual/Animation/Universal_Traversal_Anims/Art/Animations/In_Place_Versions/AnimSeq_Traversal_BarSwing_ForwardAcross_Hanging_Shimmy_Right.FBX using Guid(948670caa25627246a45c5d2ba25ecdc) Importer(815301076,1909f56bfc062723c751e8b465ee728b)  -> (artifact id: 'b5225a2b91bc2c1a014da8e0fe821225') in 0.005959 seconds
Number of updated asset objects reloaded before import = 0
Number of asset objects unloaded after import = 141
========================================================================
Received Import Request.
  Time since last request: 0.000018 seconds.
  path: Assets/Visual/Animation/Universal_Traversal_Anims/Art/Animations/In_Place_Versions/AnimSeq_Traversal_BarSwing_ForwardAcross_HangingIdle.FBX
  artifactKey: Guid(7de68bc0f53a949459c4e314607a7391) Importer(815301076,1909f56bfc062723c751e8b465ee728b)
Start importing Assets/Visual/Animation/Universal_Traversal_Anims/Art/Animations/In_Place_Versions/AnimSeq_Traversal_BarSwing_ForwardAcross_HangingIdle.FBX using Guid(7de68bc0f53a949459c4e314607a7391) Importer(815301076,1909f56bfc062723c751e8b465ee728b)  -> (artifact id: 'e8abfe8cbca45f67d1f970e745ab69f1') in 0.004799 seconds
Number of updated asset objects reloaded before import = 0
Number of asset objects unloaded after import = 141
========================================================================
Received Import Request.
  Time since last request: 0.003292 seconds.
  path: Assets/Visual/Animation/Universal_Traversal_Anims/Art/Animations/In_Place_Versions/AnimSeq_Traversal_BarSwing_ForwardAcross_KipUp.FBX
  artifactKey: Guid(18176fffb5c1dd742b3371a28bd9b49a) Importer(815301076,1909f56bfc062723c751e8b465ee728b)
Start importing Assets/Visual/Animation/Universal_Traversal_Anims/Art/Animations/In_Place_Versions/AnimSeq_Traversal_BarSwing_ForwardAcross_KipUp.FBX using Guid(18176fffb5c1dd742b3371a28bd9b49a) Importer(815301076,1909f56bfc062723c751e8b465ee728b)  -> (artifact id: '063435f4474e7487e9b8b52055c57fa5') in 0.004949 seconds
Number of updated asset objects reloaded before import = 0
Number of asset objects unloaded after import = 141
========================================================================
Received Import Request.
  Time since last request: 0.016558 seconds.
  path: Assets/Visual/Animation/Universal_Traversal_Anims/Art/Animations/In_Place_Versions/AnimSeq_Traversal_BarSwing_ForwardAcross_KipUpIdle_DropDown_NextBar.FBX
  artifactKey: Guid(4e73af458eebf5c4aa70f60b4b4fe7a1) Importer(815301076,1909f56bfc062723c751e8b465ee728b)
Start importing Assets/Visual/Animation/Universal_Traversal_Anims/Art/Animations/In_Place_Versions/AnimSeq_Traversal_BarSwing_ForwardAcross_KipUpIdle_DropDown_NextBar.FBX using Guid(4e73af458eebf5c4aa70f60b4b4fe7a1) Importer(815301076,1909f56bfc062723c751e8b465ee728b)  -> (artifact id: '99d0a60a3ac3ddd98550c15d1324d43e') in 0.005704 seconds
Number of updated asset objects reloaded before import = 0
Number of asset objects unloaded after import = 141
========================================================================
Received Import Request.
  Time since last request: 0.217400 seconds.
  path: Assets/Visual/Animation/Universal_Traversal_Anims/Art/Animations/In_Place_Versions/AnimSeq_Traversal_BarSwing_ForwardAcross_KipUpIdle_To_HangingIdle.FBX
  artifactKey: Guid(bd7f35ffd99858246a060beb885f4bd7) Importer(815301076,1909f56bfc062723c751e8b465ee728b)
Start importing Assets/Visual/Animation/Universal_Traversal_Anims/Art/Animations/In_Place_Versions/AnimSeq_Traversal_BarSwing_ForwardAcross_KipUpIdle_To_HangingIdle.FBX using Guid(bd7f35ffd99858246a060beb885f4bd7) Importer(815301076,1909f56bfc062723c751e8b465ee728b)  -> (artifact id: '0efbe3dde6bcf8212e3933d0bb164629') in 0.005887 seconds
Number of updated asset objects reloaded before import = 0
Number of asset objects unloaded after import = 141
========================================================================
Received Import Request.
  Time since last request: 0.029985 seconds.
  path: Assets/Visual/Animation/Universal_Traversal_Anims/Art/Animations/In_Place_Versions/AnimSeq_Traversal_BarSwing_ForwardAcross_PreJump.FBX
  artifactKey: Guid(fe779f00971424d4ca9d2734835158f0) Importer(815301076,1909f56bfc062723c751e8b465ee728b)
Start importing Assets/Visual/Animation/Universal_Traversal_Anims/Art/Animations/In_Place_Versions/AnimSeq_Traversal_BarSwing_ForwardAcross_PreJump.FBX using Guid(fe779f00971424d4ca9d2734835158f0) Importer(815301076,1909f56bfc062723c751e8b465ee728b)  -> (artifact id: 'b272da80fd806186235c5ab8a2665df5') in 0.005386 seconds
Number of updated asset objects reloaded before import = 0
Number of asset objects unloaded after import = 141
========================================================================
Received Import Request.
  Time since last request: 0.006665 seconds.
  path: Assets/Visual/Animation/Universal_Traversal_Anims/Art/Animations/In_Place_Versions/AnimSeq_Traversal_BarSwing_ForwardAcross_SwingJump.FBX
  artifactKey: Guid(3fe3ee473120eef4785fc6d0febd9281) Importer(815301076,1909f56bfc062723c751e8b465ee728b)
Start importing Assets/Visual/Animation/Universal_Traversal_Anims/Art/Animations/In_Place_Versions/AnimSeq_Traversal_BarSwing_ForwardAcross_SwingJump.FBX using Guid(3fe3ee473120eef4785fc6d0febd9281) Importer(815301076,1909f56bfc062723c751e8b465ee728b)  -> (artifact id: '9a24263546a7908261ff24a6c9ac1309') in 0.005829 seconds
Number of updated asset objects reloaded before import = 0
Number of asset objects unloaded after import = 141
========================================================================
Received Import Request.
  Time since last request: 0.248520 seconds.
  path: Assets/Visual/Animation/Universal_Traversal_Anims/Art/Animations/In_Place_Versions/AnimSeq_Traversal_BarSwing_ForwardAcross_WholeSequence.FBX
  artifactKey: Guid(303b19a159ecab747949a1d378b79981) Importer(815301076,1909f56bfc062723c751e8b465ee728b)
Start importing Assets/Visual/Animation/Universal_Traversal_Anims/Art/Animations/In_Place_Versions/AnimSeq_Traversal_BarSwing_ForwardAcross_WholeSequence.FBX using Guid(303b19a159ecab747949a1d378b79981) Importer(815301076,1909f56bfc062723c751e8b465ee728b)  -> (artifact id: '5970906b07869ad18cd34cc67efc9844') in 0.005782 seconds
Number of updated asset objects reloaded before import = 0
Number of asset objects unloaded after import = 141
========================================================================
Received Import Request.
  Time since last request: 0.025847 seconds.
  path: Assets/Visual/Animation/Universal_Traversal_Anims/Art/Animations/In_Place_Versions/AnimSeq_Traversal_Climb_EdgeHold_Walk_Left.FBX
  artifactKey: Guid(8396b6126ab314047999bd820aa50057) Importer(815301076,1909f56bfc062723c751e8b465ee728b)
Start importing Assets/Visual/Animation/Universal_Traversal_Anims/Art/Animations/In_Place_Versions/AnimSeq_Traversal_Climb_EdgeHold_Walk_Left.FBX using Guid(8396b6126ab314047999bd820aa50057) Importer(815301076,1909f56bfc062723c751e8b465ee728b)  -> (artifact id: '15dc573a80f2410cad28037f627da46a') in 0.005607 seconds
Number of updated asset objects reloaded before import = 0
Number of asset objects unloaded after import = 141
========================================================================
Received Import Request.
  Time since last request: 0.007469 seconds.
  path: Assets/Visual/Animation/Universal_Traversal_Anims/Art/Animations/In_Place_Versions/AnimSeq_Traversal_Climb_End_toCliffTop.FBX
  artifactKey: Guid(d9053710cdd11814099cd8f9952bd4dc) Importer(815301076,1909f56bfc062723c751e8b465ee728b)
Start importing Assets/Visual/Animation/Universal_Traversal_Anims/Art/Animations/In_Place_Versions/AnimSeq_Traversal_Climb_End_toCliffTop.FBX using Guid(d9053710cdd11814099cd8f9952bd4dc) Importer(815301076,1909f56bfc062723c751e8b465ee728b)  -> (artifact id: 'fbd83cd63113ac5fd652a419cdf1c44e') in 0.005968 seconds
Number of updated asset objects reloaded before import = 0
Number of asset objects unloaded after import = 141
========================================================================
Received Import Request.
  Time since last request: 0.000020 seconds.
  path: Assets/Visual/Animation/Universal_Traversal_Anims/Art/Animations/In_Place_Versions/AnimSeq_Traversal_Climb_Leap_Behind.FBX
  artifactKey: Guid(58bd647f53009ed4b920df69ea77d7ce) Importer(815301076,1909f56bfc062723c751e8b465ee728b)
Start importing Assets/Visual/Animation/Universal_Traversal_Anims/Art/Animations/In_Place_Versions/AnimSeq_Traversal_Climb_Leap_Behind.FBX using Guid(58bd647f53009ed4b920df69ea77d7ce) Importer(815301076,1909f56bfc062723c751e8b465ee728b)  -> (artifact id: '6f97fa2cee8cad7771f076bd71609042') in 0.005180 seconds
Number of updated asset objects reloaded before import = 0
Number of asset objects unloaded after import = 141
========================================================================
Received Import Request.
  Time since last request: 0.013467 seconds.
  path: Assets/Visual/Animation/Universal_Traversal_Anims/Art/Animations/In_Place_Versions/AnimSeq_Traversal_Climb_Leap_Behind_Up.FBX
  artifactKey: Guid(a4461cd33f7f98a4ca45379a3380058b) Importer(815301076,1909f56bfc062723c751e8b465ee728b)
Start importing Assets/Visual/Animation/Universal_Traversal_Anims/Art/Animations/In_Place_Versions/AnimSeq_Traversal_Climb_Leap_Behind_Up.FBX using Guid(a4461cd33f7f98a4ca45379a3380058b) Importer(815301076,1909f56bfc062723c751e8b465ee728b)  -> (artifact id: 'b993ed154287e7441019ab11b830754d') in 0.005405 seconds
Number of updated asset objects reloaded before import = 0
Number of asset objects unloaded after import = 141
========================================================================
Received Import Request.
  Time since last request: 0.240534 seconds.
  path: Assets/Visual/Animation/Universal_Traversal_Anims/Art/Animations/In_Place_Versions/AnimSeq_Traversal_Climb_Leap_Right.FBX
  artifactKey: Guid(441f624e6fc01234cbfa88190ae32c7d) Importer(815301076,1909f56bfc062723c751e8b465ee728b)
Start importing Assets/Visual/Animation/Universal_Traversal_Anims/Art/Animations/In_Place_Versions/AnimSeq_Traversal_Climb_Leap_Right.FBX using Guid(441f624e6fc01234cbfa88190ae32c7d) Importer(815301076,1909f56bfc062723c751e8b465ee728b)  -> (artifact id: 'a73776a4bcd293ba663243cff5138702') in 0.005657 seconds
Number of updated asset objects reloaded before import = 0
Number of asset objects unloaded after import = 141
========================================================================
Received Import Request.
  Time since last request: 0.003092 seconds.
  path: Assets/Visual/Animation/Universal_Traversal_Anims/Art/Animations/In_Place_Versions/AnimSeq_Traversal_Climb_Leap_Up_Fail.FBX
  artifactKey: Guid(67e9989bc8a27594e946d9e601212a1e) Importer(815301076,1909f56bfc062723c751e8b465ee728b)
Start importing Assets/Visual/Animation/Universal_Traversal_Anims/Art/Animations/In_Place_Versions/AnimSeq_Traversal_Climb_Leap_Up_Fail.FBX using Guid(67e9989bc8a27594e946d9e601212a1e) Importer(815301076,1909f56bfc062723c751e8b465ee728b)  -> (artifact id: '8c97c38de6d4d96ff57b03c06f943b7b') in 0.006072 seconds
Number of updated asset objects reloaded before import = 0
Number of asset objects unloaded after import = 141
========================================================================
Received Import Request.
  Time since last request: 0.017844 seconds.
  path: Assets/Visual/Animation/Universal_Traversal_Anims/Art/Animations/In_Place_Versions/AnimSeq_Traversal_Climb_LeapForward_inTheAir_Loop.FBX
  artifactKey: Guid(687ad576a35478d49a87a4f538a3e3fd) Importer(815301076,1909f56bfc062723c751e8b465ee728b)
Start importing Assets/Visual/Animation/Universal_Traversal_Anims/Art/Animations/In_Place_Versions/AnimSeq_Traversal_Climb_LeapForward_inTheAir_Loop.FBX using Guid(687ad576a35478d49a87a4f538a3e3fd) Importer(815301076,1909f56bfc062723c751e8b465ee728b)  -> (artifact id: 'fbd74812ba2f89e6bd82cfdcfab56404') in 0.005047 seconds
Number of updated asset objects reloaded before import = 0
Number of asset objects unloaded after import = 141
========================================================================
Received Import Request.
  Time since last request: 0.018534 seconds.
  path: Assets/Visual/Animation/Universal_Traversal_Anims/Art/Animations/In_Place_Versions/AnimSeq_Traversal_Climb_LeftHand_GripSlip_Loop.FBX
  artifactKey: Guid(6032beb544cf5d44b8b4ce5d8d63a3d5) Importer(815301076,1909f56bfc062723c751e8b465ee728b)
Start importing Assets/Visual/Animation/Universal_Traversal_Anims/Art/Animations/In_Place_Versions/AnimSeq_Traversal_Climb_LeftHand_GripSlip_Loop.FBX using Guid(6032beb544cf5d44b8b4ce5d8d63a3d5) Importer(815301076,1909f56bfc062723c751e8b465ee728b)  -> (artifact id: '681b03def63d682398aa9acb3cb085a7') in 0.004936 seconds
Number of updated asset objects reloaded before import = 0
Number of asset objects unloaded after import = 141
========================================================================
Received Import Request.
  Time since last request: 0.340852 seconds.
  path: Assets/Visual/Animation/Universal_Traversal_Anims/Art/Animations/In_Place_Versions/AnimSeq_Traversal_Climb_ReleaseGrip_Recover_Hold.FBX
  artifactKey: Guid(ccb1fa147cca0c245880584a1f98cd88) Importer(815301076,1909f56bfc062723c751e8b465ee728b)
Start importing Assets/Visual/Animation/Universal_Traversal_Anims/Art/Animations/In_Place_Versions/AnimSeq_Traversal_Climb_ReleaseGrip_Recover_Hold.FBX using Guid(ccb1fa147cca0c245880584a1f98cd88) Importer(815301076,1909f56bfc062723c751e8b465ee728b)  -> (artifact id: '83c743c57485a31c01ce5887f65dc4a2') in 0.005245 seconds
Number of updated asset objects reloaded before import = 0
Number of asset objects unloaded after import = 141
========================================================================
Received Import Request.
  Time since last request: 0.007769 seconds.
  path: Assets/Visual/Animation/Universal_Traversal_Anims/Art/Animations/In_Place_Versions/AnimSeq_Traversal_Climb_RightHand_GripSlip_Loop.FBX
  artifactKey: Guid(2e8ecc9069950434eb5fde8eb9a7b8cc) Importer(815301076,1909f56bfc062723c751e8b465ee728b)
Start importing Assets/Visual/Animation/Universal_Traversal_Anims/Art/Animations/In_Place_Versions/AnimSeq_Traversal_Climb_RightHand_GripSlip_Loop.FBX using Guid(2e8ecc9069950434eb5fde8eb9a7b8cc) Importer(815301076,1909f56bfc062723c751e8b465ee728b)  -> (artifact id: '6440fcdca7a271eb6258c6eddc53ee28') in 0.004697 seconds
Number of updated asset objects reloaded before import = 0
Number of asset objects unloaded after import = 141
========================================================================
Received Import Request.
  Time since last request: 0.043588 seconds.
  path: Assets/Visual/Animation/Universal_Traversal_Anims/Art/Animations/In_Place_Versions/AnimSeq_Traversal_Climb_Squat_Idle.FBX
  artifactKey: Guid(2a9c926f25e6f6340a48540006f7f742) Importer(815301076,1909f56bfc062723c751e8b465ee728b)
Start importing Assets/Visual/Animation/Universal_Traversal_Anims/Art/Animations/In_Place_Versions/AnimSeq_Traversal_Climb_Squat_Idle.FBX using Guid(2a9c926f25e6f6340a48540006f7f742) Importer(815301076,1909f56bfc062723c751e8b465ee728b)  -> (artifact id: 'e2e7b26d72020d1e9f44a86059409b47') in 0.006954 seconds
Number of updated asset objects reloaded before import = 0
Number of asset objects unloaded after import = 141
========================================================================
Received Import Request.
  Time since last request: 0.007821 seconds.
  path: Assets/Visual/Animation/Universal_Traversal_Anims/Art/Animations/In_Place_Versions/AnimSeq_Traversal_Climb_Start_fromNarrowEdge_Squat.FBX
  artifactKey: Guid(e31b62942c83b6b4f9e0ffcdaf08c10a) Importer(815301076,1909f56bfc062723c751e8b465ee728b)
Start importing Assets/Visual/Animation/Universal_Traversal_Anims/Art/Animations/In_Place_Versions/AnimSeq_Traversal_Climb_Start_fromNarrowEdge_Squat.FBX using Guid(e31b62942c83b6b4f9e0ffcdaf08c10a) Importer(815301076,1909f56bfc062723c751e8b465ee728b)  -> (artifact id: '14f5bd59e53255c07323178208105184') in 0.004933 seconds
Number of updated asset objects reloaded before import = 0
Number of asset objects unloaded after import = 141
========================================================================
Received Import Request.
  Time since last request: 0.018747 seconds.
  path: Assets/Visual/Animation/Universal_Traversal_Anims/Art/Animations/In_Place_Versions/AnimSeq_Traversal_Door_KickDown_Successful.FBX
  artifactKey: Guid(b0a9913649043e244ab5e64b27ffaa72) Importer(815301076,1909f56bfc062723c751e8b465ee728b)
Start importing Assets/Visual/Animation/Universal_Traversal_Anims/Art/Animations/In_Place_Versions/AnimSeq_Traversal_Door_KickDown_Successful.FBX using Guid(b0a9913649043e244ab5e64b27ffaa72) Importer(815301076,1909f56bfc062723c751e8b465ee728b)  -> (artifact id: 'a33d9bd3fd7d933737e392047ead16cd') in 0.005876 seconds
Number of updated asset objects reloaded before import = 0
Number of asset objects unloaded after import = 141
========================================================================
Received Import Request.
  Time since last request: 0.949253 seconds.
  path: Assets/Visual/Animation/Universal_Traversal_Anims/Art/Animations/In_Place_Versions/AnimSeq_Traversal_Fence_91cm_CatJump.FBX
  artifactKey: Guid(898cc05fcc1a5474b80d9e46c23a95ca) Importer(815301076,1909f56bfc062723c751e8b465ee728b)
Start importing Assets/Visual/Animation/Universal_Traversal_Anims/Art/Animations/In_Place_Versions/AnimSeq_Traversal_Fence_91cm_CatJump.FBX using Guid(898cc05fcc1a5474b80d9e46c23a95ca) Importer(815301076,1909f56bfc062723c751e8b465ee728b)  -> (artifact id: 'afebb6da8ec9e2304ec00f47087a670f') in 0.005742 seconds
Number of updated asset objects reloaded before import = 0
Number of asset objects unloaded after import = 141
========================================================================
Received Import Request.
  Time since last request: 0.007042 seconds.
  path: Assets/Visual/Animation/Universal_Traversal_Anims/Art/Animations/In_Place_Versions/AnimSeq_Traversal_Fence_91cm_JumpOver_FromRunToRun.FBX
  artifactKey: Guid(21216dddd0b56af45b134033b3502f09) Importer(815301076,1909f56bfc062723c751e8b465ee728b)
Start importing Assets/Visual/Animation/Universal_Traversal_Anims/Art/Animations/In_Place_Versions/AnimSeq_Traversal_Fence_91cm_JumpOver_FromRunToRun.FBX using Guid(21216dddd0b56af45b134033b3502f09) Importer(815301076,1909f56bfc062723c751e8b465ee728b)  -> (artifact id: '146633eb7dd6f54ec1640e48d88f99c6') in 0.005842 seconds
Number of updated asset objects reloaded before import = 0
Number of asset objects unloaded after import = 141
========================================================================
Received Import Request.
  Time since last request: 0.042930 seconds.
  path: Assets/Visual/Animation/Universal_Traversal_Anims/Art/Animations/In_Place_Versions/AnimSeq_Traversal_Fence_91cm_SitSpin_fromRunToRun.FBX
  artifactKey: Guid(5a672debff344cc41a93fd81c7e56f72) Importer(815301076,1909f56bfc062723c751e8b465ee728b)
Start importing Assets/Visual/Animation/Universal_Traversal_Anims/Art/Animations/In_Place_Versions/AnimSeq_Traversal_Fence_91cm_SitSpin_fromRunToRun.FBX using Guid(5a672debff344cc41a93fd81c7e56f72) Importer(815301076,1909f56bfc062723c751e8b465ee728b)  -> (artifact id: '89d82c1d66963b4938fc9670f311bceb') in 0.005925 seconds
Number of updated asset objects reloaded before import = 0
Number of asset objects unloaded after import = 141
========================================================================
Received Import Request.
  Time since last request: 0.734325 seconds.
  path: Assets/Visual/Animation/Universal_Traversal_Anims/Art/Animations/In_Place_Versions/AnimSeq_Traversal_LedgeWalk_Left_90Degrees_OutwardCorner.FBX
  artifactKey: Guid(ab2a159e1705ae742979419576c143e4) Importer(815301076,1909f56bfc062723c751e8b465ee728b)
Start importing Assets/Visual/Animation/Universal_Traversal_Anims/Art/Animations/In_Place_Versions/AnimSeq_Traversal_LedgeWalk_Left_90Degrees_OutwardCorner.FBX using Guid(ab2a159e1705ae742979419576c143e4) Importer(815301076,1909f56bfc062723c751e8b465ee728b)  -> (artifact id: '3b95c95cf77094748cb9bbb699fce6d8') in 0.005079 seconds
Number of updated asset objects reloaded before import = 0
Number of asset objects unloaded after import = 141
========================================================================
Received Import Request.
  Time since last request: 0.000014 seconds.
  path: Assets/Visual/Animation/Universal_Traversal_Anims/Art/Animations/In_Place_Versions/AnimSeq_Traversal_LedgeWalk_Left_Cancel_Crouched.FBX
  artifactKey: Guid(51e74116d743515488308e6c90d32586) Importer(815301076,1909f56bfc062723c751e8b465ee728b)
Start importing Assets/Visual/Animation/Universal_Traversal_Anims/Art/Animations/In_Place_Versions/AnimSeq_Traversal_LedgeWalk_Left_Cancel_Crouched.FBX using Guid(51e74116d743515488308e6c90d32586) Importer(815301076,1909f56bfc062723c751e8b465ee728b)  -> (artifact id: 'e0e3ea8c3f35b95e8f7ab2fe65f2e405') in 0.006513 seconds
Number of updated asset objects reloaded before import = 0
Number of asset objects unloaded after import = 141
========================================================================
Received Import Request.
  Time since last request: 0.000021 seconds.
  path: Assets/Visual/Animation/Universal_Traversal_Anims/Art/Animations/In_Place_Versions/AnimSeq_Traversal_LedgeWalk_Left_End_Crouched.FBX
  artifactKey: Guid(8edceb0dcd3907c4fa9e04cd4e0f89f3) Importer(815301076,1909f56bfc062723c751e8b465ee728b)
Start importing Assets/Visual/Animation/Universal_Traversal_Anims/Art/Animations/In_Place_Versions/AnimSeq_Traversal_LedgeWalk_Left_End_Crouched.FBX using Guid(8edceb0dcd3907c4fa9e04cd4e0f89f3) Importer(815301076,1909f56bfc062723c751e8b465ee728b)  -> (artifact id: '0b72aaf66c996aaa3501c65d46d14d37') in 0.006092 seconds
Number of updated asset objects reloaded before import = 0
Number of asset objects unloaded after import = 141
========================================================================
Received Import Request.
  Time since last request: 0.011489 seconds.
  path: Assets/Visual/3D Models/PolygonSciFiCity/Prefabs/Characters/FixedScaleCharacters/Character_Junky_Female_01.prefab
  artifactKey: Guid(be6e7002526a3724f97d31ae3e596927) Importer(815301076,1909f56bfc062723c751e8b465ee728b)
Start importing Assets/Visual/3D Models/PolygonSciFiCity/Prefabs/Characters/FixedScaleCharacters/Character_Junky_Female_01.prefab using Guid(be6e7002526a3724f97d31ae3e596927) Importer(815301076,1909f56bfc062723c751e8b465ee728b)  -> (artifact id: 'cdbd05cf49dd7d83233467790e69836f') in 0.216860 seconds
Number of updated asset objects reloaded before import = 0
Number of asset objects unloaded after import = 190
========================================================================
Received Import Request.
  Time since last request: 0.000052 seconds.
  path: Assets/Visual/3D Models/PolygonApocalypse/Models/SM_Prop_TrashPile_08.fbx
  artifactKey: Guid(9ff1605801d05b747b9f87d682c6d197) Importer(815301076,1909f56bfc062723c751e8b465ee728b)
Start importing Assets/Visual/3D Models/PolygonApocalypse/Models/SM_Prop_TrashPile_08.fbx using Guid(9ff1605801d05b747b9f87d682c6d197) Importer(815301076,1909f56bfc062723c751e8b465ee728b)  -> (artifact id: '8d32dbc4c5126d50326d67bdbfb8d1f0') in 0.091122 seconds
Number of updated asset objects reloaded before import = 0
Number of asset objects unloaded after import = 21
========================================================================
Received Import Request.
  Time since last request: 0.000038 seconds.
  path: Assets/Visual/3D Models/PolygonSciFiSpace/Models/Collision/SM_Ship_Stealth_02_Collision.fbx
  artifactKey: Guid(b35665eb202f4ec4f8c2e514e397daec) Importer(815301076,1909f56bfc062723c751e8b465ee728b)
Start importing Assets/Visual/3D Models/PolygonSciFiSpace/Models/Collision/SM_Ship_Stealth_02_Collision.fbx using Guid(b35665eb202f4ec4f8c2e514e397daec) Importer(815301076,1909f56bfc062723c751e8b465ee728b)  -> (artifact id: 'a7b10de0a803b99ff82b2affe61ffcb3') in 0.017618 seconds
Number of updated asset objects reloaded before import = 0
Number of asset objects unloaded after import = 7
========================================================================
Received Import Request.
  Time since last request: 0.000019 seconds.
  path: Assets/Visual/3D Models/PolygonSciFiSpace/Models/SM_Ship_Stealth_03.fbx
  artifactKey: Guid(ac927601a52cd3f41a95601c2db13133) Importer(815301076,1909f56bfc062723c751e8b465ee728b)
Start importing Assets/Visual/3D Models/PolygonSciFiSpace/Models/SM_Ship_Stealth_03.fbx using Guid(ac927601a52cd3f41a95601c2db13133) Importer(815301076,1909f56bfc062723c751e8b465ee728b)  -> (artifact id: '6634009791dd533616c7e612fee262bc') in 0.016818 seconds
Number of updated asset objects reloaded before import = 0
Number of asset objects unloaded after import = 7
========================================================================
Received Import Request.
  Time since last request: 0.000022 seconds.
  path: Assets/Visual/3D Models/PolygonSciFiCity/Prefabs/Props/SM_Prop_Security_Scanner_01.prefab
  artifactKey: Guid(535a9a71db4d0294b9bb9b868e7a6124) Importer(815301076,1909f56bfc062723c751e8b465ee728b)
Start importing Assets/Visual/3D Models/PolygonSciFiCity/Prefabs/Props/SM_Prop_Security_Scanner_01.prefab using Guid(535a9a71db4d0294b9bb9b868e7a6124) Importer(815301076,1909f56bfc062723c751e8b465ee728b)  -> (artifact id: '8d149a984d4334257bbf46c7125ff8d4') in 0.043887 seconds
Number of updated asset objects reloaded before import = 0
Number of asset objects unloaded after import = 19
========================================================================
Received Import Request.
  Time since last request: 0.000033 seconds.
  path: Assets/Visual/3D Models/PolygonSciFiSpace/Models/SM_Chr_Attach_Male_Hair_02.fbx
  artifactKey: Guid(1ce81b1d4e3a0004d80a29f7b0fccc0f) Importer(815301076,1909f56bfc062723c751e8b465ee728b)
Start importing Assets/Visual/3D Models/PolygonSciFiSpace/Models/SM_Chr_Attach_Male_Hair_02.fbx using Guid(1ce81b1d4e3a0004d80a29f7b0fccc0f) Importer(815301076,1909f56bfc062723c751e8b465ee728b)  -> (artifact id: '5e9f3a867203c576381c37b5d7ea33e4') in 0.020397 seconds
Number of updated asset objects reloaded before import = 0
Number of asset objects unloaded after import = 7
========================================================================
Received Import Request.
  Time since last request: 0.000023 seconds.
  path: Assets/Visual/3D Models/PolygonSciFiSpace/Models/SM_Chr_Attach_Male_Hair_03.fbx
  artifactKey: Guid(9344934e29266bf4a992c425dc72f581) Importer(815301076,1909f56bfc062723c751e8b465ee728b)
Start importing Assets/Visual/3D Models/PolygonSciFiSpace/Models/SM_Chr_Attach_Male_Hair_03.fbx using Guid(9344934e29266bf4a992c425dc72f581) Importer(815301076,1909f56bfc062723c751e8b465ee728b)  -> (artifact id: '4a082edcaf58fbed36a1e72eb10bb6c1') in 0.018888 seconds
Number of updated asset objects reloaded before import = 0
Number of asset objects unloaded after import = 7
========================================================================
Received Import Request.
  Time since last request: 0.000027 seconds.
  path: Assets/Visual/3D Models/PolygonApocalypse/Prefabs/Props/SM_Prop_Sheet_01.prefab
  artifactKey: Guid(1774fe93c36d1034db8e878267008e01) Importer(815301076,1909f56bfc062723c751e8b465ee728b)
Start importing Assets/Visual/3D Models/PolygonApocalypse/Prefabs/Props/SM_Prop_Sheet_01.prefab using Guid(1774fe93c36d1034db8e878267008e01) Importer(815301076,1909f56bfc062723c751e8b465ee728b)  -> (artifact id: '729e3890793947b0c3dba43bb6024556') in 0.090267 seconds
Number of updated asset objects reloaded before import = 0
Number of asset objects unloaded after import = 13
========================================================================
Received Import Request.
  Time since last request: 0.000023 seconds.
  path: Assets/Visual/3D Models/PolygonApocalypse/Models/SM_Prop_Dumpster_02.fbx
  artifactKey: Guid(87fb874eedd68f040ae9b3d864ba3569) Importer(815301076,1909f56bfc062723c751e8b465ee728b)
Start importing Assets/Visual/3D Models/PolygonApocalypse/Models/SM_Prop_Dumpster_02.fbx using Guid(87fb874eedd68f040ae9b3d864ba3569) Importer(815301076,1909f56bfc062723c751e8b465ee728b)  -> (artifact id: '60815dceca45d7667574775fe6533b0b') in 0.039660 seconds
Number of updated asset objects reloaded before import = 0
Number of asset objects unloaded after import = 17
========================================================================
Received Import Request.
  Time since last request: 0.000034 seconds.
  path: Assets/Visual/3D Models/PolygonApocalypse/Models/SM_Prop_TrashPile_04.fbx
  artifactKey: Guid(8f9f5eb662bab744a8615f06bca4e284) Importer(815301076,1909f56bfc062723c751e8b465ee728b)
Start importing Assets/Visual/3D Models/PolygonApocalypse/Models/SM_Prop_TrashPile_04.fbx using Guid(8f9f5eb662bab744a8615f06bca4e284) Importer(815301076,1909f56bfc062723c751e8b465ee728b)  -> (artifact id: '7b437d9ad0e884a58ccec99ee9f311e8') in 0.029225 seconds
Number of updated asset objects reloaded before import = 0
Number of asset objects unloaded after import = 16
========================================================================
Received Import Request.
  Time since last request: 0.000018 seconds.
  path: Assets/Visual/3D Models/PolygonSciFiCity/Prefabs/Props/SM_Prop_Security_Monitor_01.prefab
  artifactKey: Guid(d2e502aca5c81b24aa4e0ef05944eb0b) Importer(815301076,1909f56bfc062723c751e8b465ee728b)
Start importing Assets/Visual/3D Models/PolygonSciFiCity/Prefabs/Props/SM_Prop_Security_Monitor_01.prefab using Guid(d2e502aca5c81b24aa4e0ef05944eb0b) Importer(815301076,1909f56bfc062723c751e8b465ee728b)  -> (artifact id: '8aba8fbc1cae44afd9e9da60ede409ae') in 0.030640 seconds
Number of updated asset objects reloaded before import = 0
Number of asset objects unloaded after import = 15
========================================================================
Received Import Request.
  Time since last request: 0.000042 seconds.
  path: Assets/Visual/3D Models/PolygonSciFiSpace/Prefabs/Vehicles/SM_Ship_Stealth_04.prefab
  artifactKey: Guid(04b7d648a2c28ca49800f758742c0020) Importer(815301076,1909f56bfc062723c751e8b465ee728b)
Start importing Assets/Visual/3D Models/PolygonSciFiSpace/Prefabs/Vehicles/SM_Ship_Stealth_04.prefab using Guid(04b7d648a2c28ca49800f758742c0020) Importer(815301076,1909f56bfc062723c751e8b465ee728b)  -> (artifact id: '38c45738043f492119cce2504930d210') in 0.019751 seconds
Number of updated asset objects reloaded before import = 0
Number of asset objects unloaded after import = 12
========================================================================
Received Import Request.
  Time since last request: 0.000042 seconds.
  path: Assets/Visual/3D Models/PolygonApocalypse/Models/SM_Prop_TrashPile_06.fbx
  artifactKey: Guid(5f8f47a8fa721e5409a6873b83d6b21c) Importer(815301076,1909f56bfc062723c751e8b465ee728b)
Start importing Assets/Visual/3D Models/PolygonApocalypse/Models/SM_Prop_TrashPile_06.fbx using Guid(5f8f47a8fa721e5409a6873b83d6b21c) Importer(815301076,1909f56bfc062723c751e8b465ee728b)  -> (artifact id: 'bab1f227b58c4f8d8afe908fbe789231') in 0.037030 seconds
Number of updated asset objects reloaded before import = 0
Number of asset objects unloaded after import = 21
========================================================================
Received Import Request.
  Time since last request: 0.000017 seconds.
  path: Assets/Visual/3D Models/PolygonSciFiCity/Prefabs/Characters/FixedScaleCharacters/Character_Monk_Male_01.prefab
  artifactKey: Guid(fc62b962a6a22f148b707e207ab06996) Importer(815301076,1909f56bfc062723c751e8b465ee728b)
Start importing Assets/Visual/3D Models/PolygonSciFiCity/Prefabs/Characters/FixedScaleCharacters/Character_Monk_Male_01.prefab using Guid(fc62b962a6a22f148b707e207ab06996) Importer(815301076,1909f56bfc062723c751e8b465ee728b)  -> (artifact id: 'd1e4594052e50954654950912d2a331b') in 0.046775 seconds
Number of updated asset objects reloaded before import = 0
Number of asset objects unloaded after import = 190
========================================================================
Received Import Request.
  Time since last request: 0.000026 seconds.
  path: Assets/Visual/3D Models/PolygonSciFiSpace/Prefabs/Vehicles/SM_Ship_Stealth_03.prefab
  artifactKey: Guid(42ea65cfa6f57ad4d8f7a5194cc38e90) Importer(815301076,1909f56bfc062723c751e8b465ee728b)
Start importing Assets/Visual/3D Models/PolygonSciFiSpace/Prefabs/Vehicles/SM_Ship_Stealth_03.prefab using Guid(42ea65cfa6f57ad4d8f7a5194cc38e90) Importer(815301076,1909f56bfc062723c751e8b465ee728b)  -> (artifact id: 'f4c4327aaa9100307ee415a6d68c8300') in 0.014946 seconds
Number of updated asset objects reloaded before import = 0
Number of asset objects unloaded after import = 12
========================================================================
Received Import Request.
  Time since last request: 0.000026 seconds.
  path: Assets/Visual/3D Models/PolygonSciFiCity/Models/SM_Prop_Security_Monitor_01.fbx
  artifactKey: Guid(fd982d09c10c9f04889676c40acf9806) Importer(815301076,1909f56bfc062723c751e8b465ee728b)
Start importing Assets/Visual/3D Models/PolygonSciFiCity/Models/SM_Prop_Security_Monitor_01.fbx using Guid(fd982d09c10c9f04889676c40acf9806) Importer(815301076,1909f56bfc062723c751e8b465ee728b)  -> (artifact id: '64259049177d42e5e015ae411080c2f8') in 0.016370 seconds
Number of updated asset objects reloaded before import = 0
Number of asset objects unloaded after import = 7
========================================================================
Received Import Request.
  Time since last request: 0.000028 seconds.
  path: Assets/Visual/Animation/Universal_Traversal_Anims/Art/Animations/New Anims 1.1/Traversal_ZipLine_GetOnAndOff.fbx
  artifactKey: Guid(d4da0e470b699c0479aa330526801e60) Importer(815301076,1909f56bfc062723c751e8b465ee728b)
Start importing Assets/Visual/Animation/Universal_Traversal_Anims/Art/Animations/New Anims 1.1/Traversal_ZipLine_GetOnAndOff.fbx using Guid(d4da0e470b699c0479aa330526801e60) Importer(815301076,1909f56bfc062723c751e8b465ee728b)  -> (artifact id: '726541266bd11514e86af68e5173f7a0') in 0.012790 seconds
Number of updated asset objects reloaded before import = 0
Number of asset objects unloaded after import = 139
========================================================================
Received Import Request.
  Time since last request: 0.000035 seconds.
  path: Assets/Visual/3D Models/PolygonSciFiCity/Prefabs/Props/SM_Prop_Security_Camera_02.prefab
  artifactKey: Guid(9126448fb9094a74eb4ea5249361cdbd) Importer(815301076,1909f56bfc062723c751e8b465ee728b)
Start importing Assets/Visual/3D Models/PolygonSciFiCity/Prefabs/Props/SM_Prop_Security_Camera_02.prefab using Guid(9126448fb9094a74eb4ea5249361cdbd) Importer(815301076,1909f56bfc062723c751e8b465ee728b)  -> (artifact id: '67da8536b6ec80624c2fce06f2d78e5e') in 0.039797 seconds
Number of updated asset objects reloaded before import = 0
Number of asset objects unloaded after import = 20
========================================================================
Received Import Request.
  Time since last request: 1.820743 seconds.
  path: Assets/Visual/Animation/Universal_Traversal_Anims/Art/Animations/New Anims 1.1/Traversal_ZipLine_End.fbx
  artifactKey: Guid(706a530b96c3e63439ffc37230069cf9) Importer(815301076,1909f56bfc062723c751e8b465ee728b)
Start importing Assets/Visual/Animation/Universal_Traversal_Anims/Art/Animations/New Anims 1.1/Traversal_ZipLine_End.fbx using Guid(706a530b96c3e63439ffc37230069cf9) Importer(815301076,1909f56bfc062723c751e8b465ee728b)  -> (artifact id: 'c9b1447cf0ebb0ed32bb2b2972e72ef8') in 0.006854 seconds
Number of updated asset objects reloaded before import = 0
Number of asset objects unloaded after import = 139
========================================================================
Received Import Request.
  Time since last request: 722.993803 seconds.
  path: Assets/Visual/Animation/Universal_Traversal_Anims/Art/Animations/New Anims 1.1/Traversal_Fence_345cm_ClimbOver_Normal_Simpler.fbx
  artifactKey: Guid(4b462247c09c970479ab1f02459f1d03) Importer(815301076,1909f56bfc062723c751e8b465ee728b)
Start importing Assets/Visual/Animation/Universal_Traversal_Anims/Art/Animations/New Anims 1.1/Traversal_Fence_345cm_ClimbOver_Normal_Simpler.fbx using Guid(4b462247c09c970479ab1f02459f1d03) Importer(815301076,1909f56bfc062723c751e8b465ee728b)  -> (artifact id: 'cc8155540564757bbe4ef5d8f8d95782') in 0.009210 seconds
Number of updated asset objects reloaded before import = 0
Number of asset objects unloaded after import = 139
========================================================================
Received Import Request.
  Time since last request: 0.000021 seconds.
  path: Assets/Visual/Animation/Universal_Traversal_Anims/Art/Animations/New Anims 1.1/Traversal_Movement_Walk_Stop.fbx
  artifactKey: Guid(6a2c0a1313fee5e469056380695d1391) Importer(815301076,1909f56bfc062723c751e8b465ee728b)
Start importing Assets/Visual/Animation/Universal_Traversal_Anims/Art/Animations/New Anims 1.1/Traversal_Movement_Walk_Stop.fbx using Guid(6a2c0a1313fee5e469056380695d1391) Importer(815301076,1909f56bfc062723c751e8b465ee728b)  -> (artifact id: 'dec024e4b6fca2549e3595ac753c48cb') in 0.008975 seconds
Number of updated asset objects reloaded before import = 0
Number of asset objects unloaded after import = 139
========================================================================
Received Import Request.
  Time since last request: 0.000016 seconds.
  path: Assets/Visual/Animation/Universal_Traversal_Anims/Art/Animations/New Anims 1.1/Traversal_Gate_SideSlide_Open.fbx
  artifactKey: Guid(54cfe20967eba5f41ac2b0865ebb76b6) Importer(815301076,1909f56bfc062723c751e8b465ee728b)
Start importing Assets/Visual/Animation/Universal_Traversal_Anims/Art/Animations/New Anims 1.1/Traversal_Gate_SideSlide_Open.fbx using Guid(54cfe20967eba5f41ac2b0865ebb76b6) Importer(815301076,1909f56bfc062723c751e8b465ee728b)  -> (artifact id: '07e623eee8e5ddf631573e6c037d0d1f') in 0.009945 seconds
Number of updated asset objects reloaded before import = 0
Number of asset objects unloaded after import = 139
========================================================================
Received Import Request.
  Time since last request: 0.000015 seconds.
  path: Assets/Visual/Animation/Universal_Traversal_Anims/Art/Animations/New Anims 1.1/Traversal_Movement_Walk_Stop_InPlace.fbx
  artifactKey: Guid(45a51b594568de24a847b6840686f896) Importer(815301076,1909f56bfc062723c751e8b465ee728b)
Start importing Assets/Visual/Animation/Universal_Traversal_Anims/Art/Animations/New Anims 1.1/Traversal_Movement_Walk_Stop_InPlace.fbx using Guid(45a51b594568de24a847b6840686f896) Importer(815301076,1909f56bfc062723c751e8b465ee728b)  -> (artifact id: 'd9b5ae128d58f1810604675aecedd0b5') in 0.008238 seconds
Number of updated asset objects reloaded before import = 0
Number of asset objects unloaded after import = 139
========================================================================
Received Import Request.
  Time since last request: 0.000015 seconds.
  path: Assets/Visual/Animation/Universal_Traversal_Anims/Art/Animations/New Anims 1.1/Traversal_Slide_45Degree_Slope_Sitting_NeutralPose_Loop.fbx
  artifactKey: Guid(7b9c715b0590f5f41b152d8f8406adfc) Importer(815301076,1909f56bfc062723c751e8b465ee728b)
Start importing Assets/Visual/Animation/Universal_Traversal_Anims/Art/Animations/New Anims 1.1/Traversal_Slide_45Degree_Slope_Sitting_NeutralPose_Loop.fbx using Guid(7b9c715b0590f5f41b152d8f8406adfc) Importer(815301076,1909f56bfc062723c751e8b465ee728b)  -> (artifact id: 'fe87c1b7e0cbf6f2aa42a87b9443b7d5') in 0.009071 seconds
Number of updated asset objects reloaded before import = 0
Number of asset objects unloaded after import = 139
========================================================================
Received Import Request.
  Time since last request: 0.000021 seconds.
  path: Assets/Visual/Animation/Universal_Traversal_Anims/Art/Animations/New Anims 1.1/Traversal_Slide_45Degree_Slope_Sitting_NeutralPose_Start.fbx
  artifactKey: Guid(2893dcb879e20d641ab58b4e81dfb7d1) Importer(815301076,1909f56bfc062723c751e8b465ee728b)
Start importing Assets/Visual/Animation/Universal_Traversal_Anims/Art/Animations/New Anims 1.1/Traversal_Slide_45Degree_Slope_Sitting_NeutralPose_Start.fbx using Guid(2893dcb879e20d641ab58b4e81dfb7d1) Importer(815301076,1909f56bfc062723c751e8b465ee728b)  -> (artifact id: '36ffcf4e02667fda1de575a60f9635e7') in 0.009494 seconds
Number of updated asset objects reloaded before import = 0
Number of asset objects unloaded after import = 139
========================================================================
Received Import Request.
  Time since last request: 64.354575 seconds.
  path: Assets/Code
  artifactKey: Guid(0ff1b689d591d7c46943fd94ae4af5af) Importer(815301076,1909f56bfc062723c751e8b465ee728b)
Start importing Assets/Code using Guid(0ff1b689d591d7c46943fd94ae4af5af) Importer(815301076,1909f56bfc062723c751e8b465ee728b)  -> (artifact id: '8138dba3a3918b1a49f4096e9f4aaea0') in 0.000727 seconds
Number of updated asset objects reloaded before import = 0
Number of asset objects unloaded after import = 0
