Using pre-set license
Built from '2022.3/staging' branch; Version is '2022.3.11f1 (d00248457e15) revision 13632072'; Using compiler version '192829333'; Build Type 'Release'
OS: 'Windows 11  (10.0.22000) 64bit CoreSingleLanguage' Language: 'ru' Physical Memory: 15715 MB
BatchMode: 1, IsHumanControllingUs: 0, StartBugReporterOnCrash: 0, Is64bit: 1, IsPro: 1

COMMAND LINE ARGUMENTS:
C:\Program Files\Unity\Hub\Editor\2022.3.11f1\Editor\Unity.exe
-adb2
-batchMode
-noUpm
-name
AssetImportWorker0
-projectPath
C:/Users/dimpr/Documents/GitHub/Emit-the-Cycle-Story
-logFile
Logs/AssetImportWorker0.log
-srvPort
61703
Successfully changed project path to: C:/Users/dimpr/Documents/GitHub/Emit-the-Cycle-Story
C:/Users/dimpr/Documents/GitHub/Emit-the-Cycle-Story
[UnityMemory] Configuration Parameters - Can be set up in boot.config
    "memorysetup-bucket-allocator-granularity=16"
    "memorysetup-bucket-allocator-bucket-count=8"
    "memorysetup-bucket-allocator-block-size=33554432"
    "memorysetup-bucket-allocator-block-count=8"
    "memorysetup-main-allocator-block-size=16777216"
    "memorysetup-thread-allocator-block-size=16777216"
    "memorysetup-gfx-main-allocator-block-size=16777216"
    "memorysetup-gfx-thread-allocator-block-size=16777216"
    "memorysetup-cache-allocator-block-size=4194304"
    "memorysetup-typetree-allocator-block-size=2097152"
    "memorysetup-profiler-bucket-allocator-granularity=16"
    "memorysetup-profiler-bucket-allocator-bucket-count=8"
    "memorysetup-profiler-bucket-allocator-block-size=33554432"
    "memorysetup-profiler-bucket-allocator-block-count=8"
    "memorysetup-profiler-allocator-block-size=16777216"
    "memorysetup-profiler-editor-allocator-block-size=1048576"
    "memorysetup-temp-allocator-size-main=16777216"
    "memorysetup-job-temp-allocator-block-size=2097152"
    "memorysetup-job-temp-allocator-block-size-background=1048576"
    "memorysetup-job-temp-allocator-reduction-small-platforms=262144"
    "memorysetup-allocator-temp-initial-block-size-main=262144"
    "memorysetup-allocator-temp-initial-block-size-worker=262144"
    "memorysetup-temp-allocator-size-background-worker=32768"
    "memorysetup-temp-allocator-size-job-worker=262144"
    "memorysetup-temp-allocator-size-preload-manager=33554432"
    "memorysetup-temp-allocator-size-nav-mesh-worker=65536"
    "memorysetup-temp-allocator-size-audio-worker=65536"
    "memorysetup-temp-allocator-size-cloud-worker=32768"
    "memorysetup-temp-allocator-size-gi-baking-worker=262144"
    "memorysetup-temp-allocator-size-gfx=262144"
Player connection [12780] Host "[IP] 192.168.0.107 [Port] 0 [Flags] 2 [Guid] 1244844201 [EditorId] 1244844201 [Version] 1048832 [Id] WindowsEditor(7,LAPTOP-5U3T1134) [Debug] 1 [PackageName] WindowsEditor [ProjectName] Editor" joined multi-casting on [225.0.0.222:54997]...

Player connection [12780] Host "[IP] 192.168.0.107 [Port] 0 [Flags] 2 [Guid] 1244844201 [EditorId] 1244844201 [Version] 1048832 [Id] WindowsEditor(7,LAPTOP-5U3T1134) [Debug] 1 [PackageName] WindowsEditor [ProjectName] Editor" joined alternative multi-casting on [225.0.0.222:34997]...

[Physics::Module] Initialized MultithreadedJobDispatcher with 11 workers.
Refreshing native plugins compatible for Editor in 25.42 ms, found 3 plugins.
Preloading 0 native plugins for Editor in 0.00 ms.
Initialize engine version: 2022.3.11f1 (d00248457e15)
[Subsystems] Discovering subsystems at path C:/Program Files/Unity/Hub/Editor/2022.3.11f1/Editor/Data/Resources/UnitySubsystems
[Subsystems] Discovering subsystems at path C:/Users/dimpr/Documents/GitHub/Emit-the-Cycle-Story/Assets
GfxDevice: creating device client; threaded=0; jobified=0
Direct3D:
    Version:  Direct3D 11.0 [level 11.1]
    Renderer: NVIDIA GeForce RTX 3060 Laptop GPU (ID=0x2520)
    Vendor:   NVIDIA
    VRAM:     6010 MB
    Driver:   31.0.15.4584
Initialize mono
Mono path[0] = 'C:/Program Files/Unity/Hub/Editor/2022.3.11f1/Editor/Data/Managed'
Mono path[1] = 'C:/Program Files/Unity/Hub/Editor/2022.3.11f1/Editor/Data/MonoBleedingEdge/lib/mono/unityjit-win32'
Mono config path = 'C:/Program Files/Unity/Hub/Editor/2022.3.11f1/Editor/Data/MonoBleedingEdge/etc'
Using monoOptions --debugger-agent=transport=dt_socket,embedding=1,server=y,suspend=n,address=127.0.0.1:56344
Begin MonoManager ReloadAssembly
Registering precompiled unity dll's ...
Register platform support module: C:/Program Files/Unity/Hub/Editor/2022.3.11f1/Editor/Data/PlaybackEngines/AndroidPlayer/UnityEditor.Android.Extensions.dll
Register platform support module: C:/Program Files/Unity/Hub/Editor/2022.3.11f1/Editor/Data/PlaybackEngines/WindowsStandaloneSupport/UnityEditor.WindowsStandalone.Extensions.dll
Registered in 0.015180 seconds.
- Loaded All Assemblies, in  0.674 seconds
Native extension for WindowsStandalone target not found
Native extension for Android target not found
Android Extension - Scanning For ADB Devices 555 ms
Mono: successfully reloaded assembly
- Finished resetting the current domain, in  1.170 seconds
Domain Reload Profiling: 1842ms
	BeginReloadAssembly (202ms)
		ExecutionOrderSort (0ms)
		DisableScriptedObjects (0ms)
		BackupInstance (0ms)
		ReleaseScriptingObjects (0ms)
		CreateAndSetChildDomain (1ms)
	RebuildCommonClasses (67ms)
	RebuildNativeTypeToScriptingClass (18ms)
	initialDomainReloadingComplete (108ms)
	LoadAllAssembliesAndSetupDomain (275ms)
		LoadAssemblies (199ms)
		RebuildTransferFunctionScriptingTraits (0ms)
		AnalyzeDomain (272ms)
			TypeCache.Refresh (269ms)
				TypeCache.ScanAssembly (245ms)
			ScanForSourceGeneratedMonoScriptInfo (1ms)
			ResolveRequiredComponents (1ms)
	FinalizeReload (1171ms)
		ReleaseScriptCaches (0ms)
		RebuildScriptCaches (0ms)
		SetupLoadedEditorAssemblies (1053ms)
			LogAssemblyErrors (0ms)
			InitializePlatformSupportModulesInManaged (763ms)
			SetLoadedEditorAssemblies (6ms)
			RefreshPlugins (0ms)
			BeforeProcessingInitializeOnLoad (4ms)
			ProcessInitializeOnLoadAttributes (189ms)
			ProcessInitializeOnLoadMethodAttributes (91ms)
			AfterProcessingInitializeOnLoad (0ms)
			EditorAssembliesLoaded (0ms)
		ExecutionOrderSort2 (0ms)
		AwakeInstancesAfterBackupRestoration (0ms)
========================================================================
Worker process is ready to serve import requests
Begin MonoManager ReloadAssembly
Symbol file LoadedFromMemory is not a mono symbol file
- Loaded All Assemblies, in  1.432 seconds
Refreshing native plugins compatible for Editor in 7.30 ms, found 3 plugins.
Native extension for WindowsStandalone target not found
Native extension for Android target not found
Package Manager log level set to [2]
[Package Manager] Server::EnsureServerProcessIsRunning -- launch failed, reason: Unity was launched with the -noUpm command-line argument
[Package Manager] UpmClient::Send -- Unable to send message (not connected to UPM process).
[Package Manager] Cannot connect to Unity Package Manager local server
Mono: successfully reloaded assembly
- Finished resetting the current domain, in  1.602 seconds
Domain Reload Profiling: 3018ms
	BeginReloadAssembly (258ms)
		ExecutionOrderSort (0ms)
		DisableScriptedObjects (12ms)
		BackupInstance (0ms)
		ReleaseScriptingObjects (0ms)
		CreateAndSetChildDomain (43ms)
	RebuildCommonClasses (59ms)
	RebuildNativeTypeToScriptingClass (19ms)
	initialDomainReloadingComplete (58ms)
	LoadAllAssembliesAndSetupDomain (1022ms)
		LoadAssemblies (665ms)
		RebuildTransferFunctionScriptingTraits (0ms)
		AnalyzeDomain (502ms)
			TypeCache.Refresh (432ms)
				TypeCache.ScanAssembly (388ms)
			ScanForSourceGeneratedMonoScriptInfo (50ms)
			ResolveRequiredComponents (17ms)
	FinalizeReload (1603ms)
		ReleaseScriptCaches (0ms)
		RebuildScriptCaches (0ms)
		SetupLoadedEditorAssemblies (1202ms)
			LogAssemblyErrors (0ms)
			InitializePlatformSupportModulesInManaged (47ms)
			SetLoadedEditorAssemblies (6ms)
			RefreshPlugins (0ms)
			BeforeProcessingInitializeOnLoad (152ms)
			ProcessInitializeOnLoadAttributes (828ms)
			ProcessInitializeOnLoadMethodAttributes (157ms)
			AfterProcessingInitializeOnLoad (12ms)
			EditorAssembliesLoaded (0ms)
		ExecutionOrderSort2 (0ms)
		AwakeInstancesAfterBackupRestoration (8ms)
Launched and connected shader compiler UnityShaderCompiler.exe after 0.14 seconds
Refreshing native plugins compatible for Editor in 13.77 ms, found 3 plugins.
Preloading 0 native plugins for Editor in 0.00 ms.
Unloading 5789 Unused Serialized files (Serialized files now loaded: 0)
Unloading 104 unused Assets / (2.1 MB). Loaded Objects now: 6239.
Memory consumption went from 243.8 MB to 241.8 MB.
Total: 22.626000 ms (FindLiveObjects: 1.238600 ms CreateObjectMapping: 0.589400 ms MarkObjects: 16.846200 ms  DeleteObjects: 3.949800 ms)

AssetImportParameters requested are different than current active one (requested -> active):
  custom:container-demuxer-ogg: 62fdf1f143b41e24485cea50d1cbac27 -> 
  custom:video-codec-MediaFoundation-h265: 746d11721c4dcdbdad8f713fa42b33f4 -> 
  custom:video-decoder-ogg-theora: a1e56fd34408186e4bbccfd4996cb3dc -> 
  custom:framework-win-MediaFoundation: 216162199b28c13a410421893ffa2e32 -> 
  custom:container-demuxer-webm: 4f35f7cbe854078d1ac9338744f61a02 -> 
  custom:container-muxer-webm: aa71ff27fc2769a1b78a27578f13a17b -> 
  custom:video-decoder-webm-vp8: 9c59270c3fd7afecdb556c50c9e8de78 -> 
  custom:AudioImporter_EditorPlatform: d09bf68614088b80899f8185d706f6e7 -> 
  custom:video-encoder-webm-vp8: eb34c28f22e8b96e1ab97ce403110664 -> 
  custom:audio-decoder-ogg-vorbis: bf7c407c2cedff20999df2af8eb42d56 -> 
  custom:audio-encoder-webm-vorbis: bf7c407c2cedff20999df2af8eb42d56 -> 
========================================================================
Received Import Request.
  Time since last request: 208.717606 seconds.
  path: Assets/Visual/3D Models/PolygonSciFiSpace/Prefabs/Buildings/SM_Bld_Ceiling_Pipes_Straight_01.prefab
  artifactKey: Guid(eab46053e32a19d4bbcc05ecd80bf859) Importer(815301076,1909f56bfc062723c751e8b465ee728b)
Start importing Assets/Visual/3D Models/PolygonSciFiSpace/Prefabs/Buildings/SM_Bld_Ceiling_Pipes_Straight_01.prefab using Guid(eab46053e32a19d4bbcc05ecd80bf859) Importer(815301076,1909f56bfc062723c751e8b465ee728b)  -> (artifact id: 'dc468fc32f17cd6cfe8ee185fa1468d5') in 0.326492 seconds
Number of updated asset objects reloaded before import = 0
Number of asset objects unloaded after import = 12
========================================================================
Received Import Request.
  Time since last request: 0.000043 seconds.
  path: Assets/Visual/3D Models/PolygonSciFiSpace/Prefabs/Props/SM_Prop_Detail_Pipes_02.prefab
  artifactKey: Guid(0b03c1f3d292df04297c1f7bf41eb91c) Importer(815301076,1909f56bfc062723c751e8b465ee728b)
Start importing Assets/Visual/3D Models/PolygonSciFiSpace/Prefabs/Props/SM_Prop_Detail_Pipes_02.prefab using Guid(0b03c1f3d292df04297c1f7bf41eb91c) Importer(815301076,1909f56bfc062723c751e8b465ee728b)  -> (artifact id: '3e461857f6c80db1f94e56615c7777cf') in 0.042212 seconds
Number of updated asset objects reloaded before import = 0
Number of asset objects unloaded after import = 12
========================================================================
Received Import Request.
  Time since last request: 0.000024 seconds.
  path: Assets/Visual/3D Models/PolygonSciFiCity/Prefabs/Props/SM_Prop_Pipes_02.prefab
  artifactKey: Guid(4a04ac585c75e09439142d5def79782b) Importer(815301076,1909f56bfc062723c751e8b465ee728b)
Start importing Assets/Visual/3D Models/PolygonSciFiCity/Prefabs/Props/SM_Prop_Pipes_02.prefab using Guid(4a04ac585c75e09439142d5def79782b) Importer(815301076,1909f56bfc062723c751e8b465ee728b)  -> (artifact id: '08708478e6bdd2ca915bf66fb3211921') in 0.207589 seconds
Number of updated asset objects reloaded before import = 0
Number of asset objects unloaded after import = 15
========================================================================
Received Import Request.
  Time since last request: 0.000032 seconds.
  path: Assets/Visual/3D Models/PolygonSciFiSpace/Models/Collision/SM_Bld_Ceiling_Pipes_Turn_L_01_Convex.asset
  artifactKey: Guid(2c64fa91211622f48b81f307a3c87428) Importer(815301076,1909f56bfc062723c751e8b465ee728b)
Start importing Assets/Visual/3D Models/PolygonSciFiSpace/Models/Collision/SM_Bld_Ceiling_Pipes_Turn_L_01_Convex.asset using Guid(2c64fa91211622f48b81f307a3c87428) Importer(815301076,1909f56bfc062723c751e8b465ee728b)  -> (artifact id: '8664859f4158616c54a7358d2f807b18') in 0.064583 seconds
Number of updated asset objects reloaded before import = 0
Number of asset objects unloaded after import = 3
========================================================================
Received Import Request.
  Time since last request: 0.000064 seconds.
  path: Assets/Visual/3D Models/PolygonSciFiCity/Models/SM_Prop_Sidewalk_Pipe_02.fbx
  artifactKey: Guid(d3efe9b0189d7404eb614fb151994eb8) Importer(815301076,1909f56bfc062723c751e8b465ee728b)
Start importing Assets/Visual/3D Models/PolygonSciFiCity/Models/SM_Prop_Sidewalk_Pipe_02.fbx using Guid(d3efe9b0189d7404eb614fb151994eb8) Importer(815301076,1909f56bfc062723c751e8b465ee728b)  -> (artifact id: 'ec09a3c9e392e1daf885ebfc4495d2a4') in 0.038238 seconds
Number of updated asset objects reloaded before import = 0
Number of asset objects unloaded after import = 7
========================================================================
Received Import Request.
  Time since last request: 0.000032 seconds.
  path: Assets/Visual/3D Models/PolygonSciFiCity/Models/SM_Prop_Sidewalk_Pipe_02_Convex.asset
  artifactKey: Guid(ba08fb283c9954c47b1c021420651dba) Importer(815301076,1909f56bfc062723c751e8b465ee728b)
Start importing Assets/Visual/3D Models/PolygonSciFiCity/Models/SM_Prop_Sidewalk_Pipe_02_Convex.asset using Guid(ba08fb283c9954c47b1c021420651dba) Importer(815301076,1909f56bfc062723c751e8b465ee728b)  -> (artifact id: 'b286ea106e4987096f93a751e15b70f9') in 0.017150 seconds
Number of updated asset objects reloaded before import = 0
Number of asset objects unloaded after import = 3
========================================================================
Received Import Request.
  Time since last request: 0.000020 seconds.
  path: Assets/Visual/3D Models/PolygonSciFiCity/Prefabs/Props/SM_Prop_Pipes_03.prefab
  artifactKey: Guid(af8e7b9e234ccc445989f26edf6513ef) Importer(815301076,1909f56bfc062723c751e8b465ee728b)
Start importing Assets/Visual/3D Models/PolygonSciFiCity/Prefabs/Props/SM_Prop_Pipes_03.prefab using Guid(af8e7b9e234ccc445989f26edf6513ef) Importer(815301076,1909f56bfc062723c751e8b465ee728b)  -> (artifact id: 'c63a06ce0138c2c1ea2994f57e19e4e8') in 0.040795 seconds
Number of updated asset objects reloaded before import = 0
Number of asset objects unloaded after import = 15
========================================================================
Received Import Request.
  Time since last request: 0.000022 seconds.
  path: Assets/Visual/3D Models/PolygonSciFiSpace/Models/SM_Prop_Detail_Pipes_03.fbx
  artifactKey: Guid(8d42d87e8a94b9c44adb435ca7de7683) Importer(815301076,1909f56bfc062723c751e8b465ee728b)
Start importing Assets/Visual/3D Models/PolygonSciFiSpace/Models/SM_Prop_Detail_Pipes_03.fbx using Guid(8d42d87e8a94b9c44adb435ca7de7683) Importer(815301076,1909f56bfc062723c751e8b465ee728b)  -> (artifact id: '76d1f29115d8570283e31ae5c6097aaa') in 0.013276 seconds
Number of updated asset objects reloaded before import = 0
Number of asset objects unloaded after import = 7
========================================================================
Received Import Request.
  Time since last request: 0.000018 seconds.
  path: Assets/Visual/3D Models/PolygonSciFiSpace/Models/Collision/SM_Bld_Ceiling_Pipes_Straight_01_Convex.asset
  artifactKey: Guid(6c3b1b25cf62df048b20597aac3da3b7) Importer(815301076,1909f56bfc062723c751e8b465ee728b)
Start importing Assets/Visual/3D Models/PolygonSciFiSpace/Models/Collision/SM_Bld_Ceiling_Pipes_Straight_01_Convex.asset using Guid(6c3b1b25cf62df048b20597aac3da3b7) Importer(815301076,1909f56bfc062723c751e8b465ee728b)  -> (artifact id: '2dc28fa572b97aea8c4569582687d831') in 0.010483 seconds
Number of updated asset objects reloaded before import = 0
Number of asset objects unloaded after import = 3
========================================================================
Received Import Request.
  Time since last request: 0.000025 seconds.
  path: Assets/Visual/3D Models/PolygonApocalypse/Models/Convex/SM_Env_StormCanal_Pipe_02_Convex.asset
  artifactKey: Guid(a4cd4bead10108d45823d549b2daf226) Importer(815301076,1909f56bfc062723c751e8b465ee728b)
Start importing Assets/Visual/3D Models/PolygonApocalypse/Models/Convex/SM_Env_StormCanal_Pipe_02_Convex.asset using Guid(a4cd4bead10108d45823d549b2daf226) Importer(815301076,1909f56bfc062723c751e8b465ee728b)  -> (artifact id: '5a51b54d51392f9db1fe293f787277b8') in 0.010575 seconds
Number of updated asset objects reloaded before import = 0
Number of asset objects unloaded after import = 3
========================================================================
Received Import Request.
  Time since last request: 0.000031 seconds.
  path: Assets/Visual/3D Models/PolygonApocalypse/Models/SM_Prop_Bunker_WallPipe_01.fbx
  artifactKey: Guid(ca25c251d395c9b4aaf7fc83bd171877) Importer(815301076,1909f56bfc062723c751e8b465ee728b)
Start importing Assets/Visual/3D Models/PolygonApocalypse/Models/SM_Prop_Bunker_WallPipe_01.fbx using Guid(ca25c251d395c9b4aaf7fc83bd171877) Importer(815301076,1909f56bfc062723c751e8b465ee728b)  -> (artifact id: '5c8dc5a1e2269faf2bcc2ce723d760dc') in 0.029615 seconds
Number of updated asset objects reloaded before import = 0
Number of asset objects unloaded after import = 7
========================================================================
Received Import Request.
  Time since last request: 0.000026 seconds.
  path: Assets/Visual/3D Models/PolygonSciFiCity/Models/SM_Prop_Pipes_03_Convex.asset
  artifactKey: Guid(92466f4dc825efe4f92f33b6140a897f) Importer(815301076,1909f56bfc062723c751e8b465ee728b)
Start importing Assets/Visual/3D Models/PolygonSciFiCity/Models/SM_Prop_Pipes_03_Convex.asset using Guid(92466f4dc825efe4f92f33b6140a897f) Importer(815301076,1909f56bfc062723c751e8b465ee728b)  -> (artifact id: 'eb8617214c98d64dc1433845588e3da3') in 0.012297 seconds
Number of updated asset objects reloaded before import = 0
Number of asset objects unloaded after import = 3
========================================================================
Received Import Request.
  Time since last request: 0.000019 seconds.
  path: Assets/Visual/3D Models/PolygonSciFiCity/Models/SM_Prop_Pipes_03.fbx
  artifactKey: Guid(88be7001e07454340939b26ffa008db5) Importer(815301076,1909f56bfc062723c751e8b465ee728b)
Start importing Assets/Visual/3D Models/PolygonSciFiCity/Models/SM_Prop_Pipes_03.fbx using Guid(88be7001e07454340939b26ffa008db5) Importer(815301076,1909f56bfc062723c751e8b465ee728b)  -> (artifact id: '80616471e3808433cde2d2fb52659282') in 0.016459 seconds
Number of updated asset objects reloaded before import = 0
Number of asset objects unloaded after import = 7
========================================================================
Received Import Request.
  Time since last request: 0.000020 seconds.
  path: Assets/Visual/3D Models/PolygonApocalypse/Prefabs/Weapons/Misc/SM_Wep_PipeBomb_01.prefab
  artifactKey: Guid(1a75ef4748f1f434a91631d321105b9f) Importer(815301076,1909f56bfc062723c751e8b465ee728b)
Start importing Assets/Visual/3D Models/PolygonApocalypse/Prefabs/Weapons/Misc/SM_Wep_PipeBomb_01.prefab using Guid(1a75ef4748f1f434a91631d321105b9f) Importer(815301076,1909f56bfc062723c751e8b465ee728b)  -> (artifact id: 'b27f25c23a7ed833bcbdb89506b2ba44') in 0.091378 seconds
Number of updated asset objects reloaded before import = 0
Number of asset objects unloaded after import = 13
========================================================================
Received Import Request.
  Time since last request: 0.000029 seconds.
  path: Assets/Visual/3D Models/PolygonSciFiSpace/Models/Collision/SM_Prop_Detail_Pipe_02_Convex.asset
  artifactKey: Guid(3f7ec6cef72eb5444b5d666d2b81598a) Importer(815301076,1909f56bfc062723c751e8b465ee728b)
Start importing Assets/Visual/3D Models/PolygonSciFiSpace/Models/Collision/SM_Prop_Detail_Pipe_02_Convex.asset using Guid(3f7ec6cef72eb5444b5d666d2b81598a) Importer(815301076,1909f56bfc062723c751e8b465ee728b)  -> (artifact id: 'f9678db0d9a85a519a451f779d856a7c') in 0.017719 seconds
Number of updated asset objects reloaded before import = 0
Number of asset objects unloaded after import = 3
========================================================================
Received Import Request.
  Time since last request: 0.000034 seconds.
  path: Assets/Visual/3D Models/PolygonApocalypse/Models/Convex/SM_Prop_Pipe_Valve_01_Convex.asset
  artifactKey: Guid(e776e2cf82c3f684fad5474e35d0ec01) Importer(815301076,1909f56bfc062723c751e8b465ee728b)
Start importing Assets/Visual/3D Models/PolygonApocalypse/Models/Convex/SM_Prop_Pipe_Valve_01_Convex.asset using Guid(e776e2cf82c3f684fad5474e35d0ec01) Importer(815301076,1909f56bfc062723c751e8b465ee728b)  -> (artifact id: '410f342f20c39c90a89cf8212d7e6015') in 0.009783 seconds
Number of updated asset objects reloaded before import = 0
Number of asset objects unloaded after import = 3
========================================================================
Received Import Request.
  Time since last request: 0.000016 seconds.
  path: Assets/Visual/3D Models/PolygonSciFiSpace/Models/Collision/SM_Bld_Ceiling_Pipes_Turn_R_01_Convex.asset
  artifactKey: Guid(5c45d4d8258ba4b43b4f32a5e268842e) Importer(815301076,1909f56bfc062723c751e8b465ee728b)
Start importing Assets/Visual/3D Models/PolygonSciFiSpace/Models/Collision/SM_Bld_Ceiling_Pipes_Turn_R_01_Convex.asset using Guid(5c45d4d8258ba4b43b4f32a5e268842e) Importer(815301076,1909f56bfc062723c751e8b465ee728b)  -> (artifact id: '4e815aba1ae6ec406c7536821e41b53d') in 0.011875 seconds
Number of updated asset objects reloaded before import = 0
Number of asset objects unloaded after import = 3
========================================================================
Received Import Request.
  Time since last request: 0.000021 seconds.
  path: Assets/Visual/3D Models/PolygonSciFiSpace/Models/Collision/SM_Prop_Detail_Pipes_01_Convex.asset
  artifactKey: Guid(2d75a3497f445c14e8eac27c913a2590) Importer(815301076,1909f56bfc062723c751e8b465ee728b)
Start importing Assets/Visual/3D Models/PolygonSciFiSpace/Models/Collision/SM_Prop_Detail_Pipes_01_Convex.asset using Guid(2d75a3497f445c14e8eac27c913a2590) Importer(815301076,1909f56bfc062723c751e8b465ee728b)  -> (artifact id: '0076929faf77641f95a53cfca91ab243') in 0.009415 seconds
Number of updated asset objects reloaded before import = 0
Number of asset objects unloaded after import = 3
========================================================================
Received Import Request.
  Time since last request: 0.000126 seconds.
  path: Assets/Visual/3D Models/PolygonSciFiSpace/Models/Collision/SM_Prop_Detail_Pipes_02_Convex.asset
  artifactKey: Guid(ccee6cea08cf22b4fb53fb40d6a0fc35) Importer(815301076,1909f56bfc062723c751e8b465ee728b)
Start importing Assets/Visual/3D Models/PolygonSciFiSpace/Models/Collision/SM_Prop_Detail_Pipes_02_Convex.asset using Guid(ccee6cea08cf22b4fb53fb40d6a0fc35) Importer(815301076,1909f56bfc062723c751e8b465ee728b)  -> (artifact id: 'd743f2297fec6ddbc6daf9b64334c3f9') in 0.010094 seconds
Number of updated asset objects reloaded before import = 0
Number of asset objects unloaded after import = 3
========================================================================
Received Import Request.
  Time since last request: 0.000024 seconds.
  path: Assets/Visual/3D Models/PolygonApocalypse/Prefabs/Props/SM_Prop_Pipes_01.prefab
  artifactKey: Guid(33c0c06bf5774ba4d8b693193812aa5b) Importer(815301076,1909f56bfc062723c751e8b465ee728b)
Start importing Assets/Visual/3D Models/PolygonApocalypse/Prefabs/Props/SM_Prop_Pipes_01.prefab using Guid(33c0c06bf5774ba4d8b693193812aa5b) Importer(815301076,1909f56bfc062723c751e8b465ee728b)  -> (artifact id: 'e3a7fcfdda727d86d5ed28e2e2b7912a') in 0.077710 seconds
Number of updated asset objects reloaded before import = 0
Number of asset objects unloaded after import = 13
========================================================================
Received Import Request.
  Time since last request: 0.000040 seconds.
  path: Assets/Visual/3D Models/PolygonSciFiSpace/Models/Collision/SM_Env_Debris_Pipe_01_Convex.asset
  artifactKey: Guid(f27255648becb33448e771a323c095f8) Importer(815301076,1909f56bfc062723c751e8b465ee728b)
Start importing Assets/Visual/3D Models/PolygonSciFiSpace/Models/Collision/SM_Env_Debris_Pipe_01_Convex.asset using Guid(f27255648becb33448e771a323c095f8) Importer(815301076,1909f56bfc062723c751e8b465ee728b)  -> (artifact id: '3b69f28222ccecdb597ba0e1d7d634f5') in 0.010993 seconds
Number of updated asset objects reloaded before import = 0
Number of asset objects unloaded after import = 3
========================================================================
Received Import Request.
  Time since last request: 0.000024 seconds.
  path: Assets/Visual/3D Models/PolygonSciFiSpace/Prefabs/Props/SM_Prop_Detail_Pipe_Pillar_01.prefab
  artifactKey: Guid(ce9b978936ceef746818d82687f446f0) Importer(815301076,1909f56bfc062723c751e8b465ee728b)
Start importing Assets/Visual/3D Models/PolygonSciFiSpace/Prefabs/Props/SM_Prop_Detail_Pipe_Pillar_01.prefab using Guid(ce9b978936ceef746818d82687f446f0) Importer(815301076,1909f56bfc062723c751e8b465ee728b)  -> (artifact id: 'a4671f8e46d7862c368fa849f1d1792e') in 0.019092 seconds
Number of updated asset objects reloaded before import = 0
Number of asset objects unloaded after import = 12
========================================================================
Received Import Request.
  Time since last request: 0.000055 seconds.
  path: Assets/Visual/3D Models/PolygonApocalypse/Prefabs/Props/SM_Prop_Pipe_Valve_02.prefab
  artifactKey: Guid(df102e7b9e27a2642a1f96342ca72baf) Importer(815301076,1909f56bfc062723c751e8b465ee728b)
Start importing Assets/Visual/3D Models/PolygonApocalypse/Prefabs/Props/SM_Prop_Pipe_Valve_02.prefab using Guid(df102e7b9e27a2642a1f96342ca72baf) Importer(815301076,1909f56bfc062723c751e8b465ee728b)  -> (artifact id: '9f42544e893e3a156684db9eb00770d1') in 0.074278 seconds
Number of updated asset objects reloaded before import = 0
Number of asset objects unloaded after import = 13
========================================================================
Received Import Request.
  Time since last request: 0.000018 seconds.
  path: Assets/Visual/3D Models/PolygonSciFiSpace/Prefabs/Buildings/SM_Bld_Ceiling_Pipes_Turn_L_01.prefab
  artifactKey: Guid(272dfb7e4982c94439aed3e768760832) Importer(815301076,1909f56bfc062723c751e8b465ee728b)
Start importing Assets/Visual/3D Models/PolygonSciFiSpace/Prefabs/Buildings/SM_Bld_Ceiling_Pipes_Turn_L_01.prefab using Guid(272dfb7e4982c94439aed3e768760832) Importer(815301076,1909f56bfc062723c751e8b465ee728b)  -> (artifact id: '67f4ce7dc3c6f70b70f8ad97659a0a20') in 0.016632 seconds
Number of updated asset objects reloaded before import = 0
Number of asset objects unloaded after import = 12
========================================================================
Received Import Request.
  Time since last request: 0.000024 seconds.
  path: Assets/Visual/3D Models/PolygonSciFiSpace/Models/SM_Bld_Ceiling_Pipes_Straight_Broken_01.fbx
  artifactKey: Guid(9d645643659dd1e4bb7886e503a1d91f) Importer(815301076,1909f56bfc062723c751e8b465ee728b)
Start importing Assets/Visual/3D Models/PolygonSciFiSpace/Models/SM_Bld_Ceiling_Pipes_Straight_Broken_01.fbx using Guid(9d645643659dd1e4bb7886e503a1d91f) Importer(815301076,1909f56bfc062723c751e8b465ee728b)  -> (artifact id: '963258a11cf3be4ebe6956cf9ccca337') in 0.019511 seconds
Number of updated asset objects reloaded before import = 0
Number of asset objects unloaded after import = 7
========================================================================
Received Import Request.
  Time since last request: 0.000041 seconds.
  path: Assets/Visual/3D Models/PolygonApocalypse/Models/Convex/SM_Env_StormCanal_Pipe_End_01_Convex.asset
  artifactKey: Guid(e1619b273e02d6f4eaa68d0ef34b353c) Importer(815301076,1909f56bfc062723c751e8b465ee728b)
Start importing Assets/Visual/3D Models/PolygonApocalypse/Models/Convex/SM_Env_StormCanal_Pipe_End_01_Convex.asset using Guid(e1619b273e02d6f4eaa68d0ef34b353c) Importer(815301076,1909f56bfc062723c751e8b465ee728b)  -> (artifact id: '995959f3b8d1759a6cfd3d7e4a5fbac6') in 0.015625 seconds
Number of updated asset objects reloaded before import = 0
Number of asset objects unloaded after import = 3
========================================================================
Received Import Request.
  Time since last request: 0.000021 seconds.
  path: Assets/Visual/3D Models/PolygonApocalypse/Models/Convex/SM_Prop_Pipe_Valve_02_Convex.asset
  artifactKey: Guid(e9eb634528f5d244d9d0b1e590e63a1a) Importer(815301076,1909f56bfc062723c751e8b465ee728b)
Start importing Assets/Visual/3D Models/PolygonApocalypse/Models/Convex/SM_Prop_Pipe_Valve_02_Convex.asset using Guid(e9eb634528f5d244d9d0b1e590e63a1a) Importer(815301076,1909f56bfc062723c751e8b465ee728b)  -> (artifact id: '7ddcf28b9dec22936e34de359ce2218e') in 0.009942 seconds
Number of updated asset objects reloaded before import = 0
Number of asset objects unloaded after import = 3
========================================================================
Received Import Request.
  Time since last request: 0.000256 seconds.
  path: Assets/Visual/3D Models/PolygonApocalypse/Prefabs/Environment/SM_Env_StormCanal_Pipe_02.prefab
  artifactKey: Guid(16285c9bf6d93d54ab97ccfa2359516b) Importer(815301076,1909f56bfc062723c751e8b465ee728b)
Start importing Assets/Visual/3D Models/PolygonApocalypse/Prefabs/Environment/SM_Env_StormCanal_Pipe_02.prefab using Guid(16285c9bf6d93d54ab97ccfa2359516b) Importer(815301076,1909f56bfc062723c751e8b465ee728b)  -> (artifact id: '9ea549774f6c2f99b1bf4540bf40f76a') in 0.063854 seconds
Number of updated asset objects reloaded before import = 0
Number of asset objects unloaded after import = 13
========================================================================
Received Import Request.
  Time since last request: 0.000019 seconds.
  path: Assets/Visual/3D Models/PolygonApocalypse/Models/SM_Env_StormCanal_Pipe_02.fbx
  artifactKey: Guid(6b36107161e6e9a4f92b135e4d4c56de) Importer(815301076,1909f56bfc062723c751e8b465ee728b)
Start importing Assets/Visual/3D Models/PolygonApocalypse/Models/SM_Env_StormCanal_Pipe_02.fbx using Guid(6b36107161e6e9a4f92b135e4d4c56de) Importer(815301076,1909f56bfc062723c751e8b465ee728b)  -> (artifact id: 'c3b8ad8ce638c9c0574ab7c92da81c42') in 0.015954 seconds
Number of updated asset objects reloaded before import = 0
Number of asset objects unloaded after import = 7
========================================================================
Received Import Request.
  Time since last request: 0.000026 seconds.
  path: Assets/Visual/3D Models/PolygonSciFiSpace/Prefabs/Buildings/SM_Bld_Ceiling_Pipe_Junction_01.prefab
  artifactKey: Guid(8ee62f9f21f8a2b479defcf3f0cb7450) Importer(815301076,1909f56bfc062723c751e8b465ee728b)
Start importing Assets/Visual/3D Models/PolygonSciFiSpace/Prefabs/Buildings/SM_Bld_Ceiling_Pipe_Junction_01.prefab using Guid(8ee62f9f21f8a2b479defcf3f0cb7450) Importer(815301076,1909f56bfc062723c751e8b465ee728b)  -> (artifact id: '4e696da74f640efc627f6a4431a70760') in 0.017793 seconds
Number of updated asset objects reloaded before import = 0
Number of asset objects unloaded after import = 12
========================================================================
Received Import Request.
  Time since last request: 0.000026 seconds.
  path: Assets/Visual/3D Models/PolygonApocalypse/Scenes/Demo_City_Universal_RenderPipeline.unity
  artifactKey: Guid(9ca7bdae70c06a546aa612594f2f6ace) Importer(815301076,1909f56bfc062723c751e8b465ee728b)
Start importing Assets/Visual/3D Models/PolygonApocalypse/Scenes/Demo_City_Universal_RenderPipeline.unity using Guid(9ca7bdae70c06a546aa612594f2f6ace) Importer(815301076,1909f56bfc062723c751e8b465ee728b)  -> (artifact id: '6c87f748962531893ac3a420f2e10205') in 0.001259 seconds
Number of updated asset objects reloaded before import = 0
Number of asset objects unloaded after import = 0
========================================================================
Received Import Request.
  Time since last request: 0.000025 seconds.
  path: Assets/Visual/3D Models/PolygonSciFiSpace/Prefabs/Props/SM_Prop_Detail_Pipes_03.prefab
  artifactKey: Guid(6a45b09b669e4904a96655f7c0dc5f63) Importer(815301076,1909f56bfc062723c751e8b465ee728b)
Start importing Assets/Visual/3D Models/PolygonSciFiSpace/Prefabs/Props/SM_Prop_Detail_Pipes_03.prefab using Guid(6a45b09b669e4904a96655f7c0dc5f63) Importer(815301076,1909f56bfc062723c751e8b465ee728b)  -> (artifact id: 'fe50f85e79fc6b37ed186fe119bf0f7c') in 0.020617 seconds
Number of updated asset objects reloaded before import = 0
Number of asset objects unloaded after import = 12
========================================================================
Received Import Request.
  Time since last request: 0.000020 seconds.
  path: Assets/Visual/3D Models/PolygonSciFiCity/Models/SM_Prop_Pipes_01_Convex.asset
  artifactKey: Guid(6205faf2ab320574fb3c99cdcd6b9163) Importer(815301076,1909f56bfc062723c751e8b465ee728b)
Start importing Assets/Visual/3D Models/PolygonSciFiCity/Models/SM_Prop_Pipes_01_Convex.asset using Guid(6205faf2ab320574fb3c99cdcd6b9163) Importer(815301076,1909f56bfc062723c751e8b465ee728b)  -> (artifact id: '9475ab1a17b89f74a3ed5a60462f201d') in 0.009121 seconds
Number of updated asset objects reloaded before import = 0
Number of asset objects unloaded after import = 3
========================================================================
Received Import Request.
  Time since last request: 0.000022 seconds.
  path: Assets/Visual/3D Models/PolygonSciFiSpace/Models/Collision/SM_Bld_Ceiling_Pipes_Straight_Broken_01_Convex.asset
  artifactKey: Guid(93b3dbb249766004facf23ad02c4e685) Importer(815301076,1909f56bfc062723c751e8b465ee728b)
Start importing Assets/Visual/3D Models/PolygonSciFiSpace/Models/Collision/SM_Bld_Ceiling_Pipes_Straight_Broken_01_Convex.asset using Guid(93b3dbb249766004facf23ad02c4e685) Importer(815301076,1909f56bfc062723c751e8b465ee728b)  -> (artifact id: 'ede832639616948ca348f28afe1003f3') in 0.010888 seconds
Number of updated asset objects reloaded before import = 0
Number of asset objects unloaded after import = 3
========================================================================
Received Import Request.
  Time since last request: 0.000045 seconds.
  path: Assets/Visual/3D Models/PolygonApocalypse/Models/SM_Prop_Pipe_Large_01.fbx
  artifactKey: Guid(22b68ca34da57a847b7aeb55b40bbe57) Importer(815301076,1909f56bfc062723c751e8b465ee728b)
Start importing Assets/Visual/3D Models/PolygonApocalypse/Models/SM_Prop_Pipe_Large_01.fbx using Guid(22b68ca34da57a847b7aeb55b40bbe57) Importer(815301076,1909f56bfc062723c751e8b465ee728b)  -> (artifact id: 'dd53fb423be70c99daa409784cf3597c') in 0.026298 seconds
Number of updated asset objects reloaded before import = 0
Number of asset objects unloaded after import = 7
========================================================================
Received Import Request.
  Time since last request: 0.000020 seconds.
  path: Assets/Visual/3D Models/PolygonApocalypse/Models/SM_Prop_Pipe_Valve_02.fbx
  artifactKey: Guid(6f104d2c43fa2bf4fb406cf337953b0e) Importer(815301076,1909f56bfc062723c751e8b465ee728b)
Start importing Assets/Visual/3D Models/PolygonApocalypse/Models/SM_Prop_Pipe_Valve_02.fbx using Guid(6f104d2c43fa2bf4fb406cf337953b0e) Importer(815301076,1909f56bfc062723c751e8b465ee728b)  -> (artifact id: '878fe7b3f538ddca3b90ae2249fc5125') in 0.015875 seconds
Number of updated asset objects reloaded before import = 0
Number of asset objects unloaded after import = 7
========================================================================
Received Import Request.
  Time since last request: 0.000023 seconds.
  path: Assets/Visual/3D Models/PolygonSciFiSpace/Models/Collision/SM_Prop_Detail_Pipe_Broken_01_Convex.asset
  artifactKey: Guid(8cd1f5ed74b8c2a40a9de6315b53370e) Importer(815301076,1909f56bfc062723c751e8b465ee728b)
Start importing Assets/Visual/3D Models/PolygonSciFiSpace/Models/Collision/SM_Prop_Detail_Pipe_Broken_01_Convex.asset using Guid(8cd1f5ed74b8c2a40a9de6315b53370e) Importer(815301076,1909f56bfc062723c751e8b465ee728b)  -> (artifact id: '88eff2cbd942fa05d308d344d75b7bd5') in 0.017599 seconds
Number of updated asset objects reloaded before import = 0
Number of asset objects unloaded after import = 3
========================================================================
Received Import Request.
  Time since last request: 0.000032 seconds.
  path: Assets/Visual/3D Models/PolygonApocalypse/Models/Convex/SM_Wep_Pipe_01_Convex.asset
  artifactKey: Guid(741314bf8a436ad4cb9283c2d9a369c1) Importer(815301076,1909f56bfc062723c751e8b465ee728b)
Start importing Assets/Visual/3D Models/PolygonApocalypse/Models/Convex/SM_Wep_Pipe_01_Convex.asset using Guid(741314bf8a436ad4cb9283c2d9a369c1) Importer(815301076,1909f56bfc062723c751e8b465ee728b)  -> (artifact id: '105539d2b9c9046aaf104bf0de83322d') in 0.011728 seconds
Number of updated asset objects reloaded before import = 0
Number of asset objects unloaded after import = 3
========================================================================
Received Import Request.
  Time since last request: 0.000024 seconds.
  path: Assets/Visual/3D Models/PolygonApocalypse/Models/Convex/SM_Prop_Pipes_Rusted_01_Convex.asset
  artifactKey: Guid(ca4a8e7f5afa9e9498fe531998accefe) Importer(815301076,1909f56bfc062723c751e8b465ee728b)
Start importing Assets/Visual/3D Models/PolygonApocalypse/Models/Convex/SM_Prop_Pipes_Rusted_01_Convex.asset using Guid(ca4a8e7f5afa9e9498fe531998accefe) Importer(815301076,1909f56bfc062723c751e8b465ee728b)  -> (artifact id: '3513fdc72510f7ac50492559914b1ad8') in 0.017655 seconds
Number of updated asset objects reloaded before import = 0
Number of asset objects unloaded after import = 3
========================================================================
Received Import Request.
  Time since last request: 0.000019 seconds.
  path: Assets/Visual/3D Models/PolygonSciFiSpace/Models/Collision/SM_Prop_Detail_Pipe_Straight_01_Convex.asset
  artifactKey: Guid(324d689aa012b7349b3ead8f6a863f4a) Importer(815301076,1909f56bfc062723c751e8b465ee728b)
Start importing Assets/Visual/3D Models/PolygonSciFiSpace/Models/Collision/SM_Prop_Detail_Pipe_Straight_01_Convex.asset using Guid(324d689aa012b7349b3ead8f6a863f4a) Importer(815301076,1909f56bfc062723c751e8b465ee728b)  -> (artifact id: 'f68578c5943aeb5fb2fe0e422db1cacd') in 0.019367 seconds
Number of updated asset objects reloaded before import = 0
Number of asset objects unloaded after import = 3
========================================================================
Received Import Request.
  Time since last request: 0.000028 seconds.
  path: Assets/Visual/3D Models/PolygonSciFiSpace/Models/SM_Bld_Ceiling_Pipes_Turn_L_01.fbx
  artifactKey: Guid(ab214fb2e49c01e4cb1799da9922790f) Importer(815301076,1909f56bfc062723c751e8b465ee728b)
Start importing Assets/Visual/3D Models/PolygonSciFiSpace/Models/SM_Bld_Ceiling_Pipes_Turn_L_01.fbx using Guid(ab214fb2e49c01e4cb1799da9922790f) Importer(815301076,1909f56bfc062723c751e8b465ee728b)  -> (artifact id: 'e5774ed41afba7f8dc56e25088d25b36') in 0.022756 seconds
Number of updated asset objects reloaded before import = 0
Number of asset objects unloaded after import = 7
========================================================================
Received Import Request.
  Time since last request: 0.000027 seconds.
  path: Assets/Visual/3D Models/PolygonApocalypse/Models/SM_Prop_Pipes_Rusted_01.fbx
  artifactKey: Guid(004c382475308f3428521115246ecbf5) Importer(815301076,1909f56bfc062723c751e8b465ee728b)
Start importing Assets/Visual/3D Models/PolygonApocalypse/Models/SM_Prop_Pipes_Rusted_01.fbx using Guid(004c382475308f3428521115246ecbf5) Importer(815301076,1909f56bfc062723c751e8b465ee728b)  -> (artifact id: '97855fe47d20424933fb3ecca12779b3') in 0.016156 seconds
Number of updated asset objects reloaded before import = 0
Number of asset objects unloaded after import = 7
Editor requested this worker to shutdown with reason: Scaling down because of idle timeout
TcpMessagingSession - receive error: operation aborted. errorcode: 995, details: ќпераци€ ввода/вывода была прервана из-за завершени€ потока команд или по запросу приложени€.
AssetImportWorker is now disconnected from the server
Process exiting
Exiting without the bug reporter. Application will terminate with return code 0