Using pre-set license
Built from '2022.3/staging' branch; Version is '2022.3.11f1 (d00248457e15) revision 13632072'; Using compiler version '192829333'; Build Type 'Release'
OS: 'Windows 11  (10.0.22000) 64bit CoreSingleLanguage' Language: 'ru' Physical Memory: 15715 MB
BatchMode: 1, IsHumanControllingUs: 0, StartBugReporterOnCrash: 0, Is64bit: 1, IsPro: 1

COMMAND LINE ARGUMENTS:
C:\Program Files\Unity\Hub\Editor\2022.3.11f1\Editor\Unity.exe
-adb2
-batchMode
-noUpm
-name
AssetImportWorker1
-projectPath
C:/Users/dimpr/Documents/GitHub/Emit-the-Cycle-Story
-logFile
Logs/AssetImportWorker1.log
-srvPort
62556
Successfully changed project path to: C:/Users/dimpr/Documents/GitHub/Emit-the-Cycle-Story
C:/Users/dimpr/Documents/GitHub/Emit-the-Cycle-Story
[UnityMemory] Configuration Parameters - Can be set up in boot.config
    "memorysetup-bucket-allocator-granularity=16"
    "memorysetup-bucket-allocator-bucket-count=8"
    "memorysetup-bucket-allocator-block-size=33554432"
    "memorysetup-bucket-allocator-block-count=8"
    "memorysetup-main-allocator-block-size=16777216"
    "memorysetup-thread-allocator-block-size=16777216"
    "memorysetup-gfx-main-allocator-block-size=16777216"
    "memorysetup-gfx-thread-allocator-block-size=16777216"
    "memorysetup-cache-allocator-block-size=4194304"
    "memorysetup-typetree-allocator-block-size=2097152"
    "memorysetup-profiler-bucket-allocator-granularity=16"
    "memorysetup-profiler-bucket-allocator-bucket-count=8"
    "memorysetup-profiler-bucket-allocator-block-size=33554432"
    "memorysetup-profiler-bucket-allocator-block-count=8"
    "memorysetup-profiler-allocator-block-size=16777216"
    "memorysetup-profiler-editor-allocator-block-size=1048576"
    "memorysetup-temp-allocator-size-main=16777216"
    "memorysetup-job-temp-allocator-block-size=2097152"
    "memorysetup-job-temp-allocator-block-size-background=1048576"
    "memorysetup-job-temp-allocator-reduction-small-platforms=262144"
    "memorysetup-allocator-temp-initial-block-size-main=262144"
    "memorysetup-allocator-temp-initial-block-size-worker=262144"
    "memorysetup-temp-allocator-size-background-worker=32768"
    "memorysetup-temp-allocator-size-job-worker=262144"
    "memorysetup-temp-allocator-size-preload-manager=33554432"
    "memorysetup-temp-allocator-size-nav-mesh-worker=65536"
    "memorysetup-temp-allocator-size-audio-worker=65536"
    "memorysetup-temp-allocator-size-cloud-worker=32768"
    "memorysetup-temp-allocator-size-gi-baking-worker=262144"
    "memorysetup-temp-allocator-size-gfx=262144"
Player connection [4140] Host "[IP] 192.168.0.107 [Port] 0 [Flags] 2 [Guid] 4217472917 [EditorId] 4217472917 [Version] 1048832 [Id] WindowsEditor(7,LAPTOP-5U3T1134) [Debug] 1 [PackageName] WindowsEditor [ProjectName] Editor" joined multi-casting on [225.0.0.222:54997]...

Player connection [4140] Host "[IP] 192.168.0.107 [Port] 0 [Flags] 2 [Guid] 4217472917 [EditorId] 4217472917 [Version] 1048832 [Id] WindowsEditor(7,LAPTOP-5U3T1134) [Debug] 1 [PackageName] WindowsEditor [ProjectName] Editor" joined alternative multi-casting on [225.0.0.222:34997]...

[Physics::Module] Initialized MultithreadedJobDispatcher with 11 workers.
Refreshing native plugins compatible for Editor in 22.14 ms, found 3 plugins.
Preloading 0 native plugins for Editor in 0.00 ms.
Initialize engine version: 2022.3.11f1 (d00248457e15)
[Subsystems] Discovering subsystems at path C:/Program Files/Unity/Hub/Editor/2022.3.11f1/Editor/Data/Resources/UnitySubsystems
[Subsystems] Discovering subsystems at path C:/Users/dimpr/Documents/GitHub/Emit-the-Cycle-Story/Assets
GfxDevice: creating device client; threaded=0; jobified=0
Direct3D:
    Version:  Direct3D 11.0 [level 11.1]
    Renderer: NVIDIA GeForce RTX 3060 Laptop GPU (ID=0x2520)
    Vendor:   NVIDIA
    VRAM:     6010 MB
    Driver:   31.0.15.4584
Initialize mono
Mono path[0] = 'C:/Program Files/Unity/Hub/Editor/2022.3.11f1/Editor/Data/Managed'
Mono path[1] = 'C:/Program Files/Unity/Hub/Editor/2022.3.11f1/Editor/Data/MonoBleedingEdge/lib/mono/unityjit-win32'
Mono config path = 'C:/Program Files/Unity/Hub/Editor/2022.3.11f1/Editor/Data/MonoBleedingEdge/etc'
Using monoOptions --debugger-agent=transport=dt_socket,embedding=1,server=y,suspend=n,address=127.0.0.1:56572
Begin MonoManager ReloadAssembly
Registering precompiled unity dll's ...
Register platform support module: C:/Program Files/Unity/Hub/Editor/2022.3.11f1/Editor/Data/PlaybackEngines/AndroidPlayer/UnityEditor.Android.Extensions.dll
Register platform support module: C:/Program Files/Unity/Hub/Editor/2022.3.11f1/Editor/Data/PlaybackEngines/WindowsStandaloneSupport/UnityEditor.WindowsStandalone.Extensions.dll
Registered in 0.013789 seconds.
- Loaded All Assemblies, in  0.536 seconds
Native extension for WindowsStandalone target not found
Native extension for Android target not found
Android Extension - Scanning For ADB Devices 289 ms
Mono: successfully reloaded assembly
- Finished resetting the current domain, in  0.774 seconds
Domain Reload Profiling: 1308ms
	BeginReloadAssembly (158ms)
		ExecutionOrderSort (0ms)
		DisableScriptedObjects (0ms)
		BackupInstance (0ms)
		ReleaseScriptingObjects (0ms)
		CreateAndSetChildDomain (1ms)
	RebuildCommonClasses (54ms)
	RebuildNativeTypeToScriptingClass (16ms)
	initialDomainReloadingComplete (91ms)
	LoadAllAssembliesAndSetupDomain (213ms)
		LoadAssemblies (155ms)
		RebuildTransferFunctionScriptingTraits (0ms)
		AnalyzeDomain (210ms)
			TypeCache.Refresh (208ms)
				TypeCache.ScanAssembly (189ms)
			ScanForSourceGeneratedMonoScriptInfo (0ms)
			ResolveRequiredComponents (1ms)
	FinalizeReload (775ms)
		ReleaseScriptCaches (0ms)
		RebuildScriptCaches (0ms)
		SetupLoadedEditorAssemblies (683ms)
			LogAssemblyErrors (0ms)
			InitializePlatformSupportModulesInManaged (452ms)
			SetLoadedEditorAssemblies (5ms)
			RefreshPlugins (0ms)
			BeforeProcessingInitializeOnLoad (4ms)
			ProcessInitializeOnLoadAttributes (152ms)
			ProcessInitializeOnLoadMethodAttributes (71ms)
			AfterProcessingInitializeOnLoad (0ms)
			EditorAssembliesLoaded (0ms)
		ExecutionOrderSort2 (0ms)
		AwakeInstancesAfterBackupRestoration (0ms)
========================================================================
Worker process is ready to serve import requests
Begin MonoManager ReloadAssembly
Symbol file LoadedFromMemory is not a mono symbol file
- Loaded All Assemblies, in  1.258 seconds
Refreshing native plugins compatible for Editor in 8.86 ms, found 3 plugins.
Native extension for WindowsStandalone target not found
Native extension for Android target not found
[MODES] ModeService[none].Initialize
[MODES] ModeService[none].LoadModes
[MODES] Loading mode Default (0) for mode-current-id-EM
Package Manager log level set to [2]
[Package Manager] Server::EnsureServerProcessIsRunning -- launch failed, reason: Unity was launched with the -noUpm command-line argument
[Package Manager] UpmClient::Send -- Unable to send message (not connected to UPM process).
[Package Manager] Cannot connect to Unity Package Manager local server
Mono: successfully reloaded assembly
- Finished resetting the current domain, in  1.313 seconds
Domain Reload Profiling: 2565ms
	BeginReloadAssembly (214ms)
		ExecutionOrderSort (0ms)
		DisableScriptedObjects (9ms)
		BackupInstance (0ms)
		ReleaseScriptingObjects (0ms)
		CreateAndSetChildDomain (34ms)
	RebuildCommonClasses (64ms)
	RebuildNativeTypeToScriptingClass (19ms)
	initialDomainReloadingComplete (50ms)
	LoadAllAssembliesAndSetupDomain (904ms)
		LoadAssemblies (549ms)
		RebuildTransferFunctionScriptingTraits (0ms)
		AnalyzeDomain (478ms)
			TypeCache.Refresh (412ms)
				TypeCache.ScanAssembly (381ms)
			ScanForSourceGeneratedMonoScriptInfo (45ms)
			ResolveRequiredComponents (19ms)
	FinalizeReload (1314ms)
		ReleaseScriptCaches (0ms)
		RebuildScriptCaches (0ms)
		SetupLoadedEditorAssemblies (1051ms)
			LogAssemblyErrors (0ms)
			InitializePlatformSupportModulesInManaged (39ms)
			SetLoadedEditorAssemblies (6ms)
			RefreshPlugins (0ms)
			BeforeProcessingInitializeOnLoad (138ms)
			ProcessInitializeOnLoadAttributes (756ms)
			ProcessInitializeOnLoadMethodAttributes (102ms)
			AfterProcessingInitializeOnLoad (10ms)
			EditorAssembliesLoaded (0ms)
		ExecutionOrderSort2 (0ms)
		AwakeInstancesAfterBackupRestoration (7ms)
Launched and connected shader compiler UnityShaderCompiler.exe after 0.06 seconds
Refreshing native plugins compatible for Editor in 7.31 ms, found 3 plugins.
Preloading 0 native plugins for Editor in 0.00 ms.
Unloading 5908 Unused Serialized files (Serialized files now loaded: 0)
Unloading 207 unused Assets / (10.1 MB). Loaded Objects now: 6256.
Memory consumption went from 244.3 MB to 234.2 MB.
Total: 10.621600 ms (FindLiveObjects: 0.690600 ms CreateObjectMapping: 0.488100 ms MarkObjects: 4.241700 ms  DeleteObjects: 5.200000 ms)

AssetImportParameters requested are different than current active one (requested -> active):
  custom:container-demuxer-ogg: 62fdf1f143b41e24485cea50d1cbac27 -> 
  custom:video-codec-MediaFoundation-h265: 746d11721c4dcdbdad8f713fa42b33f4 -> 
  custom:video-decoder-ogg-theora: a1e56fd34408186e4bbccfd4996cb3dc -> 
  custom:framework-win-MediaFoundation: 216162199b28c13a410421893ffa2e32 -> 
  custom:container-demuxer-webm: 4f35f7cbe854078d1ac9338744f61a02 -> 
  custom:container-muxer-webm: aa71ff27fc2769a1b78a27578f13a17b -> 
  custom:video-decoder-webm-vp8: 9c59270c3fd7afecdb556c50c9e8de78 -> 
  custom:AudioImporter_EditorPlatform: d09bf68614088b80899f8185d706f6e7 -> 
  custom:video-encoder-webm-vp8: eb34c28f22e8b96e1ab97ce403110664 -> 
  custom:audio-decoder-ogg-vorbis: bf7c407c2cedff20999df2af8eb42d56 -> 
  custom:audio-encoder-webm-vorbis: bf7c407c2cedff20999df2af8eb42d56 -> 
========================================================================
Received Import Request.
  Time since last request: 241.425654 seconds.
  path: Assets/Visual/3D Models/PolygonApocalypse/Models/SM_Bld_Bunker_Ceiling_Wood_01.fbx
  artifactKey: Guid(4387e7722a44de746b252a87dcc16cfb) Importer(815301076,1909f56bfc062723c751e8b465ee728b)
Start importing Assets/Visual/3D Models/PolygonApocalypse/Models/SM_Bld_Bunker_Ceiling_Wood_01.fbx using Guid(4387e7722a44de746b252a87dcc16cfb) Importer(815301076,1909f56bfc062723c751e8b465ee728b)  -> (artifact id: 'e9d6e386a04e6c2324d9502260ad0b16') in 0.143059 seconds
Number of updated asset objects reloaded before import = 0
Number of asset objects unloaded after import = 7
========================================================================
Received Import Request.
  Time since last request: 0.000049 seconds.
  path: Assets/Visual/3D Models/PolygonApocalypse/Prefabs
  artifactKey: Guid(5d94a61f131a47d4dafd326b111dca2d) Importer(815301076,1909f56bfc062723c751e8b465ee728b)
Start importing Assets/Visual/3D Models/PolygonApocalypse/Prefabs using Guid(5d94a61f131a47d4dafd326b111dca2d) Importer(815301076,1909f56bfc062723c751e8b465ee728b)  -> (artifact id: '6c9397137bf99d7589e4c99ff0f92b3c') in 0.001073 seconds
Number of updated asset objects reloaded before import = 0
Number of asset objects unloaded after import = 0
========================================================================
Received Import Request.
  Time since last request: 0.000044 seconds.
  path: Assets/Visual/3D Models/PolygonApocalypse/Models/SM_Bld_Bunker_Floor_Concrete_Open_01.fbx
  artifactKey: Guid(f4055bd0ecee4b64bb623218afd99ced) Importer(815301076,1909f56bfc062723c751e8b465ee728b)
Start importing Assets/Visual/3D Models/PolygonApocalypse/Models/SM_Bld_Bunker_Floor_Concrete_Open_01.fbx using Guid(f4055bd0ecee4b64bb623218afd99ced) Importer(815301076,1909f56bfc062723c751e8b465ee728b)  -> (artifact id: '29f2ac7a0e968226d29120253bf7a24e') in 0.022545 seconds
Number of updated asset objects reloaded before import = 0
Number of asset objects unloaded after import = 7
========================================================================
Received Import Request.
  Time since last request: 0.000023 seconds.
  path: Assets/Visual/3D Models/PolygonApocalypse/Models/SM_Bld_Bunker_Floor_Wood_01.fbx
  artifactKey: Guid(3aad1d7d1b6516540bc69e797694212f) Importer(815301076,1909f56bfc062723c751e8b465ee728b)
Start importing Assets/Visual/3D Models/PolygonApocalypse/Models/SM_Bld_Bunker_Floor_Wood_01.fbx using Guid(3aad1d7d1b6516540bc69e797694212f) Importer(815301076,1909f56bfc062723c751e8b465ee728b)  -> (artifact id: 'd4f6b0fa876420e0c8e57cd78cd70b9e') in 0.015254 seconds
Number of updated asset objects reloaded before import = 0
Number of asset objects unloaded after import = 7
========================================================================
Received Import Request.
  Time since last request: 0.000020 seconds.
  path: Assets/Visual/3D Models/PolygonApocalypse/Models/SM_Bld_Bunker_Concrete_Floor_01.fbx
  artifactKey: Guid(4cd9deb50d48d2048bf80243ff91597e) Importer(815301076,1909f56bfc062723c751e8b465ee728b)
Start importing Assets/Visual/3D Models/PolygonApocalypse/Models/SM_Bld_Bunker_Concrete_Floor_01.fbx using Guid(4cd9deb50d48d2048bf80243ff91597e) Importer(815301076,1909f56bfc062723c751e8b465ee728b)  -> (artifact id: '224ce4326d17c9bb9c407fed1ddc14fc') in 0.014094 seconds
Number of updated asset objects reloaded before import = 0
Number of asset objects unloaded after import = 7
========================================================================
Received Import Request.
  Time since last request: 0.000014 seconds.
  path: Assets/Visual/3D Models/PolygonApocalypse/Models/SM_Bld_Bunker_Floor_Pallet_02.fbx
  artifactKey: Guid(ba38b31cba5355244a01ddf584d627ea) Importer(815301076,1909f56bfc062723c751e8b465ee728b)
Start importing Assets/Visual/3D Models/PolygonApocalypse/Models/SM_Bld_Bunker_Floor_Pallet_02.fbx using Guid(ba38b31cba5355244a01ddf584d627ea) Importer(815301076,1909f56bfc062723c751e8b465ee728b)  -> (artifact id: 'a37573d2462c8aac73d390c0df248b6e') in 0.012615 seconds
Number of updated asset objects reloaded before import = 0
Number of asset objects unloaded after import = 7
========================================================================
Received Import Request.
  Time since last request: 0.000021 seconds.
  path: Assets/Visual/3D Models/PolygonApocalypse/Models/SM_Bld_Bunker_Floor_Stone_01.fbx
  artifactKey: Guid(90a22895bf92e0645952dd85030e354c) Importer(815301076,1909f56bfc062723c751e8b465ee728b)
Start importing Assets/Visual/3D Models/PolygonApocalypse/Models/SM_Bld_Bunker_Floor_Stone_01.fbx using Guid(90a22895bf92e0645952dd85030e354c) Importer(815301076,1909f56bfc062723c751e8b465ee728b)  -> (artifact id: '7c019977947717de859a9d8c95b97651') in 0.013378 seconds
Number of updated asset objects reloaded before import = 0
Number of asset objects unloaded after import = 7
========================================================================
Received Import Request.
  Time since last request: 0.000024 seconds.
  path: Assets/Visual/3D Models/PolygonApocalypse/Models/SM_Bld_Bunker_Entrance_01.fbx
  artifactKey: Guid(c3d56f6cf8445f54eb90a1051a76a4d3) Importer(815301076,1909f56bfc062723c751e8b465ee728b)
Start importing Assets/Visual/3D Models/PolygonApocalypse/Models/SM_Bld_Bunker_Entrance_01.fbx using Guid(c3d56f6cf8445f54eb90a1051a76a4d3) Importer(815301076,1909f56bfc062723c751e8b465ee728b)  -> (artifact id: '435dca8e6f3992bd92e5cd9d22d96830') in 0.011554 seconds
Number of updated asset objects reloaded before import = 0
Number of asset objects unloaded after import = 7
========================================================================
Received Import Request.
  Time since last request: 0.000014 seconds.
  path: Assets/Visual/3D Models/PolygonApocalypse/Prefabs/Characters/SM_Chr_Zombie_Male_01.prefab
  artifactKey: Guid(b87cb604b959698428935c5d56bd97c0) Importer(815301076,1909f56bfc062723c751e8b465ee728b)
Start importing Assets/Visual/3D Models/PolygonApocalypse/Prefabs/Characters/SM_Chr_Zombie_Male_01.prefab using Guid(b87cb604b959698428935c5d56bd97c0) Importer(815301076,1909f56bfc062723c751e8b465ee728b)  -> (artifact id: '4d0f0145de893bb9e357f75af50b9372') in 0.123941 seconds
Number of updated asset objects reloaded before import = 0
Number of asset objects unloaded after import = 240
========================================================================
Received Prepare
Refreshing native plugins compatible for Editor in 7.97 ms, found 3 plugins.
Preloading 0 native plugins for Editor in 0.00 ms.
Unloading 121 Unused Serialized files (Serialized files now loaded: 0)
Unloading 121 unused Assets / (10.1 MB). Loaded Objects now: 6269.
Memory consumption went from 145.2 MB to 135.1 MB.
Total: 12.266600 ms (FindLiveObjects: 0.728500 ms CreateObjectMapping: 0.288800 ms MarkObjects: 6.178300 ms  DeleteObjects: 5.069300 ms)

Prepare: number of updated asset objects reloaded= 0
AssetImportParameters requested are different than current active one (requested -> active):
  custom:container-demuxer-ogg: 62fdf1f143b41e24485cea50d1cbac27 -> 
  custom:video-codec-MediaFoundation-h265: 746d11721c4dcdbdad8f713fa42b33f4 -> 
  custom:video-decoder-ogg-theora: a1e56fd34408186e4bbccfd4996cb3dc -> 
  custom:framework-win-MediaFoundation: 216162199b28c13a410421893ffa2e32 -> 
  custom:CustomObjectIndexerAttribute: d54d2f2da18e7612c182cf67624b6b12 -> 
  custom:container-demuxer-webm: 4f35f7cbe854078d1ac9338744f61a02 -> 
  custom:container-muxer-webm: aa71ff27fc2769a1b78a27578f13a17b -> 
  custom:video-decoder-webm-vp8: 9c59270c3fd7afecdb556c50c9e8de78 -> 
  custom:SearchIndexIgnoredProperties: e643bd26f0fe6173181afceb89e7c659 -> 
  custom:AudioImporter_EditorPlatform: d09bf68614088b80899f8185d706f6e7 -> 
  custom:video-encoder-webm-vp8: eb34c28f22e8b96e1ab97ce403110664 -> 
  custom:audio-decoder-ogg-vorbis: bf7c407c2cedff20999df2af8eb42d56 -> 
  custom:audio-encoder-webm-vorbis: bf7c407c2cedff20999df2af8eb42d56 -> 
========================================================================
Received Prepare
Begin MonoManager ReloadAssembly
Symbol file LoadedFromMemory is not a mono symbol file
- Loaded All Assemblies, in  0.661 seconds
Refreshing native plugins compatible for Editor in 6.51 ms, found 3 plugins.
Native extension for WindowsStandalone target not found
Native extension for Android target not found
Error saving file Library/StateCache/LayerSettings/9e/9ecc5c3c162a7aba29bafa64c8b94b7c.json. Error: System.IO.IOException: Sharing violation on path C:\Users\dimpr\Documents\GitHub\Emit-the-Cycle-Story\Library\StateCache\LayerSettings\9e\9ecc5c3c162a7aba29bafa64c8b94b7c.json
  at System.IO.FileStream..ctor (System.String path, System.IO.FileMode mode, System.IO.FileAccess access, System.IO.FileShare share, System.Int32 bufferSize, System.Boolean anonymous, System.IO.FileOptions options) [0x0019e] in <834b2ded5dad441e8c7a4287897d63c7>:0 
  at System.IO.FileStream..ctor (System.String path, System.IO.FileMode mode, System.IO.FileAccess access, System.IO.FileShare share, System.Int32 bufferSize, System.IO.FileOptions options) [0x00000] in <834b2ded5dad441e8c7a4287897d63c7>:0 
  at (wrapper remoting-invoke-with-check) System.IO.FileStream..ctor(string,System.IO.FileMode,System.IO.FileAccess,System.IO.FileShare,int,System.IO.FileOptions)
  at System.IO.StreamWriter..ctor (System.String path, System.Boolean append, System.Text.Encoding encoding, System.Int32 bufferSize) [0x00055] in <834b2ded5dad441e8c7a4287897d63c7>:0 
  at System.IO.StreamWriter..ctor (System.String path, System.Boolean append, System.Text.Encoding encoding) [0x00000] in <834b2ded5dad441e8c7a4287897d63c7>:0 
  at (wrapper remoting-invoke-with-check) System.IO.StreamWriter..ctor(string,bool,System.Text.Encoding)
  at System.IO.File.WriteAllText (System.String path, System.String contents, System.Text.Encoding encoding) [0x00034] in <834b2ded5dad441e8c7a4287897d63c7>:0 
  at UnityEditor.StateCache`1[T].SetState (UnityEngine.Hash128 key, T obj) [0x0004b] in <9920ff0c944845d7b9f9a61ef1478edc>:0 
UnityEngine.StackTraceUtility:ExtractStackTrace ()
UnityEngine.DebugLogHandler:LogFormat (UnityEngine.LogType,UnityEngine.Object,string,object[])
UnityEngine.Logger:Log (UnityEngine.LogType,object)
UnityEngine.Debug:LogError (object)
UnityEditor.StateCache`1<UnityEditor.Tools/LayerSettings>:SetState (UnityEngine.Hash128,UnityEditor.Tools/LayerSettings)
UnityEditor.Tools:set_lockedLayers (int)
UnityEditor.Tools:OnEnable ()
UnityEngine.ScriptableObject:CreateInstance (System.Type)
UnityEngine.ScriptableObject:CreateInstance<UnityEditor.Tools> ()
UnityEditor.Tools:get_get ()
UnityEditor.Tools:get_visibleLayers ()
UnityEditor.Animations.Rigging.BoneRendererUtils:.cctor () (at ./Library/PackageCache/com.unity.animation.rigging@1.2.1/Editor/Utils/BoneRendererUtils.cs:121)
System.Runtime.CompilerServices.RuntimeHelpers:RunClassConstructor (System.RuntimeTypeHandle)
UnityEditor.EditorAssemblies:ProcessInitializeOnLoadAttributes (System.Type[])

(Filename: ./Library/PackageCache/com.unity.animation.rigging@1.2.1/Editor/Utils/BoneRendererUtils.cs Line: 121)

[MODES] ModeService[none].Initialize
[MODES] ModeService[none].LoadModes
[MODES] Loading mode Default (0) for mode-current-id-EM
[Package Manager] Server::EnsureServerProcessIsRunning -- launch failed, reason: Unity was launched with the -noUpm command-line argument
[Package Manager] UpmClient::Send -- Unable to send message (not connected to UPM process).
[Package Manager] Cannot connect to Unity Package Manager local server
Mono: successfully reloaded assembly
- Finished resetting the current domain, in  2.040 seconds
Domain Reload Profiling: 2696ms
	BeginReloadAssembly (188ms)
		ExecutionOrderSort (0ms)
		DisableScriptedObjects (5ms)
		BackupInstance (0ms)
		ReleaseScriptingObjects (0ms)
		CreateAndSetChildDomain (48ms)
	RebuildCommonClasses (39ms)
	RebuildNativeTypeToScriptingClass (13ms)
	initialDomainReloadingComplete (44ms)
	LoadAllAssembliesAndSetupDomain (373ms)
		LoadAssemblies (436ms)
		RebuildTransferFunctionScriptingTraits (0ms)
		AnalyzeDomain (33ms)
			TypeCache.Refresh (9ms)
				TypeCache.ScanAssembly (0ms)
			ScanForSourceGeneratedMonoScriptInfo (0ms)
			ResolveRequiredComponents (22ms)
	FinalizeReload (2041ms)
		ReleaseScriptCaches (0ms)
		RebuildScriptCaches (0ms)
		SetupLoadedEditorAssemblies (926ms)
			LogAssemblyErrors (0ms)
			InitializePlatformSupportModulesInManaged (34ms)
			SetLoadedEditorAssemblies (5ms)
			RefreshPlugins (0ms)
			BeforeProcessingInitializeOnLoad (125ms)
			ProcessInitializeOnLoadAttributes (657ms)
			ProcessInitializeOnLoadMethodAttributes (94ms)
			AfterProcessingInitializeOnLoad (11ms)
			EditorAssembliesLoaded (0ms)
		ExecutionOrderSort2 (0ms)
		AwakeInstancesAfterBackupRestoration (10ms)
Refreshing native plugins compatible for Editor in 9.52 ms, found 3 plugins.
Preloading 0 native plugins for Editor in 0.00 ms.
Unloading 5868 Unused Serialized files (Serialized files now loaded: 0)
Unloading 163 unused Assets / (10.2 MB). Loaded Objects now: 6284.
Memory consumption went from 238.4 MB to 228.3 MB.
Total: 14.214600 ms (FindLiveObjects: 0.481100 ms CreateObjectMapping: 0.424600 ms MarkObjects: 5.409600 ms  DeleteObjects: 7.897700 ms)

Prepare: number of updated asset objects reloaded= 0
AssetImportParameters requested are different than current active one (requested -> active):
  custom:container-demuxer-ogg: 62fdf1f143b41e24485cea50d1cbac27 -> 
  custom:video-codec-MediaFoundation-h265: 746d11721c4dcdbdad8f713fa42b33f4 -> 
  custom:video-decoder-ogg-theora: a1e56fd34408186e4bbccfd4996cb3dc -> 
  custom:framework-win-MediaFoundation: 216162199b28c13a410421893ffa2e32 -> 
  custom:CustomObjectIndexerAttribute: d54d2f2da18e7612c182cf67624b6b12 -> 
  custom:container-demuxer-webm: 4f35f7cbe854078d1ac9338744f61a02 -> 
  custom:container-muxer-webm: aa71ff27fc2769a1b78a27578f13a17b -> 
  custom:video-decoder-webm-vp8: 9c59270c3fd7afecdb556c50c9e8de78 -> 
  custom:SearchIndexIgnoredProperties: e643bd26f0fe6173181afceb89e7c659 -> 
  custom:AudioImporter_EditorPlatform: d09bf68614088b80899f8185d706f6e7 -> 
  custom:video-encoder-webm-vp8: eb34c28f22e8b96e1ab97ce403110664 -> 
  custom:audio-decoder-ogg-vorbis: bf7c407c2cedff20999df2af8eb42d56 -> 
  custom:audio-encoder-webm-vorbis: bf7c407c2cedff20999df2af8eb42d56 -> 
========================================================================
Received Import Request.
  Time since last request: 1126.099864 seconds.
  path: Assets/Visual/3D Models/PolygonApocalypse/Prefabs/Props/SM_Prop_Target_01.prefab
  artifactKey: Guid(5fe2677ad5b95d349aa164b1a58bf0a3) Importer(815301076,1909f56bfc062723c751e8b465ee728b)
Start importing Assets/Visual/3D Models/PolygonApocalypse/Prefabs/Props/SM_Prop_Target_01.prefab using Guid(5fe2677ad5b95d349aa164b1a58bf0a3) Importer(815301076,1909f56bfc062723c751e8b465ee728b)  -> (artifact id: '63bbaa21cc83ad19a46cd47ffbb2fdbe') in 0.175215 seconds
Number of updated asset objects reloaded before import = 0
Number of asset objects unloaded after import = 13
========================================================================
Received Import Request.
  Time since last request: 0.000031 seconds.
  path: Assets/Visual/3D Models/PolygonApocalypse/Models/Convex/SM_Prop_Target_02_Convex.asset
  artifactKey: Guid(92463461b8d1da844b441ae5679693f5) Importer(815301076,1909f56bfc062723c751e8b465ee728b)
Start importing Assets/Visual/3D Models/PolygonApocalypse/Models/Convex/SM_Prop_Target_02_Convex.asset using Guid(92463461b8d1da844b441ae5679693f5) Importer(815301076,1909f56bfc062723c751e8b465ee728b)  -> (artifact id: '06e0c4e5e5352a11c66b756f607a895d') in 0.023395 seconds
Number of updated asset objects reloaded before import = 0
Number of asset objects unloaded after import = 3
========================================================================
Received Import Request.
  Time since last request: 0.000024 seconds.
  path: Assets/Visual/3D Models/PolygonApocalypse/Models/Convex/SM_Prop_Target_01_Convex.asset
  artifactKey: Guid(59a3049b2408a144380032f9641c69cb) Importer(815301076,1909f56bfc062723c751e8b465ee728b)
Start importing Assets/Visual/3D Models/PolygonApocalypse/Models/Convex/SM_Prop_Target_01_Convex.asset using Guid(59a3049b2408a144380032f9641c69cb) Importer(815301076,1909f56bfc062723c751e8b465ee728b)  -> (artifact id: '95397e5ae0f3ec9794d325795039b265') in 0.008214 seconds
Number of updated asset objects reloaded before import = 0
Number of asset objects unloaded after import = 3
========================================================================
Received Import Request.
  Time since last request: 13.754122 seconds.
  path: Assets/Visual/Animation/Universal_Traversal_Anims/Art/Animations/In_Place_Versions/AnimSeq_Traversal_Ladder_Climb_Down_Start.FBX
  artifactKey: Guid(04b07415a40c7544483e76668f8fe3e0) Importer(815301076,1909f56bfc062723c751e8b465ee728b)
Start importing Assets/Visual/Animation/Universal_Traversal_Anims/Art/Animations/In_Place_Versions/AnimSeq_Traversal_Ladder_Climb_Down_Start.FBX using Guid(04b07415a40c7544483e76668f8fe3e0) Importer(815301076,1909f56bfc062723c751e8b465ee728b)  -> (artifact id: '5a74ba3669d74ce5a552f13e779da733') in 0.007530 seconds
Number of updated asset objects reloaded before import = 0
Number of asset objects unloaded after import = 141
========================================================================
Received Import Request.
  Time since last request: 0.000017 seconds.
  path: Assets/Visual/Animation/Universal_Traversal_Anims/Art/Animations/In_Place_Versions/AnimSeq_Traversal_LedgeWalk_Left_Start_Crouched.FBX
  artifactKey: Guid(8323d47b63f72db47b3e8cba420e5775) Importer(815301076,1909f56bfc062723c751e8b465ee728b)
Start importing Assets/Visual/Animation/Universal_Traversal_Anims/Art/Animations/In_Place_Versions/AnimSeq_Traversal_LedgeWalk_Left_Start_Crouched.FBX using Guid(8323d47b63f72db47b3e8cba420e5775) Importer(815301076,1909f56bfc062723c751e8b465ee728b)  -> (artifact id: '98a33a4b9ebac3d2fdc8d5c57b3e93fb') in 0.007291 seconds
Number of updated asset objects reloaded before import = 0
Number of asset objects unloaded after import = 141
========================================================================
Received Import Request.
  Time since last request: 0.000016 seconds.
  path: Assets/Visual/Animation/Universal_Traversal_Anims/Art/Animations/In_Place_Versions/AnimSeq_Traversal_LedgeWalk_Left_Start.FBX
  artifactKey: Guid(0607046bd19740440bd3361dcc381e17) Importer(815301076,1909f56bfc062723c751e8b465ee728b)
Start importing Assets/Visual/Animation/Universal_Traversal_Anims/Art/Animations/In_Place_Versions/AnimSeq_Traversal_LedgeWalk_Left_Start.FBX using Guid(0607046bd19740440bd3361dcc381e17) Importer(815301076,1909f56bfc062723c751e8b465ee728b)  -> (artifact id: '480b072d095165f2f8177480f52029fd') in 0.007152 seconds
Number of updated asset objects reloaded before import = 0
Number of asset objects unloaded after import = 141
========================================================================
Received Import Request.
  Time since last request: 0.442720 seconds.
  path: Assets/Visual/Animation/Universal_Traversal_Anims/Art/Animations/In_Place_Versions/AnimSeq_Traversal_Slide_Floor_Standing_Loop.FBX
  artifactKey: Guid(dd65e355ec6c7ee469706f76b5ffc725) Importer(815301076,1909f56bfc062723c751e8b465ee728b)
Start importing Assets/Visual/Animation/Universal_Traversal_Anims/Art/Animations/In_Place_Versions/AnimSeq_Traversal_Slide_Floor_Standing_Loop.FBX using Guid(dd65e355ec6c7ee469706f76b5ffc725) Importer(815301076,1909f56bfc062723c751e8b465ee728b)  -> (artifact id: 'dc937df5823311734c50d57c0c8ee163') in 0.004914 seconds
Number of updated asset objects reloaded before import = 0
Number of asset objects unloaded after import = 141
========================================================================
Received Import Request.
  Time since last request: 0.000015 seconds.
  path: Assets/Visual/3D Models/PolygonApocalypse/Prefabs/Props/SM_Prop_Barrel_Stand_01.prefab
  artifactKey: Guid(b480e315f554bdb4facd605905624698) Importer(815301076,1909f56bfc062723c751e8b465ee728b)
Start importing Assets/Visual/3D Models/PolygonApocalypse/Prefabs/Props/SM_Prop_Barrel_Stand_01.prefab using Guid(b480e315f554bdb4facd605905624698) Importer(815301076,1909f56bfc062723c751e8b465ee728b)  -> (artifact id: '41ff4dce073d238af98b41bb3bdf3ab2') in 0.043000 seconds
Number of updated asset objects reloaded before import = 0
Number of asset objects unloaded after import = 13
========================================================================
Received Import Request.
  Time since last request: 0.000024 seconds.
  path: Assets/Visual/3D Models/PolygonApocalypse/Models/SM_Prop_Barrel_Stand_01.fbx
  artifactKey: Guid(441ca4edb52359146808a85d7234f47d) Importer(815301076,1909f56bfc062723c751e8b465ee728b)
Start importing Assets/Visual/3D Models/PolygonApocalypse/Models/SM_Prop_Barrel_Stand_01.fbx using Guid(441ca4edb52359146808a85d7234f47d) Importer(815301076,1909f56bfc062723c751e8b465ee728b)  -> (artifact id: '8c3d435b35fd2fea5612d93c5e4faa16') in 0.013397 seconds
Number of updated asset objects reloaded before import = 0
Number of asset objects unloaded after import = 7
========================================================================
Received Import Request.
  Time since last request: 0.000023 seconds.
  path: Assets/Visual/3D Models/PolygonApocalypse/Prefabs/Props/SM_Prop_HotdogStand_01.prefab
  artifactKey: Guid(3c971a4293a0da14a9af1a2751d141da) Importer(815301076,1909f56bfc062723c751e8b465ee728b)
Start importing Assets/Visual/3D Models/PolygonApocalypse/Prefabs/Props/SM_Prop_HotdogStand_01.prefab using Guid(3c971a4293a0da14a9af1a2751d141da) Importer(815301076,1909f56bfc062723c751e8b465ee728b)  -> (artifact id: '54cee249c26ba0b6378f07c72a2a8a1a') in 0.045963 seconds
Number of updated asset objects reloaded before import = 0
Number of asset objects unloaded after import = 13
========================================================================
Received Import Request.
  Time since last request: 15.426092 seconds.
  path: Assets/Visual/3D Models/PolygonSciFiSpace/Prefabs/Props/SM_Prop_Satellite_Stand_01.prefab
  artifactKey: Guid(babe5156c92575346826085bf2c40b83) Importer(815301076,1909f56bfc062723c751e8b465ee728b)
Start importing Assets/Visual/3D Models/PolygonSciFiSpace/Prefabs/Props/SM_Prop_Satellite_Stand_01.prefab using Guid(babe5156c92575346826085bf2c40b83) Importer(815301076,1909f56bfc062723c751e8b465ee728b)  -> (artifact id: 'ce95263b25fa55b8d9cf04529e4c859a') in 0.016944 seconds
Number of updated asset objects reloaded before import = 0
Number of asset objects unloaded after import = 32
========================================================================
Received Import Request.
  Time since last request: 0.000016 seconds.
  path: Assets/Visual/3D Models/PolygonApocalypse/Models/SM_Veh_Caravan_01.fbx
  artifactKey: Guid(0345801db4e8604479aceed383f9a315) Importer(815301076,1909f56bfc062723c751e8b465ee728b)
Start importing Assets/Visual/3D Models/PolygonApocalypse/Models/SM_Veh_Caravan_01.fbx using Guid(0345801db4e8604479aceed383f9a315) Importer(815301076,1909f56bfc062723c751e8b465ee728b)  -> (artifact id: '9f1f0d64b08eee8bbebb50dcb7fed1b3') in 0.067423 seconds
Number of updated asset objects reloaded before import = 0
Number of asset objects unloaded after import = 42
========================================================================
Received Import Request.
  Time since last request: 1228.167684 seconds.
  path: Assets/Code/Light/VolumetricLights-master/ProjectSettings/ClusterInputManager.asset
  artifactKey: Guid(fc2480a65f47eac4382d518e850415ce) Importer(815301076,1909f56bfc062723c751e8b465ee728b)
Start importing Assets/Code/Light/VolumetricLights-master/ProjectSettings/ClusterInputManager.asset using Guid(fc2480a65f47eac4382d518e850415ce) Importer(815301076,1909f56bfc062723c751e8b465ee728b)  -> (artifact id: 'ee58828d5a967cf1c276e0140a81e249') in 0.000992 seconds
Number of updated asset objects reloaded before import = 0
Number of asset objects unloaded after import = 0
========================================================================
Received Import Request.
  Time since last request: 0.000013 seconds.
  path: Assets/Code/Light/VolumetricLights-master/ProjectSettings/InputManager.asset
  artifactKey: Guid(879b6f98077dde94cb2ce4b3148b9005) Importer(815301076,1909f56bfc062723c751e8b465ee728b)
Start importing Assets/Code/Light/VolumetricLights-master/ProjectSettings/InputManager.asset using Guid(879b6f98077dde94cb2ce4b3148b9005) Importer(815301076,1909f56bfc062723c751e8b465ee728b)  -> (artifact id: '851768cef455566786f725fa4e6b571f') in 0.000822 seconds
Number of updated asset objects reloaded before import = 0
Number of asset objects unloaded after import = 0
========================================================================
Received Import Request.
  Time since last request: 0.000012 seconds.
  path: Assets/Visual/3D Models/PolygonApocalypse/Models/SM_Prop_Manhole_01.fbx
  artifactKey: Guid(2fa565371d802a34aa02571d549d583e) Importer(815301076,1909f56bfc062723c751e8b465ee728b)
Start importing Assets/Visual/3D Models/PolygonApocalypse/Models/SM_Prop_Manhole_01.fbx using Guid(2fa565371d802a34aa02571d549d583e) Importer(815301076,1909f56bfc062723c751e8b465ee728b)  -> (artifact id: '5dc8a4d77442eb1b862c16a25cbb9ab0') in 0.012081 seconds
Number of updated asset objects reloaded before import = 0
Number of asset objects unloaded after import = 7
========================================================================
Received Import Request.
  Time since last request: 0.000023 seconds.
  path: Assets/Visual/3D Models/PolygonApocalypse/Models/SM_Prop_Mannequin_Arm_01.fbx
  artifactKey: Guid(18c1e34532f3f76429f83aad1805ebdc) Importer(815301076,1909f56bfc062723c751e8b465ee728b)
Start importing Assets/Visual/3D Models/PolygonApocalypse/Models/SM_Prop_Mannequin_Arm_01.fbx using Guid(18c1e34532f3f76429f83aad1805ebdc) Importer(815301076,1909f56bfc062723c751e8b465ee728b)  -> (artifact id: '3e7ee8be87a2baa537c21ab8293f7263') in 0.014804 seconds
Number of updated asset objects reloaded before import = 0
Number of asset objects unloaded after import = 7
========================================================================
Received Import Request.
  Time since last request: 0.000025 seconds.
  path: Assets/Visual/3D Models/PolygonApocalypse/Models/SM_Prop_Mannequin_Base_02.fbx
  artifactKey: Guid(e191b53b561718948a048c7ef2bc36ab) Importer(815301076,1909f56bfc062723c751e8b465ee728b)
Start importing Assets/Visual/3D Models/PolygonApocalypse/Models/SM_Prop_Mannequin_Base_02.fbx using Guid(e191b53b561718948a048c7ef2bc36ab) Importer(815301076,1909f56bfc062723c751e8b465ee728b)  -> (artifact id: '765bb7cbb3e0f52f58fdc9b640435410') in 0.015428 seconds
Number of updated asset objects reloaded before import = 0
Number of asset objects unloaded after import = 8
========================================================================
Received Import Request.
  Time since last request: 0.000015 seconds.
  path: Assets/Visual/3D Models/PolygonApocalypse/Prefabs/Props/SM_Prop_Mannequin_Base_02.prefab
  artifactKey: Guid(36d0129199095df47a29bcb34e184a1c) Importer(815301076,1909f56bfc062723c751e8b465ee728b)
Start importing Assets/Visual/3D Models/PolygonApocalypse/Prefabs/Props/SM_Prop_Mannequin_Base_02.prefab using Guid(36d0129199095df47a29bcb34e184a1c) Importer(815301076,1909f56bfc062723c751e8b465ee728b)  -> (artifact id: '3e2e95ab26fab24fb6adf17cc88606c3') in 0.043103 seconds
Number of updated asset objects reloaded before import = 0
Number of asset objects unloaded after import = 13
========================================================================
Received Import Request.
  Time since last request: 0.000026 seconds.
  path: Assets/Visual/3D Models/PolygonApocalypse/Models/SM_Prop_Mannequin_Female_01.fbx
  artifactKey: Guid(9a80aa82012a1ed4dbbf4a89d5d25a00) Importer(815301076,1909f56bfc062723c751e8b465ee728b)
Start importing Assets/Visual/3D Models/PolygonApocalypse/Models/SM_Prop_Mannequin_Female_01.fbx using Guid(9a80aa82012a1ed4dbbf4a89d5d25a00) Importer(815301076,1909f56bfc062723c751e8b465ee728b)  -> (artifact id: 'e2bb4293af66d262dfb41130bfcb6ad1') in 0.013641 seconds
Number of updated asset objects reloaded before import = 0
Number of asset objects unloaded after import = 7
========================================================================
Received Import Request.
  Time since last request: 0.000025 seconds.
  path: Assets/Visual/3D Models/PolygonApocalypse/Models/SM_Prop_Manhole_Hole_01.fbx
  artifactKey: Guid(6cfe164e7658b7c4494e7a78b9588cfb) Importer(815301076,1909f56bfc062723c751e8b465ee728b)
Start importing Assets/Visual/3D Models/PolygonApocalypse/Models/SM_Prop_Manhole_Hole_01.fbx using Guid(6cfe164e7658b7c4494e7a78b9588cfb) Importer(815301076,1909f56bfc062723c751e8b465ee728b)  -> (artifact id: 'f5b4bb1686e11e9ff3900c5eca423319') in 0.015017 seconds
Number of updated asset objects reloaded before import = 0
Number of asset objects unloaded after import = 7
========================================================================
Received Import Request.
  Time since last request: 0.000022 seconds.
  path: Assets/Visual/3D Models/PolygonApocalypse/Models/Convex/SM_Prop_Mannequin_Base_01_Convex.asset
  artifactKey: Guid(1ead7bfc8a28f0f4c9b4a780d5d83fcf) Importer(815301076,1909f56bfc062723c751e8b465ee728b)
Start importing Assets/Visual/3D Models/PolygonApocalypse/Models/Convex/SM_Prop_Mannequin_Base_01_Convex.asset using Guid(1ead7bfc8a28f0f4c9b4a780d5d83fcf) Importer(815301076,1909f56bfc062723c751e8b465ee728b)  -> (artifact id: '31dbbc2a719cc851db01bb7487333d43') in 0.008589 seconds
Number of updated asset objects reloaded before import = 0
Number of asset objects unloaded after import = 3
========================================================================
Received Import Request.
  Time since last request: 0.000014 seconds.
  path: Assets/Visual/3D Models/PolygonApocalypse/Prefabs/Props/SM_Prop_Mannequin_Arm_01.prefab
  artifactKey: Guid(dd5fd0ea5ec408c459895cb4e4c0f40b) Importer(815301076,1909f56bfc062723c751e8b465ee728b)
Start importing Assets/Visual/3D Models/PolygonApocalypse/Prefabs/Props/SM_Prop_Mannequin_Arm_01.prefab using Guid(dd5fd0ea5ec408c459895cb4e4c0f40b) Importer(815301076,1909f56bfc062723c751e8b465ee728b)  -> (artifact id: 'ee222c51c68776e804d7f781179b4cc3') in 0.050411 seconds
Number of updated asset objects reloaded before import = 0
Number of asset objects unloaded after import = 13
========================================================================
Received Import Request.
  Time since last request: 0.000023 seconds.
  path: Assets/Visual/3D Models/PolygonApocalypse/Prefabs/Props/SM_Prop_Mannequin_Base_01.prefab
  artifactKey: Guid(2ab5b1708da4b8241ac5b03552aeca78) Importer(815301076,1909f56bfc062723c751e8b465ee728b)
Start importing Assets/Visual/3D Models/PolygonApocalypse/Prefabs/Props/SM_Prop_Mannequin_Base_01.prefab using Guid(2ab5b1708da4b8241ac5b03552aeca78) Importer(815301076,1909f56bfc062723c751e8b465ee728b)  -> (artifact id: '5b3fc868f7d718ed7556510ff0d0edaa') in 0.037232 seconds
Number of updated asset objects reloaded before import = 0
Number of asset objects unloaded after import = 13
========================================================================
Received Import Request.
  Time since last request: 35.047274 seconds.
  path: Assets/Visual/3D Models/PolygonApocalypse/Models/Convex/SM_Prop_Mannequin_Male_01_Convex.asset
  artifactKey: Guid(cf3ab14d8a8f54f4582610ca1592a8ad) Importer(815301076,1909f56bfc062723c751e8b465ee728b)
Start importing Assets/Visual/3D Models/PolygonApocalypse/Models/Convex/SM_Prop_Mannequin_Male_01_Convex.asset using Guid(cf3ab14d8a8f54f4582610ca1592a8ad) Importer(815301076,1909f56bfc062723c751e8b465ee728b)  -> (artifact id: '2bb4cb00d08f61b7b63267ce21dfd106') in 0.009956 seconds
Number of updated asset objects reloaded before import = 0
Number of asset objects unloaded after import = 3
========================================================================
Received Import Request.
  Time since last request: 2.096454 seconds.
  path: Assets/Visual/3D Models/PolygonApocalypse/Models/Convex/SM_Prop_Mannequin_Female_02_Convex.asset
  artifactKey: Guid(2a62247e9ce1dab448f8a03f97a0b646) Importer(815301076,1909f56bfc062723c751e8b465ee728b)
Start importing Assets/Visual/3D Models/PolygonApocalypse/Models/Convex/SM_Prop_Mannequin_Female_02_Convex.asset using Guid(2a62247e9ce1dab448f8a03f97a0b646) Importer(815301076,1909f56bfc062723c751e8b465ee728b)  -> (artifact id: 'fd87298e7e5ea1cbce94a4801be4372b') in 0.007926 seconds
Number of updated asset objects reloaded before import = 0
Number of asset objects unloaded after import = 3
========================================================================
Received Import Request.
  Time since last request: 0.000020 seconds.
  path: Assets/Visual/3D Models/PolygonApocalypse/Models/Convex/SM_Prop_Mannequin_Female_04_Convex.asset
  artifactKey: Guid(606a149d0852173458d78f36f70b72b6) Importer(815301076,1909f56bfc062723c751e8b465ee728b)
Start importing Assets/Visual/3D Models/PolygonApocalypse/Models/Convex/SM_Prop_Mannequin_Female_04_Convex.asset using Guid(606a149d0852173458d78f36f70b72b6) Importer(815301076,1909f56bfc062723c751e8b465ee728b)  -> (artifact id: 'f54b721530c29d9a82db20562b58fe6f') in 0.010886 seconds
Number of updated asset objects reloaded before import = 0
Number of asset objects unloaded after import = 3
========================================================================
Received Import Request.
  Time since last request: 0.000023 seconds.
  path: Assets/Visual/3D Models/PolygonApocalypse/Models/SM_Prop_Mannequin_Female_04.fbx
  artifactKey: Guid(a17f42b86373291429215b507029f959) Importer(815301076,1909f56bfc062723c751e8b465ee728b)
Start importing Assets/Visual/3D Models/PolygonApocalypse/Models/SM_Prop_Mannequin_Female_04.fbx using Guid(a17f42b86373291429215b507029f959) Importer(815301076,1909f56bfc062723c751e8b465ee728b)  -> (artifact id: '455f85e4f77bd046f6885c3f0243ba06') in 0.021846 seconds
Number of updated asset objects reloaded before import = 0
Number of asset objects unloaded after import = 7
========================================================================
Received Import Request.
  Time since last request: 0.000030 seconds.
  path: Assets/Visual/3D Models/PolygonApocalypse/Prefabs/Props/SM_Prop_Mannequin_Female_05.prefab
  artifactKey: Guid(471a8a2be4d9d8b409307e51e4dd6637) Importer(815301076,1909f56bfc062723c751e8b465ee728b)
Start importing Assets/Visual/3D Models/PolygonApocalypse/Prefabs/Props/SM_Prop_Mannequin_Female_05.prefab using Guid(471a8a2be4d9d8b409307e51e4dd6637) Importer(815301076,1909f56bfc062723c751e8b465ee728b)  -> (artifact id: 'b678c620254b44e5ed69a3e8293aeb31') in 0.055880 seconds
Number of updated asset objects reloaded before import = 0
Number of asset objects unloaded after import = 13
========================================================================
Received Import Request.
  Time since last request: 0.000028 seconds.
  path: Assets/Visual/3D Models/PolygonApocalypse/Models/Convex/SM_Prop_Mannequin_Female_03_Convex.asset
  artifactKey: Guid(475f3a99d0dfdfd47bcdd7cae762a193) Importer(815301076,1909f56bfc062723c751e8b465ee728b)
Start importing Assets/Visual/3D Models/PolygonApocalypse/Models/Convex/SM_Prop_Mannequin_Female_03_Convex.asset using Guid(475f3a99d0dfdfd47bcdd7cae762a193) Importer(815301076,1909f56bfc062723c751e8b465ee728b)  -> (artifact id: '5002b59d086485ea72a320840531dae2') in 0.009578 seconds
Number of updated asset objects reloaded before import = 0
Number of asset objects unloaded after import = 3
========================================================================
Received Import Request.
  Time since last request: 9.191503 seconds.
  path: Assets/Visual/3D Models/PolygonApocalypse/Prefabs/Props/SM_Prop_Mannequin_Female_06.prefab
  artifactKey: Guid(defdf48a7facd0446bdbd80ae16ab687) Importer(815301076,1909f56bfc062723c751e8b465ee728b)
Start importing Assets/Visual/3D Models/PolygonApocalypse/Prefabs/Props/SM_Prop_Mannequin_Female_06.prefab using Guid(defdf48a7facd0446bdbd80ae16ab687) Importer(815301076,1909f56bfc062723c751e8b465ee728b)  -> (artifact id: '329958a36959aa0fcea43ed04abe0bda') in 0.048806 seconds
Number of updated asset objects reloaded before import = 0
Number of asset objects unloaded after import = 13
========================================================================
Received Import Request.
  Time since last request: 0.000627 seconds.
  path: Assets/Visual/3D Models/PolygonApocalypse/Models/Convex/SM_Prop_Mannequin_Head_01_Convex.asset
  artifactKey: Guid(779f58b419401e244abae42769ec0031) Importer(815301076,1909f56bfc062723c751e8b465ee728b)
Start importing Assets/Visual/3D Models/PolygonApocalypse/Models/Convex/SM_Prop_Mannequin_Head_01_Convex.asset using Guid(779f58b419401e244abae42769ec0031) Importer(815301076,1909f56bfc062723c751e8b465ee728b)  -> (artifact id: 'f20044bedb1e0dfa2dac177110fcc3ff') in 0.008359 seconds
Number of updated asset objects reloaded before import = 0
Number of asset objects unloaded after import = 3
========================================================================
Received Import Request.
  Time since last request: 0.012827 seconds.
  path: Assets/Visual/3D Models/PolygonApocalypse/Prefabs/Props/SM_Prop_Mannequin_Male_02.prefab
  artifactKey: Guid(836606865d8771f4ba85fd8bb0c727a2) Importer(815301076,1909f56bfc062723c751e8b465ee728b)
Start importing Assets/Visual/3D Models/PolygonApocalypse/Prefabs/Props/SM_Prop_Mannequin_Male_02.prefab using Guid(836606865d8771f4ba85fd8bb0c727a2) Importer(815301076,1909f56bfc062723c751e8b465ee728b)  -> (artifact id: '4a95089a188981fd430cd000c9d10c9f') in 0.057563 seconds
Number of updated asset objects reloaded before import = 0
Number of asset objects unloaded after import = 13
========================================================================
Received Import Request.
  Time since last request: 24.563450 seconds.
  path: Assets/Visual/3D Models/PolygonApocalypse/Models/SM_Prop_Mannequin_Male_04.fbx
  artifactKey: Guid(b79f082d47abb304e9a3217918fa4b6b) Importer(815301076,1909f56bfc062723c751e8b465ee728b)
Start importing Assets/Visual/3D Models/PolygonApocalypse/Models/SM_Prop_Mannequin_Male_04.fbx using Guid(b79f082d47abb304e9a3217918fa4b6b) Importer(815301076,1909f56bfc062723c751e8b465ee728b)  -> (artifact id: '0a1020908acbe1c577ef2e018df31edf') in 0.011761 seconds
Number of updated asset objects reloaded before import = 0
Number of asset objects unloaded after import = 7
========================================================================
Received Import Request.
  Time since last request: 0.000019 seconds.
  path: Assets/Visual/3D Models/PolygonApocalypse/Models/Convex/SM_Prop_Mannequin_Male_04_Convex.asset
  artifactKey: Guid(204bd90ee6c2a674e8e35e7a53cced0a) Importer(815301076,1909f56bfc062723c751e8b465ee728b)
Start importing Assets/Visual/3D Models/PolygonApocalypse/Models/Convex/SM_Prop_Mannequin_Male_04_Convex.asset using Guid(204bd90ee6c2a674e8e35e7a53cced0a) Importer(815301076,1909f56bfc062723c751e8b465ee728b)  -> (artifact id: '852bff3a0040e90f6e55ac37e40add78') in 0.007902 seconds
Number of updated asset objects reloaded before import = 0
Number of asset objects unloaded after import = 3
========================================================================
Received Import Request.
  Time since last request: 1.457143 seconds.
  path: Assets/Visual/3D Models/PolygonApocalypse/Models/SM_Prop_Mannequin_Male_06.fbx
  artifactKey: Guid(3abbbc6c14a98ad49a30e076b1fe1b6f) Importer(815301076,1909f56bfc062723c751e8b465ee728b)
Start importing Assets/Visual/3D Models/PolygonApocalypse/Models/SM_Prop_Mannequin_Male_06.fbx using Guid(3abbbc6c14a98ad49a30e076b1fe1b6f) Importer(815301076,1909f56bfc062723c751e8b465ee728b)  -> (artifact id: '1e5c910089dec41dec67041eb00ed210') in 0.012754 seconds
Number of updated asset objects reloaded before import = 0
Number of asset objects unloaded after import = 7
========================================================================
Received Import Request.
  Time since last request: 0.000020 seconds.
  path: Assets/Visual/3D Models/PolygonApocalypse/Prefabs/Props/SM_Prop_Mannequin_Male_06.prefab
  artifactKey: Guid(327f22a897caff148885c898f72949b6) Importer(815301076,1909f56bfc062723c751e8b465ee728b)
Start importing Assets/Visual/3D Models/PolygonApocalypse/Prefabs/Props/SM_Prop_Mannequin_Male_06.prefab using Guid(327f22a897caff148885c898f72949b6) Importer(815301076,1909f56bfc062723c751e8b465ee728b)  -> (artifact id: '7b30cb81df8f73d43b19831de585412b') in 0.037577 seconds
Number of updated asset objects reloaded before import = 0
Number of asset objects unloaded after import = 13
========================================================================
Received Import Request.
  Time since last request: 0.063860 seconds.
  path: Assets/Visual/3D Models/PolygonApocalypse/Models/Convex/SM_Prop_Mannequin_Torso_01_Convex.asset
  artifactKey: Guid(e52da318ad5deca48bf2535c1fbdaf21) Importer(815301076,1909f56bfc062723c751e8b465ee728b)
Start importing Assets/Visual/3D Models/PolygonApocalypse/Models/Convex/SM_Prop_Mannequin_Torso_01_Convex.asset using Guid(e52da318ad5deca48bf2535c1fbdaf21) Importer(815301076,1909f56bfc062723c751e8b465ee728b)  -> (artifact id: '1e0b0c57bb0c929b8a0fec94e5a3f5ab') in 0.007557 seconds
Number of updated asset objects reloaded before import = 0
Number of asset objects unloaded after import = 3
Editor requested this worker to shutdown with reason: Scaling down because of idle timeout
TcpMessagingSession - receive error: operation aborted. errorcode: 995, details: ќпераци€ ввода/вывода была прервана из-за завершени€ потока команд или по запросу приложени€.
AssetImportWorker is now disconnected from the server
Process exiting
Exiting without the bug reporter. Application will terminate with return code 0